[2020-02-26T14:00:58.916+0800][0.025s] Heap region size: 1M
[2020-02-26T14:00:59.224+0800][0.333s] Using G1
[2020-02-26T14:00:59.224+0800][0.333s] Heap address: 0x00000000e0000000, size: 512 MB, Compressed Oops mode: 32-bit
[2020-02-26T14:00:59.248+0800][0.356s] Periodic GC disabled
[2020-02-26T14:01:00.734+0800][1.843s] GC(0) Pause Young (Normal) (G1 Evacuation Pause)
[2020-02-26T14:01:00.734+0800][1.844s] GC(0) Using 4 workers of 4 for evacuation
[2020-02-26T14:01:00.738+0800][1.848s] GC(0)   Pre Evacuate Collection Set: 0.0ms
[2020-02-26T14:01:00.739+0800][1.848s] GC(0)   Evacuate Collection Set: 3.6ms
[2020-02-26T14:01:00.739+0800][1.848s] GC(0)   Post Evacuate Collection Set: 0.3ms
[2020-02-26T14:01:00.739+0800][1.848s] GC(0)   Other: 0.4ms
[2020-02-26T14:01:00.739+0800][1.848s] GC(0) Eden regions: 25->0(303)
[2020-02-26T14:01:00.739+0800][1.848s] GC(0) Survivor regions: 0->4(4)
[2020-02-26T14:01:00.739+0800][1.848s] GC(0) Old regions: 0->0
[2020-02-26T14:01:00.739+0800][1.848s] GC(0) Archive regions: 0->0
[2020-02-26T14:01:00.739+0800][1.848s] GC(0) Humongous regions: 0->0
[2020-02-26T14:01:00.739+0800][1.848s] GC(0) Metaspace: 5869K->5869K(1056768K)
[2020-02-26T14:01:00.739+0800][1.848s] GC(0) Pause Young (Normal) (G1 Evacuation Pause) 25M->3M(512M) 5.079ms
[2020-02-26T14:01:00.739+0800][1.848s] GC(0) User=0.06s Sys=0.00s Real=0.01s
[2020-02-26T14:01:03.655+0800][4.764s] GC(1) Pause Young (Concurrent Start) (Metadata GC Threshold)
[2020-02-26T14:01:03.655+0800][4.764s] GC(1) Using 4 workers of 4 for evacuation
[2020-02-26T14:01:03.680+0800][4.788s] GC(1)   Pre Evacuate Collection Set: 0.0ms
[2020-02-26T14:01:03.680+0800][4.788s] GC(1)   Evacuate Collection Set: 23.2ms
[2020-02-26T14:01:03.680+0800][4.788s] GC(1)   Post Evacuate Collection Set: 1.2ms
[2020-02-26T14:01:03.680+0800][4.789s] GC(1)   Other: 0.3ms
[2020-02-26T14:01:03.680+0800][4.789s] GC(1) Eden regions: 114->0(74)
[2020-02-26T14:01:03.680+0800][4.789s] GC(1) Survivor regions: 4->19(39)
[2020-02-26T14:01:03.680+0800][4.789s] GC(1) Old regions: 0->0
[2020-02-26T14:01:03.680+0800][4.789s] GC(1) Archive regions: 0->0
[2020-02-26T14:01:03.680+0800][4.789s] GC(1) Humongous regions: 4->4
[2020-02-26T14:01:03.680+0800][4.789s] GC(1) Metaspace: 20517K->20517K(1069056K)
[2020-02-26T14:01:03.680+0800][4.789s] GC(1) Pause Young (Concurrent Start) (Metadata GC Threshold) 121M->22M(512M) 25.067ms
[2020-02-26T14:01:03.680+0800][4.789s] GC(1) User=0.13s Sys=0.00s Real=0.03s
[2020-02-26T14:01:03.680+0800][4.789s] GC(2) Concurrent Cycle
[2020-02-26T14:01:03.680+0800][4.789s] GC(2) Concurrent Clear Claimed Marks
[2020-02-26T14:01:03.680+0800][4.789s] GC(2) Concurrent Clear Claimed Marks 0.041ms
[2020-02-26T14:01:03.680+0800][4.789s] GC(2) Concurrent Scan Root Regions
[2020-02-26T14:01:03.693+0800][4.802s] GC(2) Concurrent Scan Root Regions 12.625ms
[2020-02-26T14:01:03.693+0800][4.802s] GC(2) Concurrent Mark (4.802s)
[2020-02-26T14:01:03.693+0800][4.802s] GC(2) Concurrent Mark From Roots
[2020-02-26T14:01:03.693+0800][4.802s] GC(2) Using 1 workers of 1 for marking
[2020-02-26T14:01:03.697+0800][4.805s] GC(2) Concurrent Mark From Roots 3.602ms
[2020-02-26T14:01:03.697+0800][4.805s] GC(2) Concurrent Preclean
[2020-02-26T14:01:03.697+0800][4.805s] GC(2) Concurrent Preclean 0.094ms
[2020-02-26T14:01:03.697+0800][4.805s] GC(2) Concurrent Mark (4.802s, 4.805s) 3.796ms
[2020-02-26T14:01:03.697+0800][4.805s] GC(2) Pause Remark
[2020-02-26T14:01:03.698+0800][4.807s] GC(2) Cleaned string table, strings: 13307 processed, 0 removed
[2020-02-26T14:01:03.698+0800][4.807s] GC(2) Pause Remark 23M->23M(512M) 1.378ms
[2020-02-26T14:01:03.698+0800][4.807s] GC(2) User=0.00s Sys=0.00s Real=0.00s
[2020-02-26T14:01:03.698+0800][4.807s] GC(2) Concurrent Rebuild Remembered Sets
[2020-02-26T14:01:03.701+0800][4.809s] GC(2) Concurrent Rebuild Remembered Sets 2.374ms
[2020-02-26T14:01:03.701+0800][4.810s] GC(2) Pause Cleanup
[2020-02-26T14:01:03.701+0800][4.810s] GC(2) Pause Cleanup 23M->23M(512M) 0.126ms
[2020-02-26T14:01:03.701+0800][4.810s] GC(2) User=0.00s Sys=0.00s Real=0.00s
[2020-02-26T14:01:03.701+0800][4.810s] GC(2) Concurrent Cleanup for Next Mark
[2020-02-26T14:01:03.703+0800][4.811s] GC(2) Concurrent Cleanup for Next Mark 1.198ms
[2020-02-26T14:01:03.703+0800][4.811s] GC(2) Concurrent Cycle 22.401ms
[2020-02-26T14:01:09.633+0800][10.742s] GC(3) Pause Young (Normal) (G1 Evacuation Pause)
[2020-02-26T14:01:09.633+0800][10.742s] GC(3) Using 4 workers of 4 for evacuation
[2020-02-26T14:01:09.655+0800][10.765s] GC(3)   Pre Evacuate Collection Set: 0.0ms
[2020-02-26T14:01:09.656+0800][10.765s] GC(3)   Evacuate Collection Set: 21.4ms
[2020-02-26T14:01:09.656+0800][10.765s] GC(3)   Post Evacuate Collection Set: 0.6ms
[2020-02-26T14:01:09.656+0800][10.765s] GC(3)   Other: 0.2ms
[2020-02-26T14:01:09.656+0800][10.765s] GC(3) Eden regions: 67->0(103)
[2020-02-26T14:01:09.656+0800][10.765s] GC(3) Survivor regions: 19->4(11)
[2020-02-26T14:01:09.656+0800][10.765s] GC(3) Old regions: 0->19
[2020-02-26T14:01:09.656+0800][10.765s] GC(3) Archive regions: 0->0
[2020-02-26T14:01:09.656+0800][10.765s] GC(3) Humongous regions: 4->4
[2020-02-26T14:01:09.656+0800][10.765s] GC(3) Metaspace: 30251K->30251K(1077248K)
[2020-02-26T14:01:09.656+0800][10.765s] GC(3) Pause Young (Normal) (G1 Evacuation Pause) 89M->26M(512M) 22.495ms
[2020-02-26T14:01:09.656+0800][10.765s] GC(3) User=0.05s Sys=0.00s Real=0.02s
[2020-02-26T14:01:10.620+0800][11.729s] GC(4) Pause Young (Concurrent Start) (Metadata GC Threshold)
[2020-02-26T14:01:10.620+0800][11.729s] GC(4) Using 4 workers of 4 for evacuation
[2020-02-26T14:01:10.629+0800][11.738s] GC(4)   Pre Evacuate Collection Set: 0.1ms
[2020-02-26T14:01:10.629+0800][11.738s] GC(4)   Evacuate Collection Set: 8.0ms
[2020-02-26T14:01:10.629+0800][11.738s] GC(4)   Post Evacuate Collection Set: 0.5ms
[2020-02-26T14:01:10.629+0800][11.738s] GC(4)   Other: 0.3ms
[2020-02-26T14:01:10.629+0800][11.738s] GC(4) Eden regions: 95->0(103)
[2020-02-26T14:01:10.629+0800][11.738s] GC(4) Survivor regions: 4->11(14)
[2020-02-26T14:01:10.629+0800][11.738s] GC(4) Old regions: 19->19
[2020-02-26T14:01:10.629+0800][11.738s] GC(4) Archive regions: 0->0
[2020-02-26T14:01:10.629+0800][11.738s] GC(4) Humongous regions: 7->5
[2020-02-26T14:01:10.629+0800][11.738s] GC(4) Metaspace: 35040K->35040K(1081344K)
[2020-02-26T14:01:10.629+0800][11.738s] GC(4) Pause Young (Concurrent Start) (Metadata GC Threshold) 123M->33M(512M) 9.230ms
[2020-02-26T14:01:10.630+0800][11.738s] GC(4) User=0.06s Sys=0.00s Real=0.01s
[2020-02-26T14:01:10.630+0800][11.738s] GC(5) Concurrent Cycle
[2020-02-26T14:01:10.630+0800][11.738s] GC(5) Concurrent Clear Claimed Marks
[2020-02-26T14:01:10.630+0800][11.738s] GC(5) Concurrent Clear Claimed Marks 0.047ms
[2020-02-26T14:01:10.630+0800][11.738s] GC(5) Concurrent Scan Root Regions
[2020-02-26T14:01:10.636+0800][11.745s] GC(5) Concurrent Scan Root Regions 6.657ms
[2020-02-26T14:01:10.636+0800][11.745s] GC(5) Concurrent Mark (11.745s)
[2020-02-26T14:01:10.636+0800][11.745s] GC(5) Concurrent Mark From Roots
[2020-02-26T14:01:10.636+0800][11.745s] GC(5) Using 1 workers of 1 for marking
[2020-02-26T14:01:10.687+0800][11.796s] GC(5) Concurrent Mark From Roots 50.770ms
[2020-02-26T14:01:10.687+0800][11.796s] GC(5) Concurrent Preclean
[2020-02-26T14:01:10.687+0800][11.796s] GC(5) Concurrent Preclean 0.192ms
[2020-02-26T14:01:10.687+0800][11.796s] GC(5) Concurrent Mark (11.745s, 11.796s) 51.080ms
[2020-02-26T14:01:10.688+0800][11.796s] GC(5) Pause Remark
[2020-02-26T14:01:10.689+0800][11.798s] GC(5) Cleaned string table, strings: 20020 processed, 25 removed
[2020-02-26T14:01:10.689+0800][11.798s] GC(5) Pause Remark 36M->36M(512M) 1.815ms
[2020-02-26T14:01:10.689+0800][11.798s] GC(5) User=0.06s Sys=0.00s Real=0.00s
[2020-02-26T14:01:10.690+0800][11.798s] GC(5) Concurrent Rebuild Remembered Sets
[2020-02-26T14:01:10.715+0800][11.824s] GC(5) Concurrent Rebuild Remembered Sets 25.649ms
[2020-02-26T14:01:10.715+0800][11.824s] GC(5) Pause Cleanup
[2020-02-26T14:01:10.715+0800][11.824s] GC(5) Pause Cleanup 37M->37M(512M) 0.137ms
[2020-02-26T14:01:10.716+0800][11.824s] GC(5) User=0.00s Sys=0.00s Real=0.00s
[2020-02-26T14:01:10.716+0800][11.824s] GC(5) Concurrent Cleanup for Next Mark
[2020-02-26T14:01:10.717+0800][11.825s] GC(5) Concurrent Cleanup for Next Mark 1.039ms
[2020-02-26T14:01:10.717+0800][11.825s] GC(5) Concurrent Cycle 87.188ms
[2020-02-26T14:01:11.088+0800][12.197s] GC(6) Pause Young (Normal) (G1 Evacuation Pause)
[2020-02-26T14:01:11.088+0800][12.197s] GC(6) Using 4 workers of 4 for evacuation
[2020-02-26T14:01:11.103+0800][12.213s] GC(6)   Pre Evacuate Collection Set: 0.0ms
[2020-02-26T14:01:11.103+0800][12.213s] GC(6)   Evacuate Collection Set: 14.8ms
[2020-02-26T14:01:11.103+0800][12.213s] GC(6)   Post Evacuate Collection Set: 0.4ms
[2020-02-26T14:01:11.104+0800][12.213s] GC(6)   Other: 0.2ms
[2020-02-26T14:01:11.104+0800][12.213s] GC(6) Eden regions: 103->0(160)
[2020-02-26T14:01:11.104+0800][12.213s] GC(6) Survivor regions: 11->10(15)
[2020-02-26T14:01:11.104+0800][12.213s] GC(6) Old regions: 19->22
[2020-02-26T14:01:11.104+0800][12.213s] GC(6) Archive regions: 0->0
[2020-02-26T14:01:11.104+0800][12.213s] GC(6) Humongous regions: 5->5
[2020-02-26T14:01:11.104+0800][12.213s] GC(6) Metaspace: 36684K->36684K(1083392K)
[2020-02-26T14:01:11.104+0800][12.213s] GC(6) Pause Young (Normal) (G1 Evacuation Pause) 136M->36M(512M) 15.683ms
[2020-02-26T14:01:11.104+0800][12.213s] GC(6) User=0.06s Sys=0.00s Real=0.02s
[2020-02-26T14:01:11.376+0800][12.485s] GC(7) Pause Young (Normal) (G1 Evacuation Pause)
[2020-02-26T14:01:11.376+0800][12.485s] GC(7) Using 4 workers of 4 for evacuation
[2020-02-26T14:01:11.383+0800][12.492s] GC(7)   Pre Evacuate Collection Set: 0.0ms
[2020-02-26T14:01:11.383+0800][12.492s] GC(7)   Evacuate Collection Set: 7.0ms
[2020-02-26T14:01:11.383+0800][12.492s] GC(7)   Post Evacuate Collection Set: 0.4ms
[2020-02-26T14:01:11.383+0800][12.492s] GC(7)   Other: 0.2ms
[2020-02-26T14:01:11.383+0800][12.492s] GC(7) Eden regions: 160->0(227)
[2020-02-26T14:01:11.383+0800][12.492s] GC(7) Survivor regions: 10->11(22)
[2020-02-26T14:01:11.383+0800][12.492s] GC(7) Old regions: 22->22
[2020-02-26T14:01:11.383+0800][12.492s] GC(7) Archive regions: 0->0
[2020-02-26T14:01:11.383+0800][12.492s] GC(7) Humongous regions: 5->5
[2020-02-26T14:01:11.383+0800][12.492s] GC(7) Metaspace: 38071K->38071K(1083392K)
[2020-02-26T14:01:11.383+0800][12.492s] GC(7) Pause Young (Normal) (G1 Evacuation Pause) 196M->37M(512M) 7.682ms
[2020-02-26T14:01:11.383+0800][12.492s] GC(7) User=0.00s Sys=0.00s Real=0.01s
[2020-02-26T14:01:13.206+0800][14.315s] GC(8) Pause Young (Normal) (G1 Evacuation Pause)
[2020-02-26T14:01:13.206+0800][14.315s] GC(8) Using 4 workers of 4 for evacuation
[2020-02-26T14:01:13.213+0800][14.323s] GC(8)   Pre Evacuate Collection Set: 0.0ms
[2020-02-26T14:01:13.213+0800][14.323s] GC(8)   Evacuate Collection Set: 6.6ms
[2020-02-26T14:01:13.214+0800][14.323s] GC(8)   Post Evacuate Collection Set: 0.6ms
[2020-02-26T14:01:13.214+0800][14.323s] GC(8)   Other: 0.2ms
[2020-02-26T14:01:13.214+0800][14.323s] GC(8) Eden regions: 227->0(297)
[2020-02-26T14:01:13.214+0800][14.323s] GC(8) Survivor regions: 11->10(30)
[2020-02-26T14:01:13.214+0800][14.323s] GC(8) Old regions: 22->22
[2020-02-26T14:01:13.214+0800][14.323s] GC(8) Archive regions: 0->0
[2020-02-26T14:01:13.214+0800][14.323s] GC(8) Humongous regions: 5->5
[2020-02-26T14:01:13.214+0800][14.323s] GC(8) Metaspace: 41340K->41340K(1087488K)
[2020-02-26T14:01:13.214+0800][14.323s] GC(8) Pause Young (Normal) (G1 Evacuation Pause) 264M->36M(512M) 7.682ms
[2020-02-26T14:01:13.214+0800][14.323s] GC(8) User=0.00s Sys=0.00s Real=0.01s
[2020-02-26T14:01:13.518+0800][14.627s] GC(9) Pause Young (Normal) (G1 Evacuation Pause)
[2020-02-26T14:01:13.518+0800][14.627s] GC(9) Using 4 workers of 4 for evacuation
[2020-02-26T14:01:13.526+0800][14.635s] GC(9)   Pre Evacuate Collection Set: 0.0ms
[2020-02-26T14:01:13.526+0800][14.635s] GC(9)   Evacuate Collection Set: 7.3ms
[2020-02-26T14:01:13.526+0800][14.635s] GC(9)   Post Evacuate Collection Set: 0.5ms
[2020-02-26T14:01:13.526+0800][14.635s] GC(9)   Other: 0.3ms
[2020-02-26T14:01:13.526+0800][14.635s] GC(9) Eden regions: 297->0(295)
[2020-02-26T14:01:13.526+0800][14.635s] GC(9) Survivor regions: 10->12(39)
[2020-02-26T14:01:13.526+0800][14.635s] GC(9) Old regions: 22->22
[2020-02-26T14:01:13.526+0800][14.635s] GC(9) Archive regions: 0->0
[2020-02-26T14:01:13.526+0800][14.635s] GC(9) Humongous regions: 5->5
[2020-02-26T14:01:13.526+0800][14.635s] GC(9) Metaspace: 41410K->41410K(1087488K)
[2020-02-26T14:01:13.526+0800][14.635s] GC(9) Pause Young (Normal) (G1 Evacuation Pause) 333M->37M(512M) 8.434ms
[2020-02-26T14:01:13.526+0800][14.635s] GC(9) User=0.00s Sys=0.00s Real=0.01s
[2020-02-26T14:01:28.068+0800][29.176s] GC(10) Pause Young (Normal) (G1 Evacuation Pause)
[2020-02-26T14:01:28.068+0800][29.176s] GC(10) Using 4 workers of 4 for evacuation
[2020-02-26T14:01:28.084+0800][29.193s] GC(10)   Pre Evacuate Collection Set: 0.0ms
[2020-02-26T14:01:28.084+0800][29.193s] GC(10)   Evacuate Collection Set: 15.3ms
[2020-02-26T14:01:28.084+0800][29.193s] GC(10)   Post Evacuate Collection Set: 0.7ms
[2020-02-26T14:01:28.084+0800][29.193s] GC(10)   Other: 0.3ms
[2020-02-26T14:01:28.084+0800][29.193s] GC(10) Eden regions: 295->0(287)
[2020-02-26T14:01:28.084+0800][29.193s] GC(10) Survivor regions: 12->20(39)
[2020-02-26T14:01:28.084+0800][29.193s] GC(10) Old regions: 22->22
[2020-02-26T14:01:28.084+0800][29.193s] GC(10) Archive regions: 0->0
[2020-02-26T14:01:28.084+0800][29.193s] GC(10) Humongous regions: 8->8
[2020-02-26T14:01:28.084+0800][29.193s] GC(10) Metaspace: 49794K->49794K(1093632K)
[2020-02-26T14:01:28.084+0800][29.193s] GC(10) Pause Young (Normal) (G1 Evacuation Pause) 335M->49M(512M) 16.660ms
[2020-02-26T14:01:28.084+0800][29.193s] GC(10) User=0.06s Sys=0.00s Real=0.02s
[2020-02-26T14:01:30.579+0800][31.688s] GC(11) Pause Young (Normal) (G1 Evacuation Pause)
[2020-02-26T14:01:30.579+0800][31.688s] GC(11) Using 4 workers of 4 for evacuation
[2020-02-26T14:01:30.598+0800][31.707s] GC(11)   Pre Evacuate Collection Set: 0.0ms
[2020-02-26T14:01:30.598+0800][31.707s] GC(11)   Evacuate Collection Set: 18.2ms
[2020-02-26T14:01:30.598+0800][31.707s] GC(11)   Post Evacuate Collection Set: 0.5ms
[2020-02-26T14:01:30.598+0800][31.708s] GC(11)   Other: 0.3ms
[2020-02-26T14:01:30.598+0800][31.708s] GC(11) Eden regions: 287->0(286)
[2020-02-26T14:01:30.598+0800][31.708s] GC(11) Survivor regions: 20->21(39)
[2020-02-26T14:01:30.598+0800][31.708s] GC(11) Old regions: 22->22
[2020-02-26T14:01:30.598+0800][31.708s] GC(11) Archive regions: 0->0
[2020-02-26T14:01:30.598+0800][31.708s] GC(11) Humongous regions: 8->8
[2020-02-26T14:01:30.598+0800][31.708s] GC(11) Metaspace: 49875K->49875K(1093632K)
[2020-02-26T14:01:30.598+0800][31.708s] GC(11) Pause Young (Normal) (G1 Evacuation Pause) 336M->50M(512M) 19.332ms
[2020-02-26T14:01:30.599+0800][31.708s] GC(11) User=0.06s Sys=0.00s Real=0.02s
