[2020-04-24T02:39:39.392+0800][0.031s] Heap region size: 1M
[2020-04-24T02:39:39.625+0800][0.262s] Using G1
[2020-04-24T02:39:39.625+0800][0.262s] Heap address: 0x00000000e0000000, size: 512 MB, Compressed Oops mode: 32-bit
[2020-04-24T02:39:39.660+0800][0.297s] Periodic GC disabled
[2020-04-24T02:39:42.466+0800][3.103s] GC(0) Pause Young (Normal) (G1 Evacuation Pause)
[2020-04-24T02:39:42.466+0800][3.104s] GC(0) Using 4 workers of 4 for evacuation
[2020-04-24T02:39:42.481+0800][3.119s] GC(0)   Pre Evacuate Collection Set: 0.0ms
[2020-04-24T02:39:42.482+0800][3.119s] GC(0)   Evacuate Collection Set: 14.5ms
[2020-04-24T02:39:42.482+0800][3.119s] GC(0)   Post Evacuate Collection Set: 0.4ms
[2020-04-24T02:39:42.482+0800][3.119s] GC(0)   Other: 0.4ms
[2020-04-24T02:39:42.482+0800][3.119s] GC(0) Eden regions: 25->0(304)
[2020-04-24T02:39:42.482+0800][3.119s] GC(0) Survivor regions: 0->3(4)
[2020-04-24T02:39:42.482+0800][3.119s] GC(0) Old regions: 0->0
[2020-04-24T02:39:42.482+0800][3.119s] GC(0) Archive regions: 0->0
[2020-04-24T02:39:42.482+0800][3.120s] GC(0) Humongous regions: 0->0
[2020-04-24T02:39:42.482+0800][3.120s] GC(0) Metaspace: 5399K->5399K(1056768K)
[2020-04-24T02:39:42.482+0800][3.120s] GC(0) Pause Young (Normal) (G1 Evacuation Pause) 25M->2M(512M) 16.138ms
[2020-04-24T02:39:42.482+0800][3.120s] GC(0) User=0.03s Sys=0.00s Real=0.02s
[2020-04-24T02:39:47.408+0800][8.046s] GC(1) Pause Young (Concurrent Start) (Metadata GC Threshold)
[2020-04-24T02:39:47.408+0800][8.046s] GC(1) Using 4 workers of 4 for evacuation
[2020-04-24T02:39:47.432+0800][8.070s] GC(1)   Pre Evacuate Collection Set: 0.0ms
[2020-04-24T02:39:47.432+0800][8.070s] GC(1)   Evacuate Collection Set: 22.1ms
[2020-04-24T02:39:47.432+0800][8.070s] GC(1)   Post Evacuate Collection Set: 1.3ms
[2020-04-24T02:39:47.432+0800][8.070s] GC(1)   Other: 0.3ms
[2020-04-24T02:39:47.432+0800][8.070s] GC(1) Eden regions: 124->0(82)
[2020-04-24T02:39:47.432+0800][8.070s] GC(1) Survivor regions: 3->19(39)
[2020-04-24T02:39:47.432+0800][8.070s] GC(1) Old regions: 0->0
[2020-04-24T02:39:47.433+0800][8.070s] GC(1) Archive regions: 0->0
[2020-04-24T02:39:47.433+0800][8.070s] GC(1) Humongous regions: 4->4
[2020-04-24T02:39:47.433+0800][8.070s] GC(1) Metaspace: 20735K->20735K(1069056K)
[2020-04-24T02:39:47.433+0800][8.070s] GC(1) Pause Young (Concurrent Start) (Metadata GC Threshold) 130M->22M(512M) 24.071ms
[2020-04-24T02:39:47.433+0800][8.070s] GC(1) User=0.02s Sys=0.00s Real=0.03s
[2020-04-24T02:39:47.433+0800][8.071s] GC(2) Concurrent Cycle
[2020-04-24T02:39:47.433+0800][8.071s] GC(2) Concurrent Clear Claimed Marks
[2020-04-24T02:39:47.433+0800][8.071s] GC(2) Concurrent Clear Claimed Marks 0.047ms
[2020-04-24T02:39:47.433+0800][8.071s] GC(2) Concurrent Scan Root Regions
[2020-04-24T02:39:47.446+0800][8.083s] GC(2) Concurrent Scan Root Regions 12.804ms
[2020-04-24T02:39:47.446+0800][8.084s] GC(2) Concurrent Mark (8.084s)
[2020-04-24T02:39:47.446+0800][8.084s] GC(2) Concurrent Mark From Roots
[2020-04-24T02:39:47.446+0800][8.084s] GC(2) Using 1 workers of 1 for marking
[2020-04-24T02:39:47.449+0800][8.087s] GC(2) Concurrent Mark From Roots 3.291ms
[2020-04-24T02:39:47.449+0800][8.087s] GC(2) Concurrent Preclean
[2020-04-24T02:39:47.449+0800][8.087s] GC(2) Concurrent Preclean 0.093ms
[2020-04-24T02:39:47.449+0800][8.087s] GC(2) Concurrent Mark (8.084s, 8.087s) 3.513ms
[2020-04-24T02:39:47.449+0800][8.087s] GC(2) Pause Remark
[2020-04-24T02:39:47.451+0800][8.088s] GC(2) Cleaned string table, strings: 13229 processed, 0 removed
[2020-04-24T02:39:47.451+0800][8.089s] GC(2) Pause Remark 23M->23M(512M) 1.605ms
[2020-04-24T02:39:47.451+0800][8.089s] GC(2) User=0.06s Sys=0.00s Real=0.00s
[2020-04-24T02:39:47.451+0800][8.089s] GC(2) Concurrent Rebuild Remembered Sets
[2020-04-24T02:39:47.453+0800][8.091s] GC(2) Concurrent Rebuild Remembered Sets 2.389ms
[2020-04-24T02:39:47.454+0800][8.092s] GC(2) Pause Cleanup
[2020-04-24T02:39:47.454+0800][8.092s] GC(2) Pause Cleanup 23M->23M(512M) 0.164ms
[2020-04-24T02:39:47.454+0800][8.092s] GC(2) User=0.00s Sys=0.00s Real=0.00s
[2020-04-24T02:39:47.454+0800][8.092s] GC(2) Concurrent Cleanup for Next Mark
[2020-04-24T02:39:47.455+0800][8.093s] GC(2) Concurrent Cleanup for Next Mark 1.135ms
[2020-04-24T02:39:47.455+0800][8.093s] GC(2) Concurrent Cycle 22.791ms
[2020-04-24T02:39:48.732+0800][9.370s] GC(3) Pause Young (Normal) (G1 Evacuation Pause)
[2020-04-24T02:39:48.732+0800][9.370s] GC(3) Using 4 workers of 4 for evacuation
[2020-04-24T02:39:48.753+0800][9.391s] GC(3)   Pre Evacuate Collection Set: 0.0ms
[2020-04-24T02:39:48.754+0800][9.391s] GC(3)   Evacuate Collection Set: 20.3ms
[2020-04-24T02:39:48.754+0800][9.391s] GC(3)   Post Evacuate Collection Set: 0.6ms
[2020-04-24T02:39:48.754+0800][9.391s] GC(3)   Other: 0.3ms
[2020-04-24T02:39:48.754+0800][9.391s] GC(3) Eden regions: 76->0(110)
[2020-04-24T02:39:48.754+0800][9.391s] GC(3) Survivor regions: 19->6(12)
[2020-04-24T02:39:48.754+0800][9.391s] GC(3) Old regions: 0->19
[2020-04-24T02:39:48.754+0800][9.391s] GC(3) Archive regions: 0->0
[2020-04-24T02:39:48.754+0800][9.391s] GC(3) Humongous regions: 4->4
[2020-04-24T02:39:48.754+0800][9.391s] GC(3) Metaspace: 30301K->30301K(1077248K)
[2020-04-24T02:39:48.754+0800][9.391s] GC(3) Pause Young (Normal) (G1 Evacuation Pause) 98M->27M(512M) 21.583ms
[2020-04-24T02:39:48.754+0800][9.391s] GC(3) User=0.13s Sys=0.00s Real=0.02s
[2020-04-24T02:39:49.465+0800][10.103s] GC(4) Pause Young (Normal) (G1 Evacuation Pause)
[2020-04-24T02:39:49.465+0800][10.103s] GC(4) Using 4 workers of 4 for evacuation
[2020-04-24T02:39:49.477+0800][10.115s] GC(4)   Pre Evacuate Collection Set: 0.0ms
[2020-04-24T02:39:49.477+0800][10.115s] GC(4)   Evacuate Collection Set: 11.5ms
[2020-04-24T02:39:49.477+0800][10.115s] GC(4)   Post Evacuate Collection Set: 0.3ms
[2020-04-24T02:39:49.477+0800][10.115s] GC(4)   Other: 0.2ms
[2020-04-24T02:39:49.477+0800][10.115s] GC(4) Eden regions: 110->0(137)
[2020-04-24T02:39:49.477+0800][10.115s] GC(4) Survivor regions: 6->7(15)
[2020-04-24T02:39:49.477+0800][10.115s] GC(4) Old regions: 19->19
[2020-04-24T02:39:49.477+0800][10.115s] GC(4) Archive regions: 0->0
[2020-04-24T02:39:49.477+0800][10.115s] GC(4) Humongous regions: 4->4
[2020-04-24T02:39:49.477+0800][10.115s] GC(4) Metaspace: 31750K->31750K(1077248K)
[2020-04-24T02:39:49.477+0800][10.115s] GC(4) Pause Young (Normal) (G1 Evacuation Pause) 137M->29M(512M) 12.434ms
[2020-04-24T02:39:49.477+0800][10.115s] GC(4) User=0.06s Sys=0.00s Real=0.01s
[2020-04-24T02:39:49.986+0800][10.623s] GC(5) Pause Young (Normal) (G1 Evacuation Pause)
[2020-04-24T02:39:49.986+0800][10.624s] GC(5) Using 4 workers of 4 for evacuation
[2020-04-24T02:39:49.994+0800][10.632s] GC(5)   Pre Evacuate Collection Set: 0.0ms
[2020-04-24T02:39:49.994+0800][10.632s] GC(5)   Evacuate Collection Set: 7.5ms
[2020-04-24T02:39:49.994+0800][10.632s] GC(5)   Post Evacuate Collection Set: 0.3ms
[2020-04-24T02:39:49.994+0800][10.632s] GC(5)   Other: 0.2ms
[2020-04-24T02:39:49.994+0800][10.632s] GC(5) Eden regions: 137->0(157)
[2020-04-24T02:39:49.994+0800][10.632s] GC(5) Survivor regions: 7->9(18)
[2020-04-24T02:39:49.994+0800][10.632s] GC(5) Old regions: 19->19
[2020-04-24T02:39:49.994+0800][10.632s] GC(5) Archive regions: 0->0
[2020-04-24T02:39:49.994+0800][10.632s] GC(5) Humongous regions: 4->4
[2020-04-24T02:39:49.994+0800][10.632s] GC(5) Metaspace: 33751K->33751K(1079296K)
[2020-04-24T02:39:49.994+0800][10.632s] GC(5) Pause Young (Normal) (G1 Evacuation Pause) 166M->30M(512M) 8.425ms
[2020-04-24T02:39:49.994+0800][10.632s] GC(5) User=0.00s Sys=0.00s Real=0.01s
[2020-04-24T02:39:50.211+0800][10.849s] GC(6) Pause Young (Normal) (G1 Evacuation Pause)
[2020-04-24T02:39:50.211+0800][10.849s] GC(6) Using 4 workers of 4 for evacuation
[2020-04-24T02:39:50.219+0800][10.856s] GC(6)   Pre Evacuate Collection Set: 0.0ms
[2020-04-24T02:39:50.219+0800][10.856s] GC(6)   Evacuate Collection Set: 6.7ms
[2020-04-24T02:39:50.219+0800][10.856s] GC(6)   Post Evacuate Collection Set: 0.4ms
[2020-04-24T02:39:50.219+0800][10.856s] GC(6)   Other: 0.2ms
[2020-04-24T02:39:50.219+0800][10.856s] GC(6) Eden regions: 157->0(297)
[2020-04-24T02:39:50.219+0800][10.856s] GC(6) Survivor regions: 9->10(21)
[2020-04-24T02:39:50.219+0800][10.856s] GC(6) Old regions: 19->19
[2020-04-24T02:39:50.219+0800][10.856s] GC(6) Archive regions: 0->0
[2020-04-24T02:39:50.219+0800][10.856s] GC(6) Humongous regions: 5->4
[2020-04-24T02:39:50.219+0800][10.857s] GC(6) Metaspace: 33949K->33949K(1079296K)
[2020-04-24T02:39:50.219+0800][10.857s] GC(6) Pause Young (Normal) (G1 Evacuation Pause) 188M->31M(512M) 7.667ms
[2020-04-24T02:39:50.219+0800][10.857s] GC(6) User=0.05s Sys=0.00s Real=0.01s
[2020-04-24T02:39:50.444+0800][11.081s] GC(7) Pause Young (Concurrent Start) (Metadata GC Threshold)
[2020-04-24T02:39:50.444+0800][11.081s] GC(7) Using 4 workers of 4 for evacuation
[2020-04-24T02:39:50.454+0800][11.091s] GC(7)   Pre Evacuate Collection Set: 0.1ms
[2020-04-24T02:39:50.454+0800][11.091s] GC(7)   Evacuate Collection Set: 9.3ms
[2020-04-24T02:39:50.454+0800][11.091s] GC(7)   Post Evacuate Collection Set: 0.4ms
[2020-04-24T02:39:50.454+0800][11.091s] GC(7)   Other: 0.3ms
[2020-04-24T02:39:50.454+0800][11.091s] GC(7) Eden regions: 146->0(298)
[2020-04-24T02:39:50.454+0800][11.091s] GC(7) Survivor regions: 10->9(39)
[2020-04-24T02:39:50.454+0800][11.091s] GC(7) Old regions: 19->19
[2020-04-24T02:39:50.454+0800][11.091s] GC(7) Archive regions: 0->0
[2020-04-24T02:39:50.454+0800][11.091s] GC(7) Humongous regions: 4->4
[2020-04-24T02:39:50.454+0800][11.091s] GC(7) Metaspace: 34907K->34907K(1081344K)
[2020-04-24T02:39:50.454+0800][11.091s] GC(7) Pause Young (Concurrent Start) (Metadata GC Threshold) 177M->31M(512M) 10.290ms
[2020-04-24T02:39:50.454+0800][11.092s] GC(7) User=0.06s Sys=0.00s Real=0.01s
[2020-04-24T02:39:50.454+0800][11.092s] GC(8) Concurrent Cycle
[2020-04-24T02:39:50.454+0800][11.092s] GC(8) Concurrent Clear Claimed Marks
[2020-04-24T02:39:50.454+0800][11.092s] GC(8) Concurrent Clear Claimed Marks 0.068ms
[2020-04-24T02:39:50.454+0800][11.092s] GC(8) Concurrent Scan Root Regions
[2020-04-24T02:39:50.463+0800][11.100s] GC(8) Concurrent Scan Root Regions 8.545ms
[2020-04-24T02:39:50.463+0800][11.100s] GC(8) Concurrent Mark (11.100s)
[2020-04-24T02:39:50.463+0800][11.100s] GC(8) Concurrent Mark From Roots
[2020-04-24T02:39:50.463+0800][11.100s] GC(8) Using 1 workers of 1 for marking
[2020-04-24T02:39:50.517+0800][11.155s] GC(8) Concurrent Mark From Roots 54.518ms
[2020-04-24T02:39:50.517+0800][11.155s] GC(8) Concurrent Preclean
[2020-04-24T02:39:50.517+0800][11.155s] GC(8) Concurrent Preclean 0.184ms
[2020-04-24T02:39:50.517+0800][11.155s] GC(8) Concurrent Mark (11.100s, 11.155s) 54.813ms
[2020-04-24T02:39:50.518+0800][11.155s] GC(8) Pause Remark
[2020-04-24T02:39:50.520+0800][11.157s] GC(8) Cleaned string table, strings: 20131 processed, 24 removed
[2020-04-24T02:39:50.520+0800][11.158s] GC(8) Pause Remark 36M->36M(512M) 2.386ms
[2020-04-24T02:39:50.520+0800][11.158s] GC(8) User=0.00s Sys=0.00s Real=0.00s
[2020-04-24T02:39:50.520+0800][11.158s] GC(8) Concurrent Rebuild Remembered Sets
[2020-04-24T02:39:50.543+0800][11.180s] GC(8) Concurrent Rebuild Remembered Sets 22.683ms
[2020-04-24T02:39:50.544+0800][11.181s] GC(8) Pause Cleanup
[2020-04-24T02:39:50.544+0800][11.181s] GC(8) Pause Cleanup 37M->37M(512M) 0.133ms
[2020-04-24T02:39:50.544+0800][11.181s] GC(8) User=0.00s Sys=0.00s Real=0.00s
[2020-04-24T02:39:50.544+0800][11.182s] GC(8) Concurrent Cleanup for Next Mark
[2020-04-24T02:39:50.545+0800][11.182s] GC(8) Concurrent Cleanup for Next Mark 0.846ms
[2020-04-24T02:39:50.545+0800][11.182s] GC(8) Concurrent Cycle 90.907ms
[2020-04-24T02:40:36.232+0800][56.870s] GC(9) Pause Young (Concurrent Start) (G1 Evacuation Pause)
[2020-04-24T02:40:36.232+0800][56.870s] GC(9) Using 4 workers of 4 for evacuation
[2020-04-24T02:40:36.270+0800][56.908s] GC(9)   Pre Evacuate Collection Set: 0.1ms
[2020-04-24T02:40:36.270+0800][56.908s] GC(9)   Evacuate Collection Set: 36.4ms
[2020-04-24T02:40:36.270+0800][56.908s] GC(9)   Post Evacuate Collection Set: 0.6ms
[2020-04-24T02:40:36.270+0800][56.908s] GC(9)   Other: 0.3ms
[2020-04-24T02:40:36.270+0800][56.908s] GC(9) Eden regions: 298->0(285)
[2020-04-24T02:40:36.270+0800][56.908s] GC(9) Survivor regions: 9->22(39)
[2020-04-24T02:40:36.270+0800][56.908s] GC(9) Old regions: 19->19
[2020-04-24T02:40:36.270+0800][56.908s] GC(9) Archive regions: 0->0
[2020-04-24T02:40:36.270+0800][56.908s] GC(9) Humongous regions: 4->4
[2020-04-24T02:40:36.270+0800][56.908s] GC(9) Metaspace: 46567K->46567K(1091584K)
[2020-04-24T02:40:36.270+0800][56.908s] GC(9) Pause Young (Concurrent Start) (G1 Evacuation Pause) 329M->44M(512M) 37.750ms
[2020-04-24T02:40:36.270+0800][56.908s] GC(9) User=0.13s Sys=0.00s Real=0.04s
[2020-04-24T02:40:36.270+0800][56.908s] GC(10) Concurrent Cycle
[2020-04-24T02:40:36.270+0800][56.908s] GC(10) Concurrent Clear Claimed Marks
[2020-04-24T02:40:36.270+0800][56.908s] GC(10) Concurrent Clear Claimed Marks 0.083ms
[2020-04-24T02:40:36.270+0800][56.908s] GC(10) Concurrent Scan Root Regions
[2020-04-24T02:40:36.292+0800][56.930s] GC(10) Concurrent Scan Root Regions 21.713ms
[2020-04-24T02:40:36.292+0800][56.930s] GC(10) Concurrent Mark (56.930s)
[2020-04-24T02:40:36.292+0800][56.930s] GC(10) Concurrent Mark From Roots
[2020-04-24T02:40:36.292+0800][56.930s] GC(10) Using 1 workers of 1 for marking
[2020-04-24T02:40:36.346+0800][56.983s] GC(10) Concurrent Mark From Roots 53.607ms
[2020-04-24T02:40:36.346+0800][56.984s] GC(10) Concurrent Preclean
[2020-04-24T02:40:36.346+0800][56.984s] GC(10) Concurrent Preclean 0.197ms
[2020-04-24T02:40:36.346+0800][56.984s] GC(10) Concurrent Mark (56.930s, 56.984s) 53.948ms
[2020-04-24T02:40:36.346+0800][56.984s] GC(10) Pause Remark
[2020-04-24T02:40:36.349+0800][56.987s] GC(10) Cleaned string table, strings: 27765 processed, 1 removed
[2020-04-24T02:40:36.350+0800][56.987s] GC(10) Pause Remark 59M->59M(512M) 3.355ms
[2020-04-24T02:40:36.350+0800][56.987s] GC(10) User=0.00s Sys=0.00s Real=0.00s
[2020-04-24T02:40:36.350+0800][56.987s] GC(10) Concurrent Rebuild Remembered Sets
[2020-04-24T02:40:36.375+0800][57.012s] GC(10) Concurrent Rebuild Remembered Sets 25.054ms
[2020-04-24T02:40:36.375+0800][57.013s] GC(10) Pause Cleanup
[2020-04-24T02:40:36.375+0800][57.013s] GC(10) Pause Cleanup 64M->64M(512M) 0.143ms
[2020-04-24T02:40:36.375+0800][57.013s] GC(10) User=0.00s Sys=0.00s Real=0.00s
[2020-04-24T02:40:36.375+0800][57.013s] GC(10) Concurrent Cleanup for Next Mark
[2020-04-24T02:40:36.377+0800][57.014s] GC(10) Concurrent Cleanup for Next Mark 1.254ms
[2020-04-24T02:40:36.377+0800][57.014s] GC(10) Concurrent Cycle 106.554ms
[2020-04-24T02:40:36.805+0800][57.443s] GC(11) Pause Young (Normal) (G1 Evacuation Pause)
[2020-04-24T02:40:36.806+0800][57.443s] GC(11) Using 4 workers of 4 for evacuation
[2020-04-24T02:40:36.826+0800][57.464s] GC(11)   Pre Evacuate Collection Set: 0.0ms
[2020-04-24T02:40:36.826+0800][57.464s] GC(11)   Evacuate Collection Set: 19.7ms
[2020-04-24T02:40:36.826+0800][57.464s] GC(11)   Post Evacuate Collection Set: 0.6ms
[2020-04-24T02:40:36.826+0800][57.464s] GC(11)   Other: 0.3ms
[2020-04-24T02:40:36.826+0800][57.464s] GC(11) Eden regions: 285->0(288)
[2020-04-24T02:40:36.826+0800][57.464s] GC(11) Survivor regions: 22->19(39)
[2020-04-24T02:40:36.826+0800][57.464s] GC(11) Old regions: 19->23
[2020-04-24T02:40:36.826+0800][57.464s] GC(11) Archive regions: 0->0
[2020-04-24T02:40:36.826+0800][57.464s] GC(11) Humongous regions: 4->4
[2020-04-24T02:40:36.826+0800][57.464s] GC(11) Metaspace: 46753K->46753K(1091584K)
[2020-04-24T02:40:36.826+0800][57.464s] GC(11) Pause Young (Normal) (G1 Evacuation Pause) 329M->45M(512M) 20.940ms
[2020-04-24T02:40:36.826+0800][57.464s] GC(11) User=0.05s Sys=0.00s Real=0.02s
[2020-04-24T02:40:37.132+0800][57.770s] GC(12) Pause Young (Normal) (G1 Evacuation Pause)
[2020-04-24T02:40:37.132+0800][57.770s] GC(12) Using 4 workers of 4 for evacuation
[2020-04-24T02:40:37.153+0800][57.790s] GC(12)   Pre Evacuate Collection Set: 0.0ms
[2020-04-24T02:40:37.153+0800][57.790s] GC(12)   Evacuate Collection Set: 19.8ms
[2020-04-24T02:40:37.153+0800][57.790s] GC(12)   Post Evacuate Collection Set: 0.5ms
[2020-04-24T02:40:37.153+0800][57.790s] GC(12)   Other: 0.2ms
[2020-04-24T02:40:37.153+0800][57.790s] GC(12) Eden regions: 288->0(287)
[2020-04-24T02:40:37.153+0800][57.790s] GC(12) Survivor regions: 19->20(39)
[2020-04-24T02:40:37.153+0800][57.790s] GC(12) Old regions: 23->23
[2020-04-24T02:40:37.153+0800][57.791s] GC(12) Archive regions: 0->0
[2020-04-24T02:40:37.153+0800][57.791s] GC(12) Humongous regions: 4->4
[2020-04-24T02:40:37.153+0800][57.791s] GC(12) Metaspace: 46763K->46763K(1091584K)
[2020-04-24T02:40:37.153+0800][57.791s] GC(12) Pause Young (Normal) (G1 Evacuation Pause) 333M->45M(512M) 20.955ms
[2020-04-24T02:40:37.153+0800][57.791s] GC(12) User=0.06s Sys=0.00s Real=0.02s
[2020-04-24T02:40:37.406+0800][58.043s] GC(13) Pause Young (Normal) (G1 Evacuation Pause)
[2020-04-24T02:40:37.406+0800][58.043s] GC(13) Using 4 workers of 4 for evacuation
[2020-04-24T02:40:37.422+0800][58.060s] GC(13)   Pre Evacuate Collection Set: 0.0ms
[2020-04-24T02:40:37.422+0800][58.060s] GC(13)   Evacuate Collection Set: 15.9ms
[2020-04-24T02:40:37.422+0800][58.060s] GC(13)   Post Evacuate Collection Set: 0.6ms
[2020-04-24T02:40:37.423+0800][58.060s] GC(13)   Other: 0.2ms
[2020-04-24T02:40:37.423+0800][58.060s] GC(13) Eden regions: 287->0(286)
[2020-04-24T02:40:37.423+0800][58.060s] GC(13) Survivor regions: 20->21(39)
[2020-04-24T02:40:37.423+0800][58.060s] GC(13) Old regions: 23->23
[2020-04-24T02:40:37.423+0800][58.060s] GC(13) Archive regions: 0->0
[2020-04-24T02:40:37.423+0800][58.060s] GC(13) Humongous regions: 4->4
[2020-04-24T02:40:37.423+0800][58.060s] GC(13) Metaspace: 46771K->46771K(1091584K)
[2020-04-24T02:40:37.423+0800][58.060s] GC(13) Pause Young (Normal) (G1 Evacuation Pause) 332M->46M(512M) 17.055ms
[2020-04-24T02:40:37.423+0800][58.060s] GC(13) User=0.06s Sys=0.00s Real=0.02s
[2020-04-24T03:03:45.608+0800][1446.246s] GC(14) Pause Young (Normal) (G1 Evacuation Pause)
[2020-04-24T03:03:45.608+0800][1446.246s] GC(14) Using 4 workers of 4 for evacuation
[2020-04-24T03:03:45.629+0800][1446.266s] GC(14)   Pre Evacuate Collection Set: 0.0ms
[2020-04-24T03:03:45.629+0800][1446.266s] GC(14)   Evacuate Collection Set: 19.4ms
[2020-04-24T03:03:45.629+0800][1446.266s] GC(14)   Post Evacuate Collection Set: 0.8ms
[2020-04-24T03:03:45.629+0800][1446.266s] GC(14)   Other: 0.3ms
[2020-04-24T03:03:45.629+0800][1446.266s] GC(14) Eden regions: 286->0(288)
[2020-04-24T03:03:45.629+0800][1446.266s] GC(14) Survivor regions: 21->19(39)
[2020-04-24T03:03:45.629+0800][1446.266s] GC(14) Old regions: 23->23
[2020-04-24T03:03:45.629+0800][1446.266s] GC(14) Archive regions: 0->0
[2020-04-24T03:03:45.629+0800][1446.266s] GC(14) Humongous regions: 8->7
[2020-04-24T03:03:45.629+0800][1446.266s] GC(14) Metaspace: 49538K->49538K(1093632K)
[2020-04-24T03:03:45.629+0800][1446.267s] GC(14) Pause Young (Normal) (G1 Evacuation Pause) 336M->47M(512M) 20.804ms
[2020-04-24T03:03:45.629+0800][1446.267s] GC(14) User=0.06s Sys=0.00s Real=0.02s
[2020-04-24T04:03:15.089+0800][5015.727s] Heap
[2020-04-24T04:03:15.089+0800][5015.727s]  garbage-first heap   total 524288K, used 122639K [0x00000000e0000000, 0x0000000100000000)
[2020-04-24T04:03:15.089+0800][5015.727s]   region size 1024K, 92 young (94208K), 19 survivors (19456K)
[2020-04-24T04:03:15.089+0800][5015.727s]  Metaspace       used 50546K, capacity 51566K, committed 51840K, reserved 1095680K
[2020-04-24T04:03:15.089+0800][5015.727s]   class space    used 5826K, capacity 6212K, committed 6272K, reserved 1048576K
