[2020-04-25T17:04:40.873+0800][0.029s] Heap region size: 1M
[2020-04-25T17:04:41.102+0800][0.258s] Using G1
[2020-04-25T17:04:41.102+0800][0.258s] Heap address: 0x00000000e0000000, size: 512 MB, Compressed Oops mode: 32-bit
[2020-04-25T17:04:41.126+0800][0.281s] Periodic GC disabled
[2020-04-25T17:04:42.842+0800][1.998s] GC(0) Pause Young (Normal) (G1 Evacuation Pause)
[2020-04-25T17:04:42.842+0800][1.998s] GC(0) Using 4 workers of 4 for evacuation
[2020-04-25T17:04:42.846+0800][2.002s] GC(0)   Pre Evacuate Collection Set: 0.0ms
[2020-04-25T17:04:42.846+0800][2.002s] GC(0)   Evacuate Collection Set: 3.6ms
[2020-04-25T17:04:42.846+0800][2.002s] GC(0)   Post Evacuate Collection Set: 0.3ms
[2020-04-25T17:04:42.846+0800][2.003s] GC(0)   Other: 0.4ms
[2020-04-25T17:04:42.857+0800][2.013s] GC(0) Eden regions: 25->0(304)
[2020-04-25T17:04:42.857+0800][2.013s] GC(0) Survivor regions: 0->3(4)
[2020-04-25T17:04:42.857+0800][2.013s] GC(0) Old regions: 0->0
[2020-04-25T17:04:42.857+0800][2.013s] GC(0) Archive regions: 0->0
[2020-04-25T17:04:42.857+0800][2.013s] GC(0) Humongous regions: 0->0
[2020-04-25T17:04:42.857+0800][2.013s] GC(0) Metaspace: 5393K->5393K(1056768K)
[2020-04-25T17:04:42.857+0800][2.014s] GC(0) Pause Young (Normal) (G1 Evacuation Pause) 25M->2M(512M) 15.447ms
[2020-04-25T17:04:42.857+0800][2.014s] GC(0) User=0.00s Sys=0.00s Real=0.02s
[2020-04-25T17:04:46.681+0800][5.837s] GC(1) Pause Young (Concurrent Start) (Metadata GC Threshold)
[2020-04-25T17:04:46.681+0800][5.837s] GC(1) Using 4 workers of 4 for evacuation
[2020-04-25T17:04:46.701+0800][5.857s] GC(1)   Pre Evacuate Collection Set: 0.0ms
[2020-04-25T17:04:46.701+0800][5.857s] GC(1)   Evacuate Collection Set: 18.2ms
[2020-04-25T17:04:46.701+0800][5.857s] GC(1)   Post Evacuate Collection Set: 1.2ms
[2020-04-25T17:04:46.701+0800][5.857s] GC(1)   Other: 0.3ms
[2020-04-25T17:04:46.701+0800][5.857s] GC(1) Eden regions: 120->0(77)
[2020-04-25T17:04:46.701+0800][5.857s] GC(1) Survivor regions: 3->19(39)
[2020-04-25T17:04:46.701+0800][5.857s] GC(1) Old regions: 0->0
[2020-04-25T17:04:46.701+0800][5.857s] GC(1) Archive regions: 0->0
[2020-04-25T17:04:46.701+0800][5.857s] GC(1) Humongous regions: 4->4
[2020-04-25T17:04:46.701+0800][5.857s] GC(1) Metaspace: 20599K->20599K(1069056K)
[2020-04-25T17:04:46.701+0800][5.857s] GC(1) Pause Young (Concurrent Start) (Metadata GC Threshold) 126M->22M(512M) 19.969ms
[2020-04-25T17:04:46.701+0800][5.857s] GC(1) User=0.08s Sys=0.00s Real=0.02s
[2020-04-25T17:04:46.701+0800][5.857s] GC(2) Concurrent Cycle
[2020-04-25T17:04:46.701+0800][5.857s] GC(2) Concurrent Clear Claimed Marks
[2020-04-25T17:04:46.701+0800][5.857s] GC(2) Concurrent Clear Claimed Marks 0.045ms
[2020-04-25T17:04:46.701+0800][5.857s] GC(2) Concurrent Scan Root Regions
[2020-04-25T17:04:46.713+0800][5.869s] GC(2) Concurrent Scan Root Regions 11.714ms
[2020-04-25T17:04:46.713+0800][5.869s] GC(2) Concurrent Mark (5.869s)
[2020-04-25T17:04:46.713+0800][5.869s] GC(2) Concurrent Mark From Roots
[2020-04-25T17:04:46.713+0800][5.869s] GC(2) Using 1 workers of 1 for marking
[2020-04-25T17:04:46.716+0800][5.872s] GC(2) Concurrent Mark From Roots 3.356ms
[2020-04-25T17:04:46.716+0800][5.872s] GC(2) Concurrent Preclean
[2020-04-25T17:04:46.716+0800][5.872s] GC(2) Concurrent Preclean 0.088ms
[2020-04-25T17:04:46.716+0800][5.872s] GC(2) Concurrent Mark (5.869s, 5.872s) 3.558ms
[2020-04-25T17:04:46.717+0800][5.873s] GC(2) Pause Remark
[2020-04-25T17:04:46.718+0800][5.874s] GC(2) Cleaned string table, strings: 13197 processed, 0 removed
[2020-04-25T17:04:46.718+0800][5.874s] GC(2) Pause Remark 23M->23M(512M) 1.381ms
[2020-04-25T17:04:46.718+0800][5.874s] GC(2) User=0.00s Sys=0.00s Real=0.00s
[2020-04-25T17:04:46.718+0800][5.874s] GC(2) Concurrent Rebuild Remembered Sets
[2020-04-25T17:04:46.720+0800][5.876s] GC(2) Concurrent Rebuild Remembered Sets 2.301ms
[2020-04-25T17:04:46.721+0800][5.877s] GC(2) Pause Cleanup
[2020-04-25T17:04:46.721+0800][5.877s] GC(2) Pause Cleanup 23M->23M(512M) 0.116ms
[2020-04-25T17:04:46.721+0800][5.877s] GC(2) User=0.00s Sys=0.00s Real=0.00s
[2020-04-25T17:04:46.721+0800][5.877s] GC(2) Concurrent Cleanup for Next Mark
[2020-04-25T17:04:46.722+0800][5.878s] GC(2) Concurrent Cleanup for Next Mark 0.936ms
[2020-04-25T17:04:46.722+0800][5.878s] GC(2) Concurrent Cycle 20.929ms
[2020-04-25T17:04:47.776+0800][6.932s] GC(3) Pause Young (Normal) (G1 Evacuation Pause)
[2020-04-25T17:04:47.776+0800][6.932s] GC(3) Using 4 workers of 4 for evacuation
[2020-04-25T17:04:47.797+0800][6.953s] GC(3)   Pre Evacuate Collection Set: 0.0ms
[2020-04-25T17:04:47.797+0800][6.953s] GC(3)   Evacuate Collection Set: 19.8ms
[2020-04-25T17:04:47.797+0800][6.953s] GC(3)   Post Evacuate Collection Set: 0.8ms
[2020-04-25T17:04:47.797+0800][6.953s] GC(3)   Other: 0.2ms
[2020-04-25T17:04:47.797+0800][6.953s] GC(3) Eden regions: 71->0(105)
[2020-04-25T17:04:47.797+0800][6.953s] GC(3) Survivor regions: 19->5(12)
[2020-04-25T17:04:47.797+0800][6.953s] GC(3) Old regions: 0->19
[2020-04-25T17:04:47.797+0800][6.953s] GC(3) Archive regions: 0->0
[2020-04-25T17:04:47.797+0800][6.953s] GC(3) Humongous regions: 4->4
[2020-04-25T17:04:47.797+0800][6.953s] GC(3) Metaspace: 29572K->29572K(1075200K)
[2020-04-25T17:04:47.797+0800][6.953s] GC(3) Pause Young (Normal) (G1 Evacuation Pause) 93M->26M(512M) 21.052ms
[2020-04-25T17:04:47.797+0800][6.953s] GC(3) User=0.13s Sys=0.00s Real=0.02s
[2020-04-25T17:04:48.409+0800][7.565s] GC(4) Pause Young (Normal) (G1 Evacuation Pause)
[2020-04-25T17:04:48.409+0800][7.565s] GC(4) Using 4 workers of 4 for evacuation
[2020-04-25T17:04:48.415+0800][7.571s] GC(4)   Pre Evacuate Collection Set: 0.0ms
[2020-04-25T17:04:48.415+0800][7.571s] GC(4)   Evacuate Collection Set: 5.3ms
[2020-04-25T17:04:48.415+0800][7.571s] GC(4)   Post Evacuate Collection Set: 0.3ms
[2020-04-25T17:04:48.415+0800][7.571s] GC(4)   Other: 0.2ms
[2020-04-25T17:04:48.415+0800][7.571s] GC(4) Eden regions: 105->0(134)
[2020-04-25T17:04:48.415+0800][7.571s] GC(4) Survivor regions: 5->5(14)
[2020-04-25T17:04:48.415+0800][7.571s] GC(4) Old regions: 19->19
[2020-04-25T17:04:48.415+0800][7.571s] GC(4) Archive regions: 0->0
[2020-04-25T17:04:48.415+0800][7.571s] GC(4) Humongous regions: 4->4
[2020-04-25T17:04:48.415+0800][7.571s] GC(4) Metaspace: 31299K->31299K(1077248K)
[2020-04-25T17:04:48.415+0800][7.571s] GC(4) Pause Young (Normal) (G1 Evacuation Pause) 131M->27M(512M) 6.165ms
[2020-04-25T17:04:48.415+0800][7.571s] GC(4) User=0.00s Sys=0.00s Real=0.01s
[2020-04-25T17:04:49.123+0800][8.280s] GC(5) Pause Young (Normal) (G1 Evacuation Pause)
[2020-04-25T17:04:49.123+0800][8.280s] GC(5) Using 4 workers of 4 for evacuation
[2020-04-25T17:04:49.133+0800][8.288s] GC(5)   Pre Evacuate Collection Set: 0.0ms
[2020-04-25T17:04:49.133+0800][8.288s] GC(5)   Evacuate Collection Set: 8.0ms
[2020-04-25T17:04:49.133+0800][8.288s] GC(5)   Post Evacuate Collection Set: 0.3ms
[2020-04-25T17:04:49.133+0800][8.288s] GC(5)   Other: 0.2ms
[2020-04-25T17:04:49.133+0800][8.288s] GC(5) Eden regions: 134->0(150)
[2020-04-25T17:04:49.133+0800][8.288s] GC(5) Survivor regions: 5->8(18)
[2020-04-25T17:04:49.133+0800][8.288s] GC(5) Old regions: 19->19
[2020-04-25T17:04:49.133+0800][8.288s] GC(5) Archive regions: 0->0
[2020-04-25T17:04:49.133+0800][8.288s] GC(5) Humongous regions: 4->4
[2020-04-25T17:04:49.133+0800][8.288s] GC(5) Metaspace: 33584K->33584K(1079296K)
[2020-04-25T17:04:49.133+0800][8.288s] GC(5) Pause Young (Normal) (G1 Evacuation Pause) 161M->29M(512M) 8.759ms
[2020-04-25T17:04:49.133+0800][8.288s] GC(5) User=0.00s Sys=0.00s Real=0.01s
[2020-04-25T17:04:49.292+0800][8.448s] GC(6) Pause Young (Normal) (G1 Evacuation Pause)
[2020-04-25T17:04:49.292+0800][8.448s] GC(6) Using 4 workers of 4 for evacuation
[2020-04-25T17:04:49.299+0800][8.455s] GC(6)   Pre Evacuate Collection Set: 0.0ms
[2020-04-25T17:04:49.299+0800][8.455s] GC(6)   Evacuate Collection Set: 6.8ms
[2020-04-25T17:04:49.299+0800][8.455s] GC(6)   Post Evacuate Collection Set: 0.4ms
[2020-04-25T17:04:49.299+0800][8.455s] GC(6)   Other: 0.3ms
[2020-04-25T17:04:49.299+0800][8.456s] GC(6) Eden regions: 150->0(298)
[2020-04-25T17:04:49.299+0800][8.456s] GC(6) Survivor regions: 8->9(20)
[2020-04-25T17:04:49.299+0800][8.456s] GC(6) Old regions: 19->19
[2020-04-25T17:04:49.299+0800][8.456s] GC(6) Archive regions: 0->0
[2020-04-25T17:04:49.299+0800][8.456s] GC(6) Humongous regions: 5->4
[2020-04-25T17:04:49.299+0800][8.456s] GC(6) Metaspace: 33815K->33815K(1079296K)
[2020-04-25T17:04:49.299+0800][8.456s] GC(6) Pause Young (Normal) (G1 Evacuation Pause) 180M->31M(512M) 7.890ms
[2020-04-25T17:04:49.300+0800][8.456s] GC(6) User=0.06s Sys=0.00s Real=0.01s
[2020-04-25T17:04:49.567+0800][8.723s] GC(7) Pause Young (Concurrent Start) (Metadata GC Threshold)
[2020-04-25T17:04:49.567+0800][8.723s] GC(7) Using 4 workers of 4 for evacuation
[2020-04-25T17:04:49.577+0800][8.733s] GC(7)   Pre Evacuate Collection Set: 0.0ms
[2020-04-25T17:04:49.577+0800][8.733s] GC(7)   Evacuate Collection Set: 8.9ms
[2020-04-25T17:04:49.577+0800][8.733s] GC(7)   Post Evacuate Collection Set: 0.3ms
[2020-04-25T17:04:49.577+0800][8.733s] GC(7)   Other: 0.2ms
[2020-04-25T17:04:49.577+0800][8.733s] GC(7) Eden regions: 174->0(220)
[2020-04-25T17:04:49.577+0800][8.733s] GC(7) Survivor regions: 9->10(39)
[2020-04-25T17:04:49.577+0800][8.733s] GC(7) Old regions: 19->19
[2020-04-25T17:04:49.577+0800][8.733s] GC(7) Archive regions: 0->0
[2020-04-25T17:04:49.577+0800][8.733s] GC(7) Humongous regions: 4->4
[2020-04-25T17:04:49.577+0800][8.733s] GC(7) Metaspace: 35057K->35057K(1081344K)
[2020-04-25T17:04:49.577+0800][8.733s] GC(7) Pause Young (Concurrent Start) (Metadata GC Threshold) 205M->31M(512M) 9.803ms
[2020-04-25T17:04:49.577+0800][8.733s] GC(7) User=0.06s Sys=0.00s Real=0.01s
[2020-04-25T17:04:49.577+0800][8.733s] GC(8) Concurrent Cycle
[2020-04-25T17:04:49.577+0800][8.733s] GC(8) Concurrent Clear Claimed Marks
[2020-04-25T17:04:49.577+0800][8.733s] GC(8) Concurrent Clear Claimed Marks 0.032ms
[2020-04-25T17:04:49.577+0800][8.733s] GC(8) Concurrent Scan Root Regions
[2020-04-25T17:04:49.586+0800][8.742s] GC(8) Concurrent Scan Root Regions 8.514ms
[2020-04-25T17:04:49.586+0800][8.742s] GC(8) Concurrent Mark (8.742s)
[2020-04-25T17:04:49.586+0800][8.742s] GC(8) Concurrent Mark From Roots
[2020-04-25T17:04:49.586+0800][8.742s] GC(8) Using 1 workers of 1 for marking
[2020-04-25T17:04:49.627+0800][8.783s] GC(8) Concurrent Mark From Roots 41.567ms
[2020-04-25T17:04:49.627+0800][8.783s] GC(8) Concurrent Preclean
[2020-04-25T17:04:49.627+0800][8.784s] GC(8) Concurrent Preclean 0.132ms
[2020-04-25T17:04:49.627+0800][8.784s] GC(8) Concurrent Mark (8.742s, 8.784s) 41.812ms
[2020-04-25T17:04:49.632+0800][8.788s] GC(8) Pause Remark
[2020-04-25T17:04:49.634+0800][8.790s] GC(8) Cleaned string table, strings: 19895 processed, 25 removed
[2020-04-25T17:04:49.634+0800][8.790s] GC(8) Pause Remark 34M->34M(512M) 2.492ms
[2020-04-25T17:04:49.634+0800][8.790s] GC(8) User=0.00s Sys=0.00s Real=0.00s
[2020-04-25T17:04:49.635+0800][8.791s] GC(8) Concurrent Rebuild Remembered Sets
[2020-04-25T17:04:49.656+0800][8.813s] GC(8) Concurrent Rebuild Remembered Sets 21.922ms
[2020-04-25T17:04:49.657+0800][8.813s] GC(8) Pause Cleanup
[2020-04-25T17:04:49.657+0800][8.813s] GC(8) Pause Cleanup 35M->35M(512M) 0.121ms
[2020-04-25T17:04:49.657+0800][8.813s] GC(8) User=0.00s Sys=0.00s Real=0.00s
[2020-04-25T17:04:49.657+0800][8.813s] GC(8) Concurrent Cleanup for Next Mark
[2020-04-25T17:04:49.658+0800][8.814s] GC(8) Concurrent Cleanup for Next Mark 0.972ms
[2020-04-25T17:04:49.658+0800][8.814s] GC(8) Concurrent Cycle 81.127ms
[2020-04-25T17:04:51.959+0800][11.115s] GC(9) Pause Young (Normal) (G1 Evacuation Pause)
[2020-04-25T17:04:51.959+0800][11.115s] GC(9) Using 4 workers of 4 for evacuation
[2020-04-25T17:04:51.979+0800][11.136s] GC(9)   Pre Evacuate Collection Set: 0.0ms
[2020-04-25T17:04:51.979+0800][11.136s] GC(9)   Evacuate Collection Set: 19.6ms
[2020-04-25T17:04:51.979+0800][11.136s] GC(9)   Post Evacuate Collection Set: 0.6ms
[2020-04-25T17:04:51.979+0800][11.136s] GC(9)   Other: 0.3ms
[2020-04-25T17:04:51.980+0800][11.136s] GC(9) Eden regions: 221->0(286)
[2020-04-25T17:04:51.980+0800][11.136s] GC(9) Survivor regions: 10->21(29)
[2020-04-25T17:04:51.980+0800][11.136s] GC(9) Old regions: 19->19
[2020-04-25T17:04:51.980+0800][11.136s] GC(9) Archive regions: 0->0
[2020-04-25T17:04:51.980+0800][11.136s] GC(9) Humongous regions: 4->4
[2020-04-25T17:04:51.980+0800][11.136s] GC(9) Metaspace: 41755K->41755K(1087488K)
[2020-04-25T17:04:51.980+0800][11.136s] GC(9) Pause Young (Normal) (G1 Evacuation Pause) 252M->42M(512M) 20.768ms
[2020-04-25T17:04:51.980+0800][11.136s] GC(9) User=0.06s Sys=0.00s Real=0.02s
[2020-04-25T17:05:18.073+0800][37.229s] GC(10) Pause Young (Normal) (G1 Evacuation Pause)
[2020-04-25T17:05:18.073+0800][37.229s] GC(10) Using 4 workers of 4 for evacuation
[2020-04-25T17:05:18.100+0800][37.256s] GC(10)   Pre Evacuate Collection Set: 0.0ms
[2020-04-25T17:05:18.100+0800][37.256s] GC(10)   Evacuate Collection Set: 25.9ms
[2020-04-25T17:05:18.100+0800][37.256s] GC(10)   Post Evacuate Collection Set: 0.9ms
[2020-04-25T17:05:18.100+0800][37.257s] GC(10)   Other: 0.3ms
[2020-04-25T17:05:18.100+0800][37.257s] GC(10) Eden regions: 286->0(277)
[2020-04-25T17:05:18.101+0800][37.257s] GC(10) Survivor regions: 21->30(39)
[2020-04-25T17:05:18.101+0800][37.257s] GC(10) Old regions: 19->19
[2020-04-25T17:05:18.101+0800][37.257s] GC(10) Archive regions: 0->0
[2020-04-25T17:05:18.101+0800][37.257s] GC(10) Humongous regions: 31->7
[2020-04-25T17:05:18.101+0800][37.257s] GC(10) Metaspace: 48588K->48588K(1093632K)
[2020-04-25T17:05:18.101+0800][37.257s] GC(10) Pause Young (Normal) (G1 Evacuation Pause) 355M->54M(512M) 27.425ms
[2020-04-25T17:05:18.101+0800][37.257s] GC(10) User=0.13s Sys=0.00s Real=0.03s
[2020-04-25T17:05:21.708+0800][40.865s] GC(11) Pause Young (Normal) (G1 Evacuation Pause)
[2020-04-25T17:05:21.708+0800][40.865s] GC(11) Using 4 workers of 4 for evacuation
[2020-04-25T17:05:21.738+0800][40.895s] GC(11)   Pre Evacuate Collection Set: 0.0ms
[2020-04-25T17:05:21.738+0800][40.895s] GC(11)   Evacuate Collection Set: 27.2ms
[2020-04-25T17:05:21.738+0800][40.895s] GC(11)   Post Evacuate Collection Set: 2.6ms
[2020-04-25T17:05:21.739+0800][40.895s] GC(11)   Other: 0.3ms
[2020-04-25T17:05:21.739+0800][40.895s] GC(11) Eden regions: 277->0(288)
[2020-04-25T17:05:21.739+0800][40.895s] GC(11) Survivor regions: 30->19(39)
[2020-04-25T17:05:21.739+0800][40.895s] GC(11) Old regions: 19->38
[2020-04-25T17:05:21.739+0800][40.895s] GC(11) Archive regions: 0->0
[2020-04-25T17:05:21.739+0800][40.895s] GC(11) Humongous regions: 79->7
[2020-04-25T17:05:21.739+0800][40.895s] GC(11) Metaspace: 49252K->49252K(1093632K)
[2020-04-25T17:05:21.739+0800][40.895s] GC(11) Pause Young (Normal) (G1 Evacuation Pause) 403M->63M(512M) 30.561ms
[2020-04-25T17:05:21.739+0800][40.895s] GC(11) User=0.13s Sys=0.00s Real=0.03s
[2020-04-25T17:05:24.702+0800][43.858s] GC(12) Pause Young (Normal) (G1 Evacuation Pause)
[2020-04-25T17:05:24.702+0800][43.858s] GC(12) Using 4 workers of 4 for evacuation
[2020-04-25T17:05:24.716+0800][43.872s] GC(12)   Pre Evacuate Collection Set: 0.1ms
[2020-04-25T17:05:24.716+0800][43.872s] GC(12)   Evacuate Collection Set: 12.7ms
[2020-04-25T17:05:24.716+0800][43.872s] GC(12)   Post Evacuate Collection Set: 0.8ms
[2020-04-25T17:05:24.716+0800][43.872s] GC(12)   Other: 0.3ms
[2020-04-25T17:05:24.716+0800][43.872s] GC(12) Eden regions: 288->0(279)
[2020-04-25T17:05:24.716+0800][43.872s] GC(12) Survivor regions: 19->28(39)
[2020-04-25T17:05:24.716+0800][43.872s] GC(12) Old regions: 38->38
[2020-04-25T17:05:24.716+0800][43.872s] GC(12) Archive regions: 0->0
[2020-04-25T17:05:24.716+0800][43.872s] GC(12) Humongous regions: 79->7
[2020-04-25T17:05:24.716+0800][43.872s] GC(12) Metaspace: 49321K->49321K(1093632K)
[2020-04-25T17:05:24.716+0800][43.873s] GC(12) Pause Young (Normal) (G1 Evacuation Pause) 423M->71M(512M) 14.254ms
[2020-04-25T17:05:24.716+0800][43.873s] GC(12) User=0.00s Sys=0.00s Real=0.01s
[2020-04-25T17:05:48.063+0800][67.219s] Heap
[2020-04-25T17:05:48.064+0800][67.219s]  garbage-first heap   total 524288K, used 282420K [0x00000000e0000000, 0x0000000100000000)
[2020-04-25T17:05:48.064+0800][67.219s]   region size 1024K, 185 young (189440K), 28 survivors (28672K)
[2020-04-25T17:05:48.064+0800][67.219s]  Metaspace       used 50622K, capacity 51697K, committed 51968K, reserved 1095680K
[2020-04-25T17:05:48.064+0800][67.219s]   class space    used 5823K, capacity 6277K, committed 6400K, reserved 1048576K
