[2020-04-25T17:12:03.754+0800][0.037s] Heap region size: 1M
[2020-04-25T17:12:04.001+0800][0.284s] Using G1
[2020-04-25T17:12:04.001+0800][0.284s] Heap address: 0x00000000e0000000, size: 512 MB, Compressed Oops mode: 32-bit
[2020-04-25T17:12:04.030+0800][0.313s] Periodic GC disabled
[2020-04-25T17:12:06.618+0800][2.901s] GC(0) Pause Young (Normal) (G1 Evacuation Pause)
[2020-04-25T17:12:06.618+0800][2.902s] GC(0) Using 4 workers of 4 for evacuation
[2020-04-25T17:12:06.683+0800][2.966s] GC(0)   Pre Evacuate Collection Set: 0.1ms
[2020-04-25T17:12:06.683+0800][2.966s] GC(0)   Evacuate Collection Set: 63.7ms
[2020-04-25T17:12:06.683+0800][2.966s] GC(0)   Post Evacuate Collection Set: 0.4ms
[2020-04-25T17:12:06.684+0800][2.966s] GC(0)   Other: 0.6ms
[2020-04-25T17:12:06.684+0800][2.967s] GC(0) Eden regions: 25->0(304)
[2020-04-25T17:12:06.684+0800][2.967s] GC(0) Survivor regions: 0->3(4)
[2020-04-25T17:12:06.684+0800][2.967s] GC(0) Old regions: 0->0
[2020-04-25T17:12:06.684+0800][2.967s] GC(0) Archive regions: 0->0
[2020-04-25T17:12:06.684+0800][2.967s] GC(0) Humongous regions: 0->0
[2020-04-25T17:12:06.684+0800][2.967s] GC(0) Metaspace: 5405K->5405K(1056768K)
[2020-04-25T17:12:06.684+0800][2.967s] GC(0) Pause Young (Normal) (G1 Evacuation Pause) 25M->2M(512M) 65.562ms
[2020-04-25T17:12:06.684+0800][2.967s] GC(0) User=0.02s Sys=0.00s Real=0.07s
[2020-04-25T17:12:11.178+0800][7.461s] GC(1) Pause Young (Concurrent Start) (Metadata GC Threshold)
[2020-04-25T17:12:11.178+0800][7.461s] GC(1) Using 4 workers of 4 for evacuation
[2020-04-25T17:12:11.202+0800][7.485s] GC(1)   Pre Evacuate Collection Set: 0.0ms
[2020-04-25T17:12:11.202+0800][7.485s] GC(1)   Evacuate Collection Set: 22.2ms
[2020-04-25T17:12:11.202+0800][7.485s] GC(1)   Post Evacuate Collection Set: 1.4ms
[2020-04-25T17:12:11.202+0800][7.485s] GC(1)   Other: 0.4ms
[2020-04-25T17:12:11.202+0800][7.485s] GC(1) Eden regions: 121->0(78)
[2020-04-25T17:12:11.202+0800][7.485s] GC(1) Survivor regions: 3->19(39)
[2020-04-25T17:12:11.202+0800][7.485s] GC(1) Old regions: 0->0
[2020-04-25T17:12:11.202+0800][7.485s] GC(1) Archive regions: 0->0
[2020-04-25T17:12:11.202+0800][7.485s] GC(1) Humongous regions: 4->4
[2020-04-25T17:12:11.202+0800][7.485s] GC(1) Metaspace: 20630K->20630K(1069056K)
[2020-04-25T17:12:11.203+0800][7.485s] GC(1) Pause Young (Concurrent Start) (Metadata GC Threshold) 127M->22M(512M) 24.354ms
[2020-04-25T17:12:11.203+0800][7.485s] GC(1) User=0.08s Sys=0.00s Real=0.03s
[2020-04-25T17:12:11.203+0800][7.485s] GC(2) Concurrent Cycle
[2020-04-25T17:12:11.203+0800][7.485s] GC(2) Concurrent Clear Claimed Marks
[2020-04-25T17:12:11.203+0800][7.485s] GC(2) Concurrent Clear Claimed Marks 0.051ms
[2020-04-25T17:12:11.203+0800][7.485s] GC(2) Concurrent Scan Root Regions
[2020-04-25T17:12:11.216+0800][7.499s] GC(2) Concurrent Scan Root Regions 13.238ms
[2020-04-25T17:12:11.216+0800][7.499s] GC(2) Concurrent Mark (7.499s)
[2020-04-25T17:12:11.216+0800][7.499s] GC(2) Concurrent Mark From Roots
[2020-04-25T17:12:11.216+0800][7.499s] GC(2) Using 1 workers of 1 for marking
[2020-04-25T17:12:11.219+0800][7.502s] GC(2) Concurrent Mark From Roots 3.324ms
[2020-04-25T17:12:11.219+0800][7.502s] GC(2) Concurrent Preclean
[2020-04-25T17:12:11.220+0800][7.502s] GC(2) Concurrent Preclean 0.109ms
[2020-04-25T17:12:11.220+0800][7.502s] GC(2) Concurrent Mark (7.499s, 7.502s) 3.547ms
[2020-04-25T17:12:11.220+0800][7.502s] GC(2) Pause Remark
[2020-04-25T17:12:11.221+0800][7.504s] GC(2) Cleaned string table, strings: 13179 processed, 0 removed
[2020-04-25T17:12:11.221+0800][7.504s] GC(2) Pause Remark 23M->23M(512M) 1.699ms
[2020-04-25T17:12:11.221+0800][7.504s] GC(2) User=0.00s Sys=0.00s Real=0.00s
[2020-04-25T17:12:11.222+0800][7.504s] GC(2) Concurrent Rebuild Remembered Sets
[2020-04-25T17:12:11.224+0800][7.506s] GC(2) Concurrent Rebuild Remembered Sets 2.340ms
[2020-04-25T17:12:11.224+0800][7.507s] GC(2) Pause Cleanup
[2020-04-25T17:12:11.224+0800][7.507s] GC(2) Pause Cleanup 23M->23M(512M) 0.123ms
[2020-04-25T17:12:11.224+0800][7.507s] GC(2) User=0.00s Sys=0.00s Real=0.00s
[2020-04-25T17:12:11.225+0800][7.507s] GC(2) Concurrent Cleanup for Next Mark
[2020-04-25T17:12:11.226+0800][7.508s] GC(2) Concurrent Cleanup for Next Mark 1.377ms
[2020-04-25T17:12:11.226+0800][7.509s] GC(2) Concurrent Cycle 23.353ms
[2020-04-25T17:12:13.051+0800][9.334s] GC(3) Pause Young (Normal) (G1 Evacuation Pause)
[2020-04-25T17:12:13.052+0800][9.334s] GC(3) Using 4 workers of 4 for evacuation
[2020-04-25T17:12:13.073+0800][9.355s] GC(3)   Pre Evacuate Collection Set: 0.0ms
[2020-04-25T17:12:13.073+0800][9.356s] GC(3)   Evacuate Collection Set: 20.6ms
[2020-04-25T17:12:13.073+0800][9.356s] GC(3)   Post Evacuate Collection Set: 0.7ms
[2020-04-25T17:12:13.073+0800][9.356s] GC(3)   Other: 0.2ms
[2020-04-25T17:12:13.073+0800][9.356s] GC(3) Eden regions: 72->0(103)
[2020-04-25T17:12:13.073+0800][9.356s] GC(3) Survivor regions: 19->4(12)
[2020-04-25T17:12:13.073+0800][9.356s] GC(3) Old regions: 0->19
[2020-04-25T17:12:13.073+0800][9.356s] GC(3) Archive regions: 0->0
[2020-04-25T17:12:13.073+0800][9.356s] GC(3) Humongous regions: 4->4
[2020-04-25T17:12:13.073+0800][9.356s] GC(3) Metaspace: 29782K->29782K(1077248K)
[2020-04-25T17:12:13.073+0800][9.356s] GC(3) Pause Young (Normal) (G1 Evacuation Pause) 94M->26M(512M) 21.850ms
[2020-04-25T17:12:13.073+0800][9.356s] GC(3) User=0.06s Sys=0.00s Real=0.02s
[2020-04-25T17:12:13.614+0800][9.897s] GC(4) Pause Young (Normal) (G1 Evacuation Pause)
[2020-04-25T17:12:13.614+0800][9.897s] GC(4) Using 4 workers of 4 for evacuation
[2020-04-25T17:12:13.620+0800][9.904s] GC(4)   Pre Evacuate Collection Set: 0.0ms
[2020-04-25T17:12:13.620+0800][9.904s] GC(4)   Evacuate Collection Set: 5.9ms
[2020-04-25T17:12:13.620+0800][9.904s] GC(4)   Post Evacuate Collection Set: 0.3ms
[2020-04-25T17:12:13.620+0800][9.904s] GC(4)   Other: 0.3ms
[2020-04-25T17:12:13.621+0800][9.904s] GC(4) Eden regions: 103->0(121)
[2020-04-25T17:12:13.621+0800][9.904s] GC(4) Survivor regions: 4->6(14)
[2020-04-25T17:12:13.621+0800][9.904s] GC(4) Old regions: 19->19
[2020-04-25T17:12:13.621+0800][9.904s] GC(4) Archive regions: 0->0
[2020-04-25T17:12:13.621+0800][9.904s] GC(4) Humongous regions: 4->4
[2020-04-25T17:12:13.621+0800][9.904s] GC(4) Metaspace: 31450K->31450K(1077248K)
[2020-04-25T17:12:13.621+0800][9.904s] GC(4) Pause Young (Normal) (G1 Evacuation Pause) 129M->27M(512M) 6.957ms
[2020-04-25T17:12:13.621+0800][9.904s] GC(4) User=0.00s Sys=0.00s Real=0.01s
[2020-04-25T17:12:14.151+0800][10.434s] GC(5) Pause Young (Normal) (G1 Evacuation Pause)
[2020-04-25T17:12:14.152+0800][10.435s] GC(5) Using 4 workers of 4 for evacuation
[2020-04-25T17:12:14.159+0800][10.442s] GC(5)   Pre Evacuate Collection Set: 0.0ms
[2020-04-25T17:12:14.159+0800][10.442s] GC(5)   Evacuate Collection Set: 7.1ms
[2020-04-25T17:12:14.159+0800][10.442s] GC(5)   Post Evacuate Collection Set: 0.3ms
[2020-04-25T17:12:14.159+0800][10.442s] GC(5)   Other: 0.3ms
[2020-04-25T17:12:14.159+0800][10.442s] GC(5) Eden regions: 121->0(148)
[2020-04-25T17:12:14.159+0800][10.442s] GC(5) Survivor regions: 6->8(16)
[2020-04-25T17:12:14.159+0800][10.442s] GC(5) Old regions: 19->19
[2020-04-25T17:12:14.159+0800][10.442s] GC(5) Archive regions: 0->0
[2020-04-25T17:12:14.159+0800][10.442s] GC(5) Humongous regions: 4->4
[2020-04-25T17:12:14.159+0800][10.442s] GC(5) Metaspace: 33728K->33728K(1079296K)
[2020-04-25T17:12:14.159+0800][10.442s] GC(5) Pause Young (Normal) (G1 Evacuation Pause) 148M->30M(512M) 8.047ms
[2020-04-25T17:12:14.159+0800][10.442s] GC(5) User=0.06s Sys=0.00s Real=0.01s
[2020-04-25T17:12:14.330+0800][10.613s] GC(6) Pause Young (Normal) (G1 Evacuation Pause)
[2020-04-25T17:12:14.330+0800][10.613s] GC(6) Using 4 workers of 4 for evacuation
[2020-04-25T17:12:14.338+0800][10.621s] GC(6)   Pre Evacuate Collection Set: 0.0ms
[2020-04-25T17:12:14.338+0800][10.621s] GC(6)   Evacuate Collection Set: 7.1ms
[2020-04-25T17:12:14.338+0800][10.621s] GC(6)   Post Evacuate Collection Set: 0.4ms
[2020-04-25T17:12:14.338+0800][10.621s] GC(6)   Other: 0.3ms
[2020-04-25T17:12:14.338+0800][10.621s] GC(6) Eden regions: 148->0(179)
[2020-04-25T17:12:14.338+0800][10.621s] GC(6) Survivor regions: 8->10(20)
[2020-04-25T17:12:14.338+0800][10.621s] GC(6) Old regions: 19->19
[2020-04-25T17:12:14.338+0800][10.621s] GC(6) Archive regions: 0->0
[2020-04-25T17:12:14.338+0800][10.621s] GC(6) Humongous regions: 5->4
[2020-04-25T17:12:14.338+0800][10.621s] GC(6) Metaspace: 33969K->33969K(1079296K)
[2020-04-25T17:12:14.338+0800][10.621s] GC(6) Pause Young (Normal) (G1 Evacuation Pause) 179M->31M(512M) 8.246ms
[2020-04-25T17:12:14.338+0800][10.621s] GC(6) User=0.00s Sys=0.00s Real=0.01s
[2020-04-25T17:12:14.605+0800][10.888s] GC(7) Pause Young (Normal) (G1 Evacuation Pause)
[2020-04-25T17:12:14.605+0800][10.888s] GC(7) Using 4 workers of 4 for evacuation
[2020-04-25T17:12:14.613+0800][10.896s] GC(7)   Pre Evacuate Collection Set: 0.0ms
[2020-04-25T17:12:14.613+0800][10.896s] GC(7)   Evacuate Collection Set: 7.5ms
[2020-04-25T17:12:14.613+0800][10.896s] GC(7)   Post Evacuate Collection Set: 0.4ms
[2020-04-25T17:12:14.613+0800][10.896s] GC(7)   Other: 0.2ms
[2020-04-25T17:12:14.614+0800][10.896s] GC(7) Eden regions: 179->0(297)
[2020-04-25T17:12:14.614+0800][10.896s] GC(7) Survivor regions: 10->10(24)
[2020-04-25T17:12:14.614+0800][10.896s] GC(7) Old regions: 19->19
[2020-04-25T17:12:14.614+0800][10.896s] GC(7) Archive regions: 0->0
[2020-04-25T17:12:14.614+0800][10.896s] GC(7) Humongous regions: 4->4
[2020-04-25T17:12:14.614+0800][10.896s] GC(7) Metaspace: 34758K->34758K(1081344K)
[2020-04-25T17:12:14.614+0800][10.896s] GC(7) Pause Young (Normal) (G1 Evacuation Pause) 210M->31M(512M) 8.531ms
[2020-04-25T17:12:14.614+0800][10.896s] GC(7) User=0.06s Sys=0.00s Real=0.01s
[2020-04-25T17:12:14.678+0800][10.961s] GC(8) Pause Young (Concurrent Start) (Metadata GC Threshold)
[2020-04-25T17:12:14.678+0800][10.961s] GC(8) Using 4 workers of 4 for evacuation
[2020-04-25T17:12:14.687+0800][10.970s] GC(8)   Pre Evacuate Collection Set: 0.1ms
[2020-04-25T17:12:14.687+0800][10.970s] GC(8)   Evacuate Collection Set: 8.7ms
[2020-04-25T17:12:14.687+0800][10.970s] GC(8)   Post Evacuate Collection Set: 0.3ms
[2020-04-25T17:12:14.687+0800][10.970s] GC(8)   Other: 0.3ms
[2020-04-25T17:12:14.687+0800][10.970s] GC(8) Eden regions: 11->0(297)
[2020-04-25T17:12:14.687+0800][10.970s] GC(8) Survivor regions: 10->10(39)
[2020-04-25T17:12:14.687+0800][10.970s] GC(8) Old regions: 19->19
[2020-04-25T17:12:14.688+0800][10.970s] GC(8) Archive regions: 0->0
[2020-04-25T17:12:14.688+0800][10.970s] GC(8) Humongous regions: 4->4
[2020-04-25T17:12:14.688+0800][10.970s] GC(8) Metaspace: 34992K->34992K(1081344K)
[2020-04-25T17:12:14.688+0800][10.970s] GC(8) Pause Young (Concurrent Start) (Metadata GC Threshold) 42M->31M(512M) 9.625ms
[2020-04-25T17:12:14.688+0800][10.970s] GC(8) User=0.06s Sys=0.00s Real=0.01s
[2020-04-25T17:12:14.688+0800][10.970s] GC(9) Concurrent Cycle
[2020-04-25T17:12:14.688+0800][10.970s] GC(9) Concurrent Clear Claimed Marks
[2020-04-25T17:12:14.688+0800][10.970s] GC(9) Concurrent Clear Claimed Marks 0.057ms
[2020-04-25T17:12:14.688+0800][10.970s] GC(9) Concurrent Scan Root Regions
[2020-04-25T17:12:14.696+0800][10.979s] GC(9) Concurrent Scan Root Regions 8.681ms
[2020-04-25T17:12:14.697+0800][10.979s] GC(9) Concurrent Mark (10.979s)
[2020-04-25T17:12:14.697+0800][10.979s] GC(9) Concurrent Mark From Roots
[2020-04-25T17:12:14.697+0800][10.979s] GC(9) Using 1 workers of 1 for marking
[2020-04-25T17:12:14.755+0800][11.037s] GC(9) Concurrent Mark From Roots 58.090ms
[2020-04-25T17:12:14.755+0800][11.037s] GC(9) Concurrent Preclean
[2020-04-25T17:12:14.755+0800][11.038s] GC(9) Concurrent Preclean 0.195ms
[2020-04-25T17:12:14.755+0800][11.038s] GC(9) Concurrent Mark (10.979s, 11.038s) 58.419ms
[2020-04-25T17:12:14.756+0800][11.038s] GC(9) Pause Remark
[2020-04-25T17:12:14.759+0800][11.042s] GC(9) Cleaned string table, strings: 20038 processed, 25 removed
[2020-04-25T17:12:14.759+0800][11.042s] GC(9) Pause Remark 34M->34M(512M) 3.598ms
[2020-04-25T17:12:14.759+0800][11.042s] GC(9) User=0.00s Sys=0.00s Real=0.00s
[2020-04-25T17:12:14.759+0800][11.042s] GC(9) Concurrent Rebuild Remembered Sets
[2020-04-25T17:12:14.790+0800][11.073s] GC(9) Concurrent Rebuild Remembered Sets 30.922ms
[2020-04-25T17:12:14.791+0800][11.073s] GC(9) Pause Cleanup
[2020-04-25T17:12:14.791+0800][11.073s] GC(9) Pause Cleanup 35M->35M(512M) 0.109ms
[2020-04-25T17:12:14.791+0800][11.073s] GC(9) User=0.00s Sys=0.00s Real=0.00s
[2020-04-25T17:12:14.791+0800][11.074s] GC(9) Concurrent Cleanup for Next Mark
[2020-04-25T17:12:14.793+0800][11.075s] GC(9) Concurrent Cleanup for Next Mark 1.244ms
[2020-04-25T17:12:14.793+0800][11.075s] GC(9) Concurrent Cycle 104.894ms
[2020-04-25T17:12:17.109+0800][13.392s] GC(10) Pause Young (Normal) (G1 Evacuation Pause)
[2020-04-25T17:12:17.109+0800][13.392s] GC(10) Using 4 workers of 4 for evacuation
[2020-04-25T17:12:17.131+0800][13.415s] GC(10)   Pre Evacuate Collection Set: 0.0ms
[2020-04-25T17:12:17.132+0800][13.415s] GC(10)   Evacuate Collection Set: 21.5ms
[2020-04-25T17:12:17.132+0800][13.415s] GC(10)   Post Evacuate Collection Set: 0.7ms
[2020-04-25T17:12:17.132+0800][13.415s] GC(10)   Other: 0.3ms
[2020-04-25T17:12:17.132+0800][13.415s] GC(10) Eden regions: 297->0(285)
[2020-04-25T17:12:17.132+0800][13.415s] GC(10) Survivor regions: 10->22(39)
[2020-04-25T17:12:17.132+0800][13.415s] GC(10) Old regions: 19->19
[2020-04-25T17:12:17.132+0800][13.415s] GC(10) Archive regions: 0->0
[2020-04-25T17:12:17.132+0800][13.415s] GC(10) Humongous regions: 4->4
[2020-04-25T17:12:17.132+0800][13.415s] GC(10) Metaspace: 44250K->44250K(1089536K)
[2020-04-25T17:12:17.132+0800][13.415s] GC(10) Pause Young (Normal) (G1 Evacuation Pause) 328M->44M(512M) 22.871ms
[2020-04-25T17:12:17.132+0800][13.415s] GC(10) User=0.06s Sys=0.00s Real=0.02s
[2020-04-25T17:12:18.351+0800][14.634s] GC(11) Pause Young (Normal) (G1 Evacuation Pause)
[2020-04-25T17:12:18.351+0800][14.634s] GC(11) Using 4 workers of 4 for evacuation
[2020-04-25T17:12:18.375+0800][14.659s] GC(11)   Pre Evacuate Collection Set: 0.0ms
[2020-04-25T17:12:18.375+0800][14.659s] GC(11)   Evacuate Collection Set: 23.5ms
[2020-04-25T17:12:18.375+0800][14.659s] GC(11)   Post Evacuate Collection Set: 0.7ms
[2020-04-25T17:12:18.376+0800][14.659s] GC(11)   Other: 0.3ms
[2020-04-25T17:12:18.376+0800][14.659s] GC(11) Eden regions: 285->0(283)
[2020-04-25T17:12:18.376+0800][14.659s] GC(11) Survivor regions: 22->24(39)
[2020-04-25T17:12:18.376+0800][14.659s] GC(11) Old regions: 19->22
[2020-04-25T17:12:18.376+0800][14.659s] GC(11) Archive regions: 0->0
[2020-04-25T17:12:18.376+0800][14.659s] GC(11) Humongous regions: 4->4
[2020-04-25T17:12:18.376+0800][14.659s] GC(11) Metaspace: 46835K->46835K(1091584K)
[2020-04-25T17:12:18.376+0800][14.659s] GC(11) Pause Young (Normal) (G1 Evacuation Pause) 329M->49M(512M) 24.793ms
[2020-04-25T17:12:18.376+0800][14.659s] GC(11) User=0.13s Sys=0.00s Real=0.02s
[2020-04-25T17:12:20.573+0800][16.855s] GC(12) Pause Young (Normal) (G1 Evacuation Pause)
[2020-04-25T17:12:20.573+0800][16.855s] GC(12) Using 4 workers of 4 for evacuation
[2020-04-25T17:12:20.597+0800][16.880s] GC(12)   Pre Evacuate Collection Set: 0.0ms
[2020-04-25T17:12:20.597+0800][16.880s] GC(12)   Evacuate Collection Set: 23.2ms
[2020-04-25T17:12:20.597+0800][16.880s] GC(12)   Post Evacuate Collection Set: 0.6ms
[2020-04-25T17:12:20.597+0800][16.880s] GC(12)   Other: 0.2ms
[2020-04-25T17:12:20.597+0800][16.880s] GC(12) Eden regions: 283->0(286)
[2020-04-25T17:12:20.597+0800][16.880s] GC(12) Survivor regions: 24->21(39)
[2020-04-25T17:12:20.597+0800][16.880s] GC(12) Old regions: 22->25
[2020-04-25T17:12:20.597+0800][16.880s] GC(12) Archive regions: 0->0
[2020-04-25T17:12:20.597+0800][16.880s] GC(12) Humongous regions: 5->4
[2020-04-25T17:12:20.597+0800][16.880s] GC(12) Metaspace: 47590K->47590K(1091584K)
[2020-04-25T17:12:20.597+0800][16.880s] GC(12) Pause Young (Normal) (G1 Evacuation Pause) 333M->49M(512M) 24.453ms
[2020-04-25T17:12:20.597+0800][16.880s] GC(12) User=0.13s Sys=0.00s Real=0.02s
[2020-04-25T17:12:20.980+0800][17.263s] GC(13) Pause Young (Normal) (G1 Evacuation Pause)
[2020-04-25T17:12:20.980+0800][17.264s] GC(13) Using 4 workers of 4 for evacuation
[2020-04-25T17:12:21.000+0800][17.283s] GC(13)   Pre Evacuate Collection Set: 0.0ms
[2020-04-25T17:12:21.000+0800][17.283s] GC(13)   Evacuate Collection Set: 19.0ms
[2020-04-25T17:12:21.000+0800][17.283s] GC(13)   Post Evacuate Collection Set: 0.6ms
[2020-04-25T17:12:21.000+0800][17.284s] GC(13)   Other: 0.3ms
[2020-04-25T17:12:21.000+0800][17.284s] GC(13) Eden regions: 286->0(286)
[2020-04-25T17:12:21.000+0800][17.284s] GC(13) Survivor regions: 21->21(39)
[2020-04-25T17:12:21.000+0800][17.284s] GC(13) Old regions: 25->25
[2020-04-25T17:12:21.000+0800][17.284s] GC(13) Archive regions: 0->0
[2020-04-25T17:12:21.000+0800][17.284s] GC(13) Humongous regions: 4->4
[2020-04-25T17:12:21.000+0800][17.284s] GC(13) Metaspace: 47597K->47597K(1091584K)
[2020-04-25T17:12:21.000+0800][17.284s] GC(13) Pause Young (Normal) (G1 Evacuation Pause) 335M->50M(512M) 20.230ms
[2020-04-25T17:12:21.000+0800][17.284s] GC(13) User=0.13s Sys=0.00s Real=0.02s
[2020-04-25T17:12:21.344+0800][17.628s] GC(14) Pause Young (Normal) (G1 Evacuation Pause)
[2020-04-25T17:12:21.344+0800][17.628s] GC(14) Using 4 workers of 4 for evacuation
[2020-04-25T17:12:21.364+0800][17.647s] GC(14)   Pre Evacuate Collection Set: 0.0ms
[2020-04-25T17:12:21.364+0800][17.647s] GC(14)   Evacuate Collection Set: 19.0ms
[2020-04-25T17:12:21.364+0800][17.647s] GC(14)   Post Evacuate Collection Set: 0.6ms
[2020-04-25T17:12:21.364+0800][17.648s] GC(14)   Other: 0.2ms
[2020-04-25T17:12:21.364+0800][17.648s] GC(14) Eden regions: 286->0(299)
[2020-04-25T17:12:21.364+0800][17.648s] GC(14) Survivor regions: 21->8(39)
[2020-04-25T17:12:21.364+0800][17.648s] GC(14) Old regions: 25->40
[2020-04-25T17:12:21.364+0800][17.648s] GC(14) Archive regions: 0->0
[2020-04-25T17:12:21.365+0800][17.648s] GC(14) Humongous regions: 4->4
[2020-04-25T17:12:21.365+0800][17.648s] GC(14) Metaspace: 47610K->47610K(1091584K)
[2020-04-25T17:12:21.365+0800][17.648s] GC(14) Pause Young (Normal) (G1 Evacuation Pause) 336M->51M(512M) 20.164ms
[2020-04-25T17:12:21.365+0800][17.648s] GC(14) User=0.06s Sys=0.00s Real=0.02s
[2020-04-25T17:12:21.682+0800][17.965s] GC(15) Pause Young (Normal) (G1 Evacuation Pause)
[2020-04-25T17:12:21.682+0800][17.965s] GC(15) Using 4 workers of 4 for evacuation
[2020-04-25T17:12:21.689+0800][17.972s] GC(15)   Pre Evacuate Collection Set: 0.0ms
[2020-04-25T17:12:21.689+0800][17.972s] GC(15)   Evacuate Collection Set: 6.1ms
[2020-04-25T17:12:21.689+0800][17.972s] GC(15)   Post Evacuate Collection Set: 0.6ms
[2020-04-25T17:12:21.689+0800][17.972s] GC(15)   Other: 0.3ms
[2020-04-25T17:12:21.689+0800][17.972s] GC(15) Eden regions: 299->0(298)
[2020-04-25T17:12:21.689+0800][17.972s] GC(15) Survivor regions: 8->9(39)
[2020-04-25T17:12:21.689+0800][17.972s] GC(15) Old regions: 40->40
[2020-04-25T17:12:21.689+0800][17.972s] GC(15) Archive regions: 0->0
[2020-04-25T17:12:21.689+0800][17.972s] GC(15) Humongous regions: 4->4
[2020-04-25T17:12:21.689+0800][17.972s] GC(15) Metaspace: 47611K->47611K(1091584K)
[2020-04-25T17:12:21.689+0800][17.972s] GC(15) Pause Young (Normal) (G1 Evacuation Pause) 350M->51M(512M) 7.339ms
[2020-04-25T17:12:21.689+0800][17.972s] GC(15) User=0.05s Sys=0.00s Real=0.01s
[2020-04-25T17:12:21.941+0800][18.224s] GC(16) Pause Young (Normal) (G1 Evacuation Pause)
[2020-04-25T17:12:21.941+0800][18.224s] GC(16) Using 4 workers of 4 for evacuation
[2020-04-25T17:12:21.948+0800][18.230s] GC(16)   Pre Evacuate Collection Set: 0.0ms
[2020-04-25T17:12:21.948+0800][18.230s] GC(16)   Evacuate Collection Set: 5.8ms
[2020-04-25T17:12:21.948+0800][18.230s] GC(16)   Post Evacuate Collection Set: 0.5ms
[2020-04-25T17:12:21.948+0800][18.231s] GC(16)   Other: 0.2ms
[2020-04-25T17:12:21.948+0800][18.231s] GC(16) Eden regions: 298->0(298)
[2020-04-25T17:12:21.948+0800][18.231s] GC(16) Survivor regions: 9->9(39)
[2020-04-25T17:12:21.948+0800][18.231s] GC(16) Old regions: 40->40
[2020-04-25T17:12:21.948+0800][18.231s] GC(16) Archive regions: 0->0
[2020-04-25T17:12:21.948+0800][18.231s] GC(16) Humongous regions: 4->4
[2020-04-25T17:12:21.948+0800][18.231s] GC(16) Metaspace: 47614K->47614K(1091584K)
[2020-04-25T17:12:21.948+0800][18.231s] GC(16) Pause Young (Normal) (G1 Evacuation Pause) 349M->52M(512M) 6.950ms
[2020-04-25T17:12:21.948+0800][18.231s] GC(16) User=0.00s Sys=0.00s Real=0.01s
[2020-04-25T17:12:22.200+0800][18.482s] GC(17) Pause Young (Normal) (G1 Evacuation Pause)
[2020-04-25T17:12:22.200+0800][18.482s] GC(17) Using 4 workers of 4 for evacuation
[2020-04-25T17:12:22.207+0800][18.490s] GC(17)   Pre Evacuate Collection Set: 0.0ms
[2020-04-25T17:12:22.207+0800][18.490s] GC(17)   Evacuate Collection Set: 6.9ms
[2020-04-25T17:12:22.207+0800][18.490s] GC(17)   Post Evacuate Collection Set: 0.5ms
[2020-04-25T17:12:22.207+0800][18.490s] GC(17)   Other: 0.3ms
[2020-04-25T17:12:22.207+0800][18.490s] GC(17) Eden regions: 298->0(297)
[2020-04-25T17:12:22.207+0800][18.490s] GC(17) Survivor regions: 9->10(39)
[2020-04-25T17:12:22.207+0800][18.490s] GC(17) Old regions: 40->40
[2020-04-25T17:12:22.207+0800][18.490s] GC(17) Archive regions: 0->0
[2020-04-25T17:12:22.207+0800][18.490s] GC(17) Humongous regions: 7->7
[2020-04-25T17:12:22.207+0800][18.490s] GC(17) Metaspace: 48020K->48020K(1093632K)
[2020-04-25T17:12:22.208+0800][18.490s] GC(17) Pause Young (Normal) (G1 Evacuation Pause) 353M->56M(512M) 8.013ms
[2020-04-25T17:12:22.208+0800][18.490s] GC(17) User=0.06s Sys=0.00s Real=0.01s
[2020-04-25T17:12:22.449+0800][18.731s] GC(18) Pause Young (Normal) (G1 Evacuation Pause)
[2020-04-25T17:12:22.449+0800][18.731s] GC(18) Using 4 workers of 4 for evacuation
[2020-04-25T17:12:22.457+0800][18.740s] GC(18)   Pre Evacuate Collection Set: 0.0ms
[2020-04-25T17:12:22.457+0800][18.740s] GC(18)   Evacuate Collection Set: 7.9ms
[2020-04-25T17:12:22.457+0800][18.740s] GC(18)   Post Evacuate Collection Set: 0.5ms
[2020-04-25T17:12:22.457+0800][18.740s] GC(18)   Other: 0.2ms
[2020-04-25T17:12:22.457+0800][18.740s] GC(18) Eden regions: 297->0(296)
[2020-04-25T17:12:22.457+0800][18.740s] GC(18) Survivor regions: 10->11(39)
[2020-04-25T17:12:22.457+0800][18.740s] GC(18) Old regions: 40->40
[2020-04-25T17:12:22.457+0800][18.740s] GC(18) Archive regions: 0->0
[2020-04-25T17:12:22.458+0800][18.740s] GC(18) Humongous regions: 7->7
[2020-04-25T17:12:22.458+0800][18.740s] GC(18) Metaspace: 48021K->48021K(1093632K)
[2020-04-25T17:12:22.458+0800][18.740s] GC(18) Pause Young (Normal) (G1 Evacuation Pause) 353M->56M(512M) 8.986ms
[2020-04-25T17:12:22.458+0800][18.740s] GC(18) User=0.06s Sys=0.00s Real=0.01s
[2020-04-25T17:12:22.664+0800][18.946s] GC(19) Pause Young (Normal) (G1 Evacuation Pause)
[2020-04-25T17:12:22.664+0800][18.946s] GC(19) Using 4 workers of 4 for evacuation
[2020-04-25T17:12:22.671+0800][18.953s] GC(19)   Pre Evacuate Collection Set: 0.0ms
[2020-04-25T17:12:22.671+0800][18.953s] GC(19)   Evacuate Collection Set: 6.2ms
[2020-04-25T17:12:22.671+0800][18.953s] GC(19)   Post Evacuate Collection Set: 0.6ms
[2020-04-25T17:12:22.671+0800][18.954s] GC(19)   Other: 0.3ms
[2020-04-25T17:12:22.671+0800][18.954s] GC(19) Eden regions: 296->0(295)
[2020-04-25T17:12:22.671+0800][18.954s] GC(19) Survivor regions: 11->12(39)
[2020-04-25T17:12:22.671+0800][18.954s] GC(19) Old regions: 40->40
[2020-04-25T17:12:22.671+0800][18.954s] GC(19) Archive regions: 0->0
[2020-04-25T17:12:22.671+0800][18.954s] GC(19) Humongous regions: 7->7
[2020-04-25T17:12:22.671+0800][18.954s] GC(19) Metaspace: 48022K->48022K(1093632K)
[2020-04-25T17:12:22.671+0800][18.954s] GC(19) Pause Young (Normal) (G1 Evacuation Pause) 352M->57M(512M) 7.377ms
[2020-04-25T17:12:22.671+0800][18.954s] GC(19) User=0.03s Sys=0.02s Real=0.01s
[2020-04-25T17:12:22.913+0800][19.195s] GC(20) Pause Young (Normal) (G1 Evacuation Pause)
[2020-04-25T17:12:22.913+0800][19.195s] GC(20) Using 4 workers of 4 for evacuation
[2020-04-25T17:12:22.919+0800][19.202s] GC(20)   Pre Evacuate Collection Set: 0.0ms
[2020-04-25T17:12:22.919+0800][19.202s] GC(20)   Evacuate Collection Set: 6.2ms
[2020-04-25T17:12:22.919+0800][19.202s] GC(20)   Post Evacuate Collection Set: 0.6ms
[2020-04-25T17:12:22.919+0800][19.203s] GC(20)   Other: 0.2ms
[2020-04-25T17:12:22.919+0800][19.203s] GC(20) Eden regions: 295->0(296)
[2020-04-25T17:12:22.919+0800][19.203s] GC(20) Survivor regions: 12->11(39)
[2020-04-25T17:12:22.919+0800][19.203s] GC(20) Old regions: 40->40
[2020-04-25T17:12:22.919+0800][19.203s] GC(20) Archive regions: 0->0
[2020-04-25T17:12:22.919+0800][19.203s] GC(20) Humongous regions: 8->8
[2020-04-25T17:12:22.919+0800][19.203s] GC(20) Metaspace: 48022K->48022K(1093632K)
[2020-04-25T17:12:22.919+0800][19.203s] GC(20) Pause Young (Normal) (G1 Evacuation Pause) 353M->58M(512M) 7.393ms
[2020-04-25T17:12:22.919+0800][19.203s] GC(20) User=0.00s Sys=0.00s Real=0.01s
[2020-04-25T17:12:23.138+0800][19.421s] GC(21) Pause Young (Normal) (G1 Evacuation Pause)
[2020-04-25T17:12:23.138+0800][19.421s] GC(21) Using 4 workers of 4 for evacuation
[2020-04-25T17:12:23.145+0800][19.428s] GC(21)   Pre Evacuate Collection Set: 0.0ms
[2020-04-25T17:12:23.145+0800][19.428s] GC(21)   Evacuate Collection Set: 6.3ms
[2020-04-25T17:12:23.145+0800][19.428s] GC(21)   Post Evacuate Collection Set: 0.5ms
[2020-04-25T17:12:23.145+0800][19.428s] GC(21)   Other: 0.3ms
[2020-04-25T17:12:23.145+0800][19.428s] GC(21) Eden regions: 296->0(295)
[2020-04-25T17:12:23.145+0800][19.428s] GC(21) Survivor regions: 11->12(39)
[2020-04-25T17:12:23.145+0800][19.428s] GC(21) Old regions: 40->40
[2020-04-25T17:12:23.145+0800][19.428s] GC(21) Archive regions: 0->0
[2020-04-25T17:12:23.145+0800][19.428s] GC(21) Humongous regions: 9->9
[2020-04-25T17:12:23.145+0800][19.428s] GC(21) Metaspace: 48022K->48022K(1093632K)
[2020-04-25T17:12:23.145+0800][19.428s] GC(21) Pause Young (Normal) (G1 Evacuation Pause) 355M->59M(512M) 7.392ms
[2020-04-25T17:12:23.145+0800][19.428s] GC(21) User=0.06s Sys=0.00s Real=0.01s
[2020-04-25T17:12:25.626+0800][21.909s] GC(22) Pause Young (Normal) (G1 Evacuation Pause)
[2020-04-25T17:12:25.626+0800][21.909s] GC(22) Using 4 workers of 4 for evacuation
[2020-04-25T17:12:25.633+0800][21.916s] GC(22)   Pre Evacuate Collection Set: 0.0ms
[2020-04-25T17:12:25.633+0800][21.916s] GC(22)   Evacuate Collection Set: 6.5ms
[2020-04-25T17:12:25.633+0800][21.916s] GC(22)   Post Evacuate Collection Set: 0.5ms
[2020-04-25T17:12:25.633+0800][21.916s] GC(22)   Other: 0.2ms
[2020-04-25T17:12:25.633+0800][21.916s] GC(22) Eden regions: 295->0(295)
[2020-04-25T17:12:25.633+0800][21.916s] GC(22) Survivor regions: 12->12(39)
[2020-04-25T17:12:25.633+0800][21.916s] GC(22) Old regions: 40->40
[2020-04-25T17:12:25.633+0800][21.916s] GC(22) Archive regions: 0->0
[2020-04-25T17:12:25.633+0800][21.916s] GC(22) Humongous regions: 10->9
[2020-04-25T17:12:25.633+0800][21.916s] GC(22) Metaspace: 48074K->48074K(1093632K)
[2020-04-25T17:12:25.633+0800][21.916s] GC(22) Pause Young (Normal) (G1 Evacuation Pause) 355M->59M(512M) 7.631ms
[2020-04-25T17:12:25.633+0800][21.916s] GC(22) User=0.00s Sys=0.00s Real=0.01s
[2020-04-25T17:13:48.107+0800][104.390s] Heap
[2020-04-25T17:13:48.107+0800][104.390s]  garbage-first heap   total 524288K, used 356068K [0x00000000e0000000, 0x0000000100000000)
[2020-04-25T17:13:48.107+0800][104.390s]   region size 1024K, 298 young (305152K), 12 survivors (12288K)
[2020-04-25T17:13:48.107+0800][104.390s]  Metaspace       used 51168K, capacity 52272K, committed 52428K, reserved 1095680K
[2020-04-25T17:13:48.107+0800][104.390s]   class space    used 5973K, capacity 6388K, committed 6400K, reserved 1048576K
