[2020-04-25T23:22:42.030+0800][0.082s] Heap region size: 1M
[2020-04-25T23:22:42.277+0800][0.329s] Using G1
[2020-04-25T23:22:42.277+0800][0.329s] Heap address: 0x00000000e0000000, size: 512 MB, Compressed Oops mode: 32-bit
[2020-04-25T23:22:42.297+0800][0.348s] Periodic GC disabled
[2020-04-25T23:22:45.293+0800][3.345s] GC(0) Pause Young (Normal) (G1 Evacuation Pause)
[2020-04-25T23:22:45.293+0800][3.345s] GC(0) Using 4 workers of 4 for evacuation
[2020-04-25T23:22:45.305+0800][3.357s] GC(0)   Pre Evacuate Collection Set: 0.0ms
[2020-04-25T23:22:45.306+0800][3.358s] GC(0)   Evacuate Collection Set: 11.8ms
[2020-04-25T23:22:45.306+0800][3.358s] GC(0)   Post Evacuate Collection Set: 0.4ms
[2020-04-25T23:22:45.306+0800][3.358s] GC(0)   Other: 0.5ms
[2020-04-25T23:22:45.306+0800][3.358s] GC(0) Eden regions: 25->0(304)
[2020-04-25T23:22:45.306+0800][3.358s] GC(0) Survivor regions: 0->3(4)
[2020-04-25T23:22:45.306+0800][3.358s] GC(0) Old regions: 0->0
[2020-04-25T23:22:45.306+0800][3.358s] GC(0) Archive regions: 0->0
[2020-04-25T23:22:45.306+0800][3.358s] GC(0) Humongous regions: 0->0
[2020-04-25T23:22:45.306+0800][3.358s] GC(0) Metaspace: 5385K->5385K(1056768K)
[2020-04-25T23:22:45.306+0800][3.358s] GC(0) Pause Young (Normal) (G1 Evacuation Pause) 25M->2M(512M) 13.419ms
[2020-04-25T23:22:45.306+0800][3.358s] GC(0) User=0.02s Sys=0.00s Real=0.01s
[2020-04-25T23:22:51.436+0800][9.487s] GC(1) Pause Young (Concurrent Start) (Metadata GC Threshold)
[2020-04-25T23:22:51.436+0800][9.488s] GC(1) Using 4 workers of 4 for evacuation
[2020-04-25T23:22:51.458+0800][9.509s] GC(1)   Pre Evacuate Collection Set: 0.0ms
[2020-04-25T23:22:51.458+0800][9.509s] GC(1)   Evacuate Collection Set: 20.0ms
[2020-04-25T23:22:51.458+0800][9.509s] GC(1)   Post Evacuate Collection Set: 1.2ms
[2020-04-25T23:22:51.458+0800][9.509s] GC(1)   Other: 0.3ms
[2020-04-25T23:22:51.458+0800][9.509s] GC(1) Eden regions: 112->0(70)
[2020-04-25T23:22:51.458+0800][9.509s] GC(1) Survivor regions: 3->19(39)
[2020-04-25T23:22:51.458+0800][9.509s] GC(1) Old regions: 0->0
[2020-04-25T23:22:51.458+0800][9.509s] GC(1) Archive regions: 0->0
[2020-04-25T23:22:51.458+0800][9.509s] GC(1) Humongous regions: 4->4
[2020-04-25T23:22:51.458+0800][9.509s] GC(1) Metaspace: 20663K->20663K(1069056K)
[2020-04-25T23:22:51.458+0800][9.509s] GC(1) Pause Young (Concurrent Start) (Metadata GC Threshold) 118M->22M(512M) 21.697ms
[2020-04-25T23:22:51.458+0800][9.509s] GC(1) User=0.05s Sys=0.00s Real=0.02s
[2020-04-25T23:22:51.458+0800][9.509s] GC(2) Concurrent Cycle
[2020-04-25T23:22:51.458+0800][9.509s] GC(2) Concurrent Clear Claimed Marks
[2020-04-25T23:22:51.458+0800][9.509s] GC(2) Concurrent Clear Claimed Marks 0.036ms
[2020-04-25T23:22:51.458+0800][9.509s] GC(2) Concurrent Scan Root Regions
[2020-04-25T23:22:51.468+0800][9.520s] GC(2) Concurrent Scan Root Regions 10.292ms
[2020-04-25T23:22:51.469+0800][9.520s] GC(2) Concurrent Mark (9.520s)
[2020-04-25T23:22:51.469+0800][9.520s] GC(2) Concurrent Mark From Roots
[2020-04-25T23:22:51.469+0800][9.520s] GC(2) Using 1 workers of 1 for marking
[2020-04-25T23:22:51.471+0800][9.522s] GC(2) Concurrent Mark From Roots 1.966ms
[2020-04-25T23:22:51.471+0800][9.522s] GC(2) Concurrent Preclean
[2020-04-25T23:22:51.471+0800][9.522s] GC(2) Concurrent Preclean 0.123ms
[2020-04-25T23:22:51.471+0800][9.522s] GC(2) Concurrent Mark (9.520s, 9.522s) 2.222ms
[2020-04-25T23:22:51.471+0800][9.522s] GC(2) Pause Remark
[2020-04-25T23:22:51.472+0800][9.523s] GC(2) Cleaned string table, strings: 13185 processed, 0 removed
[2020-04-25T23:22:51.472+0800][9.524s] GC(2) Pause Remark 23M->23M(512M) 1.531ms
[2020-04-25T23:22:51.472+0800][9.524s] GC(2) User=0.00s Sys=0.00s Real=0.00s
[2020-04-25T23:22:51.472+0800][9.524s] GC(2) Concurrent Rebuild Remembered Sets
[2020-04-25T23:22:51.474+0800][9.525s] GC(2) Concurrent Rebuild Remembered Sets 1.339ms
[2020-04-25T23:22:51.474+0800][9.525s] GC(2) Pause Cleanup
[2020-04-25T23:22:51.474+0800][9.525s] GC(2) Pause Cleanup 23M->23M(512M) 0.108ms
[2020-04-25T23:22:51.474+0800][9.525s] GC(2) User=0.00s Sys=0.00s Real=0.00s
[2020-04-25T23:22:51.474+0800][9.526s] GC(2) Concurrent Cleanup for Next Mark
[2020-04-25T23:22:51.475+0800][9.526s] GC(2) Concurrent Cleanup for Next Mark 0.714ms
[2020-04-25T23:22:51.475+0800][9.526s] GC(2) Concurrent Cycle 17.060ms
[2020-04-25T23:22:53.329+0800][11.381s] GC(3) Pause Young (Normal) (G1 Evacuation Pause)
[2020-04-25T23:22:53.330+0800][11.381s] GC(3) Using 4 workers of 4 for evacuation
[2020-04-25T23:22:53.350+0800][11.402s] GC(3)   Pre Evacuate Collection Set: 0.0ms
[2020-04-25T23:22:53.350+0800][11.402s] GC(3)   Evacuate Collection Set: 19.8ms
[2020-04-25T23:22:53.350+0800][11.402s] GC(3)   Post Evacuate Collection Set: 0.6ms
[2020-04-25T23:22:53.350+0800][11.402s] GC(3)   Other: 0.2ms
[2020-04-25T23:22:53.350+0800][11.402s] GC(3) Eden regions: 64->0(99)
[2020-04-25T23:22:53.350+0800][11.402s] GC(3) Survivor regions: 19->5(11)
[2020-04-25T23:22:53.350+0800][11.402s] GC(3) Old regions: 0->19
[2020-04-25T23:22:53.350+0800][11.402s] GC(3) Archive regions: 0->0
[2020-04-25T23:22:53.350+0800][11.402s] GC(3) Humongous regions: 4->4
[2020-04-25T23:22:53.350+0800][11.402s] GC(3) Metaspace: 29170K->29170K(1075200K)
[2020-04-25T23:22:53.350+0800][11.402s] GC(3) Pause Young (Normal) (G1 Evacuation Pause) 86M->27M(512M) 20.936ms
[2020-04-25T23:22:53.350+0800][11.402s] GC(3) User=0.06s Sys=0.00s Real=0.02s
[2020-04-25T23:22:54.206+0800][12.257s] GC(4) Pause Young (Normal) (G1 Evacuation Pause)
[2020-04-25T23:22:54.206+0800][12.257s] GC(4) Using 4 workers of 4 for evacuation
[2020-04-25T23:22:54.213+0800][12.264s] GC(4)   Pre Evacuate Collection Set: 0.0ms
[2020-04-25T23:22:54.213+0800][12.264s] GC(4)   Evacuate Collection Set: 6.1ms
[2020-04-25T23:22:54.213+0800][12.264s] GC(4)   Post Evacuate Collection Set: 0.3ms
[2020-04-25T23:22:54.213+0800][12.264s] GC(4)   Other: 0.3ms
[2020-04-25T23:22:54.213+0800][12.264s] GC(4) Eden regions: 99->0(131)
[2020-04-25T23:22:54.213+0800][12.264s] GC(4) Survivor regions: 5->6(13)
[2020-04-25T23:22:54.213+0800][12.264s] GC(4) Old regions: 19->19
[2020-04-25T23:22:54.213+0800][12.264s] GC(4) Archive regions: 0->0
[2020-04-25T23:22:54.213+0800][12.264s] GC(4) Humongous regions: 4->4
[2020-04-25T23:22:54.213+0800][12.264s] GC(4) Metaspace: 31119K->31119K(1077248K)
[2020-04-25T23:22:54.213+0800][12.264s] GC(4) Pause Young (Normal) (G1 Evacuation Pause) 126M->27M(512M) 7.031ms
[2020-04-25T23:22:54.213+0800][12.264s] GC(4) User=0.00s Sys=0.00s Real=0.01s
[2020-04-25T23:22:55.174+0800][13.226s] GC(5) Pause Young (Normal) (G1 Evacuation Pause)
[2020-04-25T23:22:55.174+0800][13.226s] GC(5) Using 4 workers of 4 for evacuation
[2020-04-25T23:22:55.182+0800][13.234s] GC(5)   Pre Evacuate Collection Set: 0.0ms
[2020-04-25T23:22:55.182+0800][13.234s] GC(5)   Evacuate Collection Set: 7.6ms
[2020-04-25T23:22:55.182+0800][13.234s] GC(5)   Post Evacuate Collection Set: 0.4ms
[2020-04-25T23:22:55.182+0800][13.234s] GC(5)   Other: 0.2ms
[2020-04-25T23:22:55.182+0800][13.234s] GC(5) Eden regions: 131->0(183)
[2020-04-25T23:22:55.182+0800][13.234s] GC(5) Survivor regions: 6->8(18)
[2020-04-25T23:22:55.182+0800][13.234s] GC(5) Old regions: 19->19
[2020-04-25T23:22:55.182+0800][13.234s] GC(5) Archive regions: 0->0
[2020-04-25T23:22:55.182+0800][13.234s] GC(5) Humongous regions: 4->4
[2020-04-25T23:22:55.182+0800][13.234s] GC(5) Metaspace: 33587K->33587K(1079296K)
[2020-04-25T23:22:55.182+0800][13.234s] GC(5) Pause Young (Normal) (G1 Evacuation Pause) 158M->30M(512M) 8.525ms
[2020-04-25T23:22:55.182+0800][13.234s] GC(5) User=0.00s Sys=0.00s Real=0.01s
[2020-04-25T23:22:55.412+0800][13.463s] GC(6) Pause Young (Normal) (G1 Evacuation Pause)
[2020-04-25T23:22:55.412+0800][13.463s] GC(6) Using 4 workers of 4 for evacuation
[2020-04-25T23:22:55.422+0800][13.473s] GC(6)   Pre Evacuate Collection Set: 0.0ms
[2020-04-25T23:22:55.422+0800][13.473s] GC(6)   Evacuate Collection Set: 9.5ms
[2020-04-25T23:22:55.422+0800][13.473s] GC(6)   Post Evacuate Collection Set: 0.3ms
[2020-04-25T23:22:55.422+0800][13.474s] GC(6)   Other: 0.2ms
[2020-04-25T23:22:55.422+0800][13.474s] GC(6) Eden regions: 183->0(273)
[2020-04-25T23:22:55.422+0800][13.474s] GC(6) Survivor regions: 8->9(24)
[2020-04-25T23:22:55.422+0800][13.474s] GC(6) Old regions: 19->19
[2020-04-25T23:22:55.422+0800][13.474s] GC(6) Archive regions: 0->0
[2020-04-25T23:22:55.422+0800][13.474s] GC(6) Humongous regions: 5->4
[2020-04-25T23:22:55.422+0800][13.474s] GC(6) Metaspace: 33859K->33859K(1079296K)
[2020-04-25T23:22:55.422+0800][13.474s] GC(6) Pause Young (Normal) (G1 Evacuation Pause) 214M->31M(512M) 10.387ms
[2020-04-25T23:22:55.422+0800][13.474s] GC(6) User=0.06s Sys=0.00s Real=0.01s
[2020-04-25T23:22:56.099+0800][14.150s] GC(7) Pause Young (Concurrent Start) (Metadata GC Threshold)
[2020-04-25T23:22:56.099+0800][14.150s] GC(7) Using 4 workers of 4 for evacuation
[2020-04-25T23:22:56.110+0800][14.161s] GC(7)   Pre Evacuate Collection Set: 0.1ms
[2020-04-25T23:22:56.110+0800][14.161s] GC(7)   Evacuate Collection Set: 9.9ms
[2020-04-25T23:22:56.110+0800][14.161s] GC(7)   Post Evacuate Collection Set: 0.4ms
[2020-04-25T23:22:56.110+0800][14.161s] GC(7)   Other: 0.6ms
[2020-04-25T23:22:56.110+0800][14.161s] GC(7) Eden regions: 156->0(290)
[2020-04-25T23:22:56.110+0800][14.161s] GC(7) Survivor regions: 9->10(36)
[2020-04-25T23:22:56.110+0800][14.161s] GC(7) Old regions: 19->19
[2020-04-25T23:22:56.110+0800][14.161s] GC(7) Archive regions: 0->0
[2020-04-25T23:22:56.110+0800][14.161s] GC(7) Humongous regions: 4->4
[2020-04-25T23:22:56.110+0800][14.161s] GC(7) Metaspace: 34999K->34999K(1081344K)
[2020-04-25T23:22:56.110+0800][14.161s] GC(7) Pause Young (Concurrent Start) (Metadata GC Threshold) 186M->31M(512M) 11.186ms
[2020-04-25T23:22:56.110+0800][14.161s] GC(7) User=0.06s Sys=0.00s Real=0.01s
[2020-04-25T23:22:56.110+0800][14.161s] GC(8) Concurrent Cycle
[2020-04-25T23:22:56.110+0800][14.161s] GC(8) Concurrent Clear Claimed Marks
[2020-04-25T23:22:56.110+0800][14.161s] GC(8) Concurrent Clear Claimed Marks 0.056ms
[2020-04-25T23:22:56.110+0800][14.161s] GC(8) Concurrent Scan Root Regions
[2020-04-25T23:22:56.119+0800][14.170s] GC(8) Concurrent Scan Root Regions 8.823ms
[2020-04-25T23:22:56.119+0800][14.170s] GC(8) Concurrent Mark (14.170s)
[2020-04-25T23:22:56.119+0800][14.170s] GC(8) Concurrent Mark From Roots
[2020-04-25T23:22:56.119+0800][14.170s] GC(8) Using 1 workers of 1 for marking
[2020-04-25T23:22:56.175+0800][14.226s] GC(8) Concurrent Mark From Roots 55.641ms
[2020-04-25T23:22:56.175+0800][14.226s] GC(8) Concurrent Preclean
[2020-04-25T23:22:56.175+0800][14.226s] GC(8) Concurrent Preclean 0.178ms
[2020-04-25T23:22:56.175+0800][14.226s] GC(8) Concurrent Mark (14.170s, 14.226s) 55.935ms
[2020-04-25T23:22:56.175+0800][14.226s] GC(8) Pause Remark
[2020-04-25T23:22:56.177+0800][14.229s] GC(8) Cleaned string table, strings: 19887 processed, 25 removed
[2020-04-25T23:22:56.178+0800][14.229s] GC(8) Pause Remark 35M->35M(512M) 2.273ms
[2020-04-25T23:22:56.178+0800][14.229s] GC(8) User=0.00s Sys=0.00s Real=0.00s
[2020-04-25T23:22:56.178+0800][14.229s] GC(8) Concurrent Rebuild Remembered Sets
[2020-04-25T23:22:56.200+0800][14.251s] GC(8) Concurrent Rebuild Remembered Sets 22.396ms
[2020-04-25T23:22:56.200+0800][14.252s] GC(8) Pause Cleanup
[2020-04-25T23:22:56.201+0800][14.252s] GC(8) Pause Cleanup 35M->35M(512M) 0.144ms
[2020-04-25T23:22:56.201+0800][14.252s] GC(8) User=0.00s Sys=0.00s Real=0.00s
[2020-04-25T23:22:56.201+0800][14.252s] GC(8) Concurrent Cleanup for Next Mark
[2020-04-25T23:22:56.202+0800][14.253s] GC(8) Concurrent Cleanup for Next Mark 0.969ms
[2020-04-25T23:22:56.202+0800][14.253s] GC(8) Concurrent Cycle 91.622ms
[2020-04-25T23:23:00.115+0800][18.166s] GC(9) Pause Young (Normal) (G1 Evacuation Pause)
[2020-04-25T23:23:00.115+0800][18.166s] GC(9) Using 4 workers of 4 for evacuation
[2020-04-25T23:23:00.138+0800][18.189s] GC(9)   Pre Evacuate Collection Set: 0.0ms
[2020-04-25T23:23:00.138+0800][18.189s] GC(9)   Evacuate Collection Set: 22.2ms
[2020-04-25T23:23:00.138+0800][18.189s] GC(9)   Post Evacuate Collection Set: 0.5ms
[2020-04-25T23:23:00.138+0800][18.189s] GC(9)   Other: 0.3ms
[2020-04-25T23:23:00.138+0800][18.189s] GC(9) Eden regions: 291->0(285)
[2020-04-25T23:23:00.138+0800][18.189s] GC(9) Survivor regions: 10->22(38)
[2020-04-25T23:23:00.138+0800][18.189s] GC(9) Old regions: 19->19
[2020-04-25T23:23:00.138+0800][18.189s] GC(9) Archive regions: 0->0
[2020-04-25T23:23:00.138+0800][18.189s] GC(9) Humongous regions: 4->4
[2020-04-25T23:23:00.138+0800][18.189s] GC(9) Metaspace: 44538K->44538K(1089536K)
[2020-04-25T23:23:00.138+0800][18.189s] GC(9) Pause Young (Normal) (G1 Evacuation Pause) 322M->44M(512M) 23.396ms
[2020-04-25T23:23:00.138+0800][18.190s] GC(9) User=0.06s Sys=0.00s Real=0.02s
[2020-04-25T23:23:00.905+0800][18.957s] GC(10) Pause Young (Normal) (G1 Evacuation Pause)
[2020-04-25T23:23:00.905+0800][18.957s] GC(10) Using 4 workers of 4 for evacuation
[2020-04-25T23:23:00.927+0800][18.978s] GC(10)   Pre Evacuate Collection Set: 0.0ms
[2020-04-25T23:23:00.927+0800][18.978s] GC(10)   Evacuate Collection Set: 20.4ms
[2020-04-25T23:23:00.927+0800][18.978s] GC(10)   Post Evacuate Collection Set: 0.7ms
[2020-04-25T23:23:00.927+0800][18.979s] GC(10)   Other: 0.2ms
[2020-04-25T23:23:00.927+0800][18.979s] GC(10) Eden regions: 285->0(286)
[2020-04-25T23:23:00.927+0800][18.979s] GC(10) Survivor regions: 22->21(39)
[2020-04-25T23:23:00.927+0800][18.979s] GC(10) Old regions: 19->22
[2020-04-25T23:23:00.927+0800][18.979s] GC(10) Archive regions: 0->0
[2020-04-25T23:23:00.927+0800][18.979s] GC(10) Humongous regions: 4->4
[2020-04-25T23:23:00.927+0800][18.979s] GC(10) Metaspace: 45555K->45555K(1089536K)
[2020-04-25T23:23:00.927+0800][18.979s] GC(10) Pause Young (Normal) (G1 Evacuation Pause) 329M->46M(512M) 21.665ms
[2020-04-25T23:23:00.927+0800][18.979s] GC(10) User=0.06s Sys=0.00s Real=0.02s
[2020-04-25T23:23:02.883+0800][20.935s] GC(11) Pause Young (Normal) (G1 Evacuation Pause)
[2020-04-25T23:23:02.883+0800][20.935s] GC(11) Using 4 workers of 4 for evacuation
[2020-04-25T23:23:02.914+0800][20.966s] GC(11)   Pre Evacuate Collection Set: 0.0ms
[2020-04-25T23:23:02.914+0800][20.966s] GC(11)   Evacuate Collection Set: 29.8ms
[2020-04-25T23:23:02.914+0800][20.966s] GC(11)   Post Evacuate Collection Set: 0.6ms
[2020-04-25T23:23:02.914+0800][20.966s] GC(11)   Other: 0.3ms
[2020-04-25T23:23:02.914+0800][20.966s] GC(11) Eden regions: 286->0(285)
[2020-04-25T23:23:02.914+0800][20.966s] GC(11) Survivor regions: 21->22(39)
[2020-04-25T23:23:02.914+0800][20.966s] GC(11) Old regions: 22->24
[2020-04-25T23:23:02.914+0800][20.966s] GC(11) Archive regions: 0->0
[2020-04-25T23:23:02.914+0800][20.966s] GC(11) Humongous regions: 5->4
[2020-04-25T23:23:02.914+0800][20.966s] GC(11) Metaspace: 47412K->47412K(1091584K)
[2020-04-25T23:23:02.914+0800][20.966s] GC(11) Pause Young (Normal) (G1 Evacuation Pause) 333M->48M(512M) 30.991ms
[2020-04-25T23:23:02.914+0800][20.966s] GC(11) User=0.13s Sys=0.00s Real=0.03s
[2020-04-25T23:23:03.261+0800][21.313s] GC(12) Pause Young (Normal) (G1 Evacuation Pause)
[2020-04-25T23:23:03.261+0800][21.313s] GC(12) Using 4 workers of 4 for evacuation
[2020-04-25T23:23:03.283+0800][21.334s] GC(12)   Pre Evacuate Collection Set: 0.0ms
[2020-04-25T23:23:03.283+0800][21.334s] GC(12)   Evacuate Collection Set: 20.9ms
[2020-04-25T23:23:03.283+0800][21.334s] GC(12)   Post Evacuate Collection Set: 0.5ms
[2020-04-25T23:23:03.283+0800][21.334s] GC(12)   Other: 0.2ms
[2020-04-25T23:23:03.283+0800][21.334s] GC(12) Eden regions: 285->0(286)
[2020-04-25T23:23:03.283+0800][21.334s] GC(12) Survivor regions: 22->21(39)
[2020-04-25T23:23:03.283+0800][21.334s] GC(12) Old regions: 24->26
[2020-04-25T23:23:03.283+0800][21.334s] GC(12) Archive regions: 0->0
[2020-04-25T23:23:03.283+0800][21.334s] GC(12) Humongous regions: 4->4
[2020-04-25T23:23:03.283+0800][21.335s] GC(12) Metaspace: 47417K->47417K(1091584K)
[2020-04-25T23:23:03.283+0800][21.335s] GC(12) Pause Young (Normal) (G1 Evacuation Pause) 333M->50M(512M) 21.941ms
[2020-04-25T23:23:03.283+0800][21.335s] GC(12) User=0.11s Sys=0.00s Real=0.02s
[2020-04-25T23:23:03.637+0800][21.688s] GC(13) Pause Young (Normal) (G1 Evacuation Pause)
[2020-04-25T23:23:03.637+0800][21.688s] GC(13) Using 4 workers of 4 for evacuation
[2020-04-25T23:23:03.658+0800][21.709s] GC(13)   Pre Evacuate Collection Set: 0.0ms
[2020-04-25T23:23:03.658+0800][21.709s] GC(13)   Evacuate Collection Set: 20.0ms
[2020-04-25T23:23:03.658+0800][21.709s] GC(13)   Post Evacuate Collection Set: 0.5ms
[2020-04-25T23:23:03.658+0800][21.709s] GC(13)   Other: 0.3ms
[2020-04-25T23:23:03.658+0800][21.709s] GC(13) Eden regions: 286->0(285)
[2020-04-25T23:23:03.658+0800][21.709s] GC(13) Survivor regions: 21->22(39)
[2020-04-25T23:23:03.658+0800][21.709s] GC(13) Old regions: 26->26
[2020-04-25T23:23:03.658+0800][21.709s] GC(13) Archive regions: 0->0
[2020-04-25T23:23:03.658+0800][21.709s] GC(13) Humongous regions: 4->4
[2020-04-25T23:23:03.658+0800][21.709s] GC(13) Metaspace: 47434K->47434K(1091584K)
[2020-04-25T23:23:03.658+0800][21.709s] GC(13) Pause Young (Normal) (G1 Evacuation Pause) 336M->51M(512M) 21.072ms
[2020-04-25T23:23:03.658+0800][21.709s] GC(13) User=0.13s Sys=0.00s Real=0.02s
[2020-04-25T23:23:04.028+0800][22.080s] GC(14) Pause Young (Normal) (G1 Evacuation Pause)
[2020-04-25T23:23:04.028+0800][22.081s] GC(14) Using 4 workers of 4 for evacuation
[2020-04-25T23:23:04.048+0800][22.100s] GC(14)   Pre Evacuate Collection Set: 0.0ms
[2020-04-25T23:23:04.048+0800][22.100s] GC(14)   Evacuate Collection Set: 18.6ms
[2020-04-25T23:23:04.048+0800][22.100s] GC(14)   Post Evacuate Collection Set: 0.5ms
[2020-04-25T23:23:04.048+0800][22.100s] GC(14)   Other: 0.2ms
[2020-04-25T23:23:04.048+0800][22.100s] GC(14) Eden regions: 285->0(299)
[2020-04-25T23:23:04.048+0800][22.100s] GC(14) Survivor regions: 22->8(39)
[2020-04-25T23:23:04.048+0800][22.100s] GC(14) Old regions: 26->40
[2020-04-25T23:23:04.048+0800][22.100s] GC(14) Archive regions: 0->0
[2020-04-25T23:23:04.048+0800][22.100s] GC(14) Humongous regions: 4->4
[2020-04-25T23:23:04.048+0800][22.100s] GC(14) Metaspace: 47435K->47435K(1091584K)
[2020-04-25T23:23:04.048+0800][22.100s] GC(14) Pause Young (Normal) (G1 Evacuation Pause) 336M->51M(512M) 19.694ms
[2020-04-25T23:23:04.048+0800][22.100s] GC(14) User=0.06s Sys=0.05s Real=0.02s
[2020-04-25T23:23:04.462+0800][22.514s] GC(15) Pause Young (Normal) (G1 Evacuation Pause)
[2020-04-25T23:23:04.463+0800][22.514s] GC(15) Using 4 workers of 4 for evacuation
[2020-04-25T23:23:04.469+0800][22.521s] GC(15)   Pre Evacuate Collection Set: 0.0ms
[2020-04-25T23:23:04.469+0800][22.521s] GC(15)   Evacuate Collection Set: 5.8ms
[2020-04-25T23:23:04.469+0800][22.521s] GC(15)   Post Evacuate Collection Set: 0.5ms
[2020-04-25T23:23:04.469+0800][22.521s] GC(15)   Other: 0.2ms
[2020-04-25T23:23:04.469+0800][22.521s] GC(15) Eden regions: 299->0(298)
[2020-04-25T23:23:04.469+0800][22.521s] GC(15) Survivor regions: 8->9(39)
[2020-04-25T23:23:04.469+0800][22.521s] GC(15) Old regions: 40->40
[2020-04-25T23:23:04.469+0800][22.521s] GC(15) Archive regions: 0->0
[2020-04-25T23:23:04.469+0800][22.521s] GC(15) Humongous regions: 4->4
[2020-04-25T23:23:04.469+0800][22.521s] GC(15) Metaspace: 47437K->47437K(1091584K)
[2020-04-25T23:23:04.469+0800][22.521s] GC(15) Pause Young (Normal) (G1 Evacuation Pause) 350M->52M(512M) 6.825ms
[2020-04-25T23:23:04.469+0800][22.521s] GC(15) User=0.06s Sys=0.00s Real=0.01s
[2020-04-25T23:23:04.871+0800][22.923s] GC(16) Pause Young (Normal) (G1 Evacuation Pause)
[2020-04-25T23:23:04.871+0800][22.923s] GC(16) Using 4 workers of 4 for evacuation
[2020-04-25T23:23:04.877+0800][22.929s] GC(16)   Pre Evacuate Collection Set: 0.0ms
[2020-04-25T23:23:04.877+0800][22.929s] GC(16)   Evacuate Collection Set: 5.3ms
[2020-04-25T23:23:04.877+0800][22.929s] GC(16)   Post Evacuate Collection Set: 0.5ms
[2020-04-25T23:23:04.877+0800][22.929s] GC(16)   Other: 0.3ms
[2020-04-25T23:23:04.877+0800][22.929s] GC(16) Eden regions: 298->0(298)
[2020-04-25T23:23:04.877+0800][22.929s] GC(16) Survivor regions: 9->9(39)
[2020-04-25T23:23:04.877+0800][22.929s] GC(16) Old regions: 40->40
[2020-04-25T23:23:04.877+0800][22.929s] GC(16) Archive regions: 0->0
[2020-04-25T23:23:04.878+0800][22.929s] GC(16) Humongous regions: 4->4
[2020-04-25T23:23:04.878+0800][22.929s] GC(16) Metaspace: 47437K->47437K(1091584K)
[2020-04-25T23:23:04.878+0800][22.929s] GC(16) Pause Young (Normal) (G1 Evacuation Pause) 350M->52M(512M) 6.584ms
[2020-04-25T23:23:04.878+0800][22.929s] GC(16) User=0.06s Sys=0.00s Real=0.01s
[2020-04-25T23:23:05.201+0800][23.253s] GC(17) Pause Young (Normal) (G1 Evacuation Pause)
[2020-04-25T23:23:05.201+0800][23.253s] GC(17) Using 4 workers of 4 for evacuation
[2020-04-25T23:23:05.208+0800][23.259s] GC(17)   Pre Evacuate Collection Set: 0.1ms
[2020-04-25T23:23:05.208+0800][23.259s] GC(17)   Evacuate Collection Set: 5.8ms
[2020-04-25T23:23:05.208+0800][23.259s] GC(17)   Post Evacuate Collection Set: 0.6ms
[2020-04-25T23:23:05.208+0800][23.260s] GC(17)   Other: 0.4ms
[2020-04-25T23:23:05.208+0800][23.260s] GC(17) Eden regions: 298->0(297)
[2020-04-25T23:23:05.208+0800][23.260s] GC(17) Survivor regions: 9->10(39)
[2020-04-25T23:23:05.208+0800][23.260s] GC(17) Old regions: 40->40
[2020-04-25T23:23:05.208+0800][23.260s] GC(17) Archive regions: 0->0
[2020-04-25T23:23:05.208+0800][23.260s] GC(17) Humongous regions: 4->4
[2020-04-25T23:23:05.208+0800][23.260s] GC(17) Metaspace: 47441K->47441K(1091584K)
[2020-04-25T23:23:05.208+0800][23.260s] GC(17) Pause Young (Normal) (G1 Evacuation Pause) 350M->53M(512M) 7.137ms
[2020-04-25T23:23:05.208+0800][23.260s] GC(17) User=0.00s Sys=0.00s Real=0.01s
[2020-04-25T23:23:05.410+0800][23.462s] GC(18) Pause Young (Normal) (G1 Evacuation Pause)
[2020-04-25T23:23:05.410+0800][23.462s] GC(18) Using 4 workers of 4 for evacuation
[2020-04-25T23:23:05.418+0800][23.469s] GC(18)   Pre Evacuate Collection Set: 0.0ms
[2020-04-25T23:23:05.418+0800][23.470s] GC(18)   Evacuate Collection Set: 7.2ms
[2020-04-25T23:23:05.418+0800][23.470s] GC(18)   Post Evacuate Collection Set: 0.5ms
[2020-04-25T23:23:05.418+0800][23.470s] GC(18)   Other: 0.2ms
[2020-04-25T23:23:05.418+0800][23.470s] GC(18) Eden regions: 297->0(297)
[2020-04-25T23:23:05.418+0800][23.470s] GC(18) Survivor regions: 10->10(39)
[2020-04-25T23:23:05.418+0800][23.470s] GC(18) Old regions: 40->40
[2020-04-25T23:23:05.418+0800][23.470s] GC(18) Archive regions: 0->0
[2020-04-25T23:23:05.418+0800][23.470s] GC(18) Humongous regions: 4->4
[2020-04-25T23:23:05.418+0800][23.470s] GC(18) Metaspace: 47443K->47443K(1091584K)
[2020-04-25T23:23:05.418+0800][23.470s] GC(18) Pause Young (Normal) (G1 Evacuation Pause) 350M->53M(512M) 8.234ms
[2020-04-25T23:23:05.418+0800][23.470s] GC(18) User=0.00s Sys=0.00s Real=0.01s
[2020-04-25T23:23:05.578+0800][23.630s] GC(19) Pause Young (Normal) (G1 Evacuation Pause)
[2020-04-25T23:23:05.578+0800][23.630s] GC(19) Using 4 workers of 4 for evacuation
[2020-04-25T23:23:05.586+0800][23.637s] GC(19)   Pre Evacuate Collection Set: 0.1ms
[2020-04-25T23:23:05.586+0800][23.637s] GC(19)   Evacuate Collection Set: 6.3ms
[2020-04-25T23:23:05.586+0800][23.637s] GC(19)   Post Evacuate Collection Set: 0.6ms
[2020-04-25T23:23:05.586+0800][23.637s] GC(19)   Other: 0.4ms
[2020-04-25T23:23:05.586+0800][23.637s] GC(19) Eden regions: 297->0(297)
[2020-04-25T23:23:05.586+0800][23.638s] GC(19) Survivor regions: 10->10(39)
[2020-04-25T23:23:05.586+0800][23.638s] GC(19) Old regions: 40->40
[2020-04-25T23:23:05.586+0800][23.638s] GC(19) Archive regions: 0->0
[2020-04-25T23:23:05.586+0800][23.638s] GC(19) Humongous regions: 5->5
[2020-04-25T23:23:05.586+0800][23.638s] GC(19) Metaspace: 47443K->47443K(1091584K)
[2020-04-25T23:23:05.586+0800][23.638s] GC(19) Pause Young (Normal) (G1 Evacuation Pause) 351M->54M(512M) 7.568ms
[2020-04-25T23:23:05.586+0800][23.638s] GC(19) User=0.00s Sys=0.00s Real=0.01s
[2020-04-25T23:23:05.727+0800][23.779s] GC(20) Pause Young (Normal) (G1 Evacuation Pause)
[2020-04-25T23:23:05.727+0800][23.779s] GC(20) Using 4 workers of 4 for evacuation
[2020-04-25T23:23:05.734+0800][23.786s] GC(20)   Pre Evacuate Collection Set: 0.0ms
[2020-04-25T23:23:05.734+0800][23.786s] GC(20)   Evacuate Collection Set: 6.1ms
[2020-04-25T23:23:05.734+0800][23.786s] GC(20)   Post Evacuate Collection Set: 0.4ms
[2020-04-25T23:23:05.734+0800][23.786s] GC(20)   Other: 0.2ms
[2020-04-25T23:23:05.734+0800][23.786s] GC(20) Eden regions: 297->0(296)
[2020-04-25T23:23:05.734+0800][23.786s] GC(20) Survivor regions: 10->11(39)
[2020-04-25T23:23:05.734+0800][23.786s] GC(20) Old regions: 40->40
[2020-04-25T23:23:05.734+0800][23.786s] GC(20) Archive regions: 0->0
[2020-04-25T23:23:05.734+0800][23.786s] GC(20) Humongous regions: 6->6
[2020-04-25T23:23:05.734+0800][23.786s] GC(20) Metaspace: 47443K->47443K(1091584K)
[2020-04-25T23:23:05.734+0800][23.786s] GC(20) Pause Young (Normal) (G1 Evacuation Pause) 352M->56M(512M) 7.133ms
[2020-04-25T23:23:05.734+0800][23.786s] GC(20) User=0.05s Sys=0.00s Real=0.01s
[2020-04-25T23:23:08.030+0800][26.082s] GC(21) Pause Young (Normal) (G1 Evacuation Pause)
[2020-04-25T23:23:08.030+0800][26.082s] GC(21) Using 4 workers of 4 for evacuation
[2020-04-25T23:23:08.037+0800][26.088s] GC(21)   Pre Evacuate Collection Set: 0.0ms
[2020-04-25T23:23:08.037+0800][26.088s] GC(21)   Evacuate Collection Set: 5.6ms
[2020-04-25T23:23:08.037+0800][26.088s] GC(21)   Post Evacuate Collection Set: 0.4ms
[2020-04-25T23:23:08.037+0800][26.088s] GC(21)   Other: 0.2ms
[2020-04-25T23:23:08.037+0800][26.088s] GC(21) Eden regions: 296->0(296)
[2020-04-25T23:23:08.037+0800][26.088s] GC(21) Survivor regions: 11->11(39)
[2020-04-25T23:23:08.037+0800][26.088s] GC(21) Old regions: 40->40
[2020-04-25T23:23:08.037+0800][26.088s] GC(21) Archive regions: 0->0
[2020-04-25T23:23:08.037+0800][26.088s] GC(21) Humongous regions: 7->6
[2020-04-25T23:23:08.037+0800][26.088s] GC(21) Metaspace: 47499K->47499K(1091584K)
[2020-04-25T23:23:08.037+0800][26.089s] GC(21) Pause Young (Normal) (G1 Evacuation Pause) 353M->56M(512M) 6.507ms
[2020-04-25T23:23:08.037+0800][26.089s] GC(21) User=0.00s Sys=0.00s Real=0.01s
[2020-04-25T23:56:55.838+0800][2053.890s] GC(22) Pause Young (Normal) (G1 Evacuation Pause)
[2020-04-25T23:56:55.838+0800][2053.890s] GC(22) Using 4 workers of 4 for evacuation
[2020-04-25T23:56:55.861+0800][2053.913s] GC(22)   Pre Evacuate Collection Set: 0.6ms
[2020-04-25T23:56:55.861+0800][2053.913s] GC(22)   Evacuate Collection Set: 19.3ms
[2020-04-25T23:56:55.861+0800][2053.913s] GC(22)   Post Evacuate Collection Set: 2.5ms
[2020-04-25T23:56:55.861+0800][2053.913s] GC(22)   Other: 0.8ms
[2020-04-25T23:56:55.861+0800][2053.913s] GC(22) Eden regions: 296->0(301)
[2020-04-25T23:56:55.861+0800][2053.913s] GC(22) Survivor regions: 11->6(39)
[2020-04-25T23:56:55.861+0800][2053.913s] GC(22) Old regions: 40->40
[2020-04-25T23:56:55.861+0800][2053.913s] GC(22) Archive regions: 0->0
[2020-04-25T23:56:55.861+0800][2053.913s] GC(22) Humongous regions: 9->7
[2020-04-25T23:56:55.861+0800][2053.913s] GC(22) Metaspace: 49037K->49037K(1093632K)
[2020-04-25T23:56:55.861+0800][2053.913s] GC(22) Pause Young (Normal) (G1 Evacuation Pause) 355M->52M(512M) 23.180ms
[2020-04-25T23:56:55.861+0800][2053.913s] GC(22) User=0.08s Sys=0.05s Real=0.02s
[2020-04-26T00:24:05.479+0800][3683.531s] Heap
[2020-04-26T00:24:05.479+0800][3683.531s]  garbage-first heap   total 524288K, used 360171K [0x00000000e0000000, 0x0000000100000000)
[2020-04-26T00:24:05.479+0800][3683.531s]   region size 1024K, 307 young (314368K), 6 survivors (6144K)
[2020-04-26T00:24:05.479+0800][3683.531s]  Metaspace       used 50038K, capacity 51088K, committed 51276K, reserved 1093632K
[2020-04-26T00:24:05.479+0800][3683.531s]   class space    used 5769K, capacity 6177K, committed 6272K, reserved 1048576K
