[2020-03-16T13:30:44.122+0800][0.019s] Heap region size: 1M
[2020-03-16T13:30:44.350+0800][0.247s] Using G1
[2020-03-16T13:30:44.350+0800][0.247s] Heap address: 0x00000000e0000000, size: 512 MB, Compressed Oops mode: 32-bit
[2020-03-16T13:30:44.372+0800][0.269s] Periodic GC disabled
[2020-03-16T13:30:47.658+0800][3.555s] GC(0) Pause Young (Normal) (G1 Evacuation Pause)
[2020-03-16T13:30:47.659+0800][3.555s] GC(0) Using 4 workers of 4 for evacuation
[2020-03-16T13:30:47.663+0800][3.559s] GC(0)   Pre Evacuate Collection Set: 0.0ms
[2020-03-16T13:30:47.663+0800][3.559s] GC(0)   Evacuate Collection Set: 3.5ms
[2020-03-16T13:30:47.663+0800][3.559s] GC(0)   Post Evacuate Collection Set: 0.3ms
[2020-03-16T13:30:47.663+0800][3.559s] GC(0)   Other: 0.4ms
[2020-03-16T13:30:47.679+0800][3.576s] GC(0) Eden regions: 25->0(303)
[2020-03-16T13:30:47.679+0800][3.576s] GC(0) Survivor regions: 0->4(4)
[2020-03-16T13:30:47.679+0800][3.576s] GC(0) Old regions: 0->0
[2020-03-16T13:30:47.679+0800][3.576s] GC(0) Archive regions: 0->0
[2020-03-16T13:30:47.679+0800][3.576s] GC(0) Humongous regions: 0->0
[2020-03-16T13:30:47.679+0800][3.576s] GC(0) Metaspace: 5850K->5850K(1056768K)
[2020-03-16T13:30:47.679+0800][3.576s] GC(0) Pause Young (Normal) (G1 Evacuation Pause) 25M->3M(512M) 21.056ms
[2020-03-16T13:30:47.679+0800][3.576s] GC(0) User=0.00s Sys=0.00s Real=0.02s
[2020-03-16T13:30:51.128+0800][7.024s] GC(1) Pause Young (Concurrent Start) (Metadata GC Threshold)
[2020-03-16T13:30:51.128+0800][7.024s] GC(1) Using 4 workers of 4 for evacuation
[2020-03-16T13:30:51.148+0800][7.044s] GC(1)   Pre Evacuate Collection Set: 0.0ms
[2020-03-16T13:30:51.148+0800][7.044s] GC(1)   Evacuate Collection Set: 18.7ms
[2020-03-16T13:30:51.148+0800][7.044s] GC(1)   Post Evacuate Collection Set: 1.0ms
[2020-03-16T13:30:51.148+0800][7.044s] GC(1)   Other: 0.2ms
[2020-03-16T13:30:51.148+0800][7.044s] GC(1) Eden regions: 108->0(68)
[2020-03-16T13:30:51.148+0800][7.044s] GC(1) Survivor regions: 4->20(39)
[2020-03-16T13:30:51.148+0800][7.044s] GC(1) Old regions: 0->0
[2020-03-16T13:30:51.148+0800][7.044s] GC(1) Archive regions: 0->0
[2020-03-16T13:30:51.148+0800][7.044s] GC(1) Humongous regions: 4->4
[2020-03-16T13:30:51.148+0800][7.044s] GC(1) Metaspace: 20698K->20698K(1069056K)
[2020-03-16T13:30:51.148+0800][7.044s] GC(1) Pause Young (Concurrent Start) (Metadata GC Threshold) 115M->23M(512M) 20.173ms
[2020-03-16T13:30:51.148+0800][7.044s] GC(1) User=0.03s Sys=0.00s Real=0.02s
[2020-03-16T13:30:51.148+0800][7.044s] GC(2) Concurrent Cycle
[2020-03-16T13:30:51.148+0800][7.044s] GC(2) Concurrent Clear Claimed Marks
[2020-03-16T13:30:51.148+0800][7.044s] GC(2) Concurrent Clear Claimed Marks 0.042ms
[2020-03-16T13:30:51.148+0800][7.044s] GC(2) Concurrent Scan Root Regions
[2020-03-16T13:30:51.158+0800][7.054s] GC(2) Concurrent Scan Root Regions 9.796ms
[2020-03-16T13:30:51.158+0800][7.054s] GC(2) Concurrent Mark (7.054s)
[2020-03-16T13:30:51.158+0800][7.054s] GC(2) Concurrent Mark From Roots
[2020-03-16T13:30:51.158+0800][7.054s] GC(2) Using 1 workers of 1 for marking
[2020-03-16T13:30:51.172+0800][7.068s] GC(2) Concurrent Mark From Roots 13.811ms
[2020-03-16T13:30:51.172+0800][7.068s] GC(2) Concurrent Preclean
[2020-03-16T13:30:51.172+0800][7.068s] GC(2) Concurrent Preclean 0.074ms
[2020-03-16T13:30:51.172+0800][7.068s] GC(2) Concurrent Mark (7.054s, 7.068s) 13.975ms
[2020-03-16T13:30:51.172+0800][7.068s] GC(2) Pause Remark
[2020-03-16T13:30:51.173+0800][7.069s] GC(2) Cleaned string table, strings: 13229 processed, 0 removed
[2020-03-16T13:30:51.173+0800][7.069s] GC(2) Pause Remark 24M->24M(512M) 1.291ms
[2020-03-16T13:30:51.173+0800][7.069s] GC(2) User=0.00s Sys=0.00s Real=0.00s
[2020-03-16T13:30:51.173+0800][7.069s] GC(2) Concurrent Rebuild Remembered Sets
[2020-03-16T13:30:51.175+0800][7.071s] GC(2) Concurrent Rebuild Remembered Sets 1.405ms
[2020-03-16T13:30:51.175+0800][7.071s] GC(2) Pause Cleanup
[2020-03-16T13:30:51.175+0800][7.072s] GC(2) Pause Cleanup 24M->24M(512M) 0.083ms
[2020-03-16T13:30:51.175+0800][7.072s] GC(2) User=0.00s Sys=0.00s Real=0.00s
[2020-03-16T13:30:51.175+0800][7.072s] GC(2) Concurrent Cleanup for Next Mark
[2020-03-16T13:30:51.176+0800][7.072s] GC(2) Concurrent Cleanup for Next Mark 0.871ms
[2020-03-16T13:30:51.176+0800][7.073s] GC(2) Concurrent Cycle 28.412ms
[2020-03-16T13:30:52.498+0800][8.394s] GC(3) Pause Young (Normal) (G1 Evacuation Pause)
[2020-03-16T13:30:52.498+0800][8.394s] GC(3) Using 4 workers of 4 for evacuation
[2020-03-16T13:30:52.518+0800][8.415s] GC(3)   Pre Evacuate Collection Set: 0.0ms
[2020-03-16T13:30:52.518+0800][8.415s] GC(3)   Evacuate Collection Set: 19.9ms
[2020-03-16T13:30:52.518+0800][8.415s] GC(3)   Post Evacuate Collection Set: 0.6ms
[2020-03-16T13:30:52.519+0800][8.415s] GC(3)   Other: 0.1ms
[2020-03-16T13:30:52.519+0800][8.415s] GC(3) Eden regions: 62->0(135)
[2020-03-16T13:30:52.519+0800][8.415s] GC(3) Survivor regions: 20->4(11)
[2020-03-16T13:30:52.519+0800][8.415s] GC(3) Old regions: 0->19
[2020-03-16T13:30:52.519+0800][8.415s] GC(3) Archive regions: 0->0
[2020-03-16T13:30:52.519+0800][8.415s] GC(3) Humongous regions: 4->4
[2020-03-16T13:30:52.519+0800][8.415s] GC(3) Metaspace: 29266K->29266K(1075200K)
[2020-03-16T13:30:52.519+0800][8.415s] GC(3) Pause Young (Normal) (G1 Evacuation Pause) 85M->26M(512M) 20.845ms
[2020-03-16T13:30:52.519+0800][8.415s] GC(3) User=0.06s Sys=0.00s Real=0.02s
[2020-03-16T13:32:59.423+0800][135.320s] GC(4) Pause Young (Concurrent Start) (Metadata GC Threshold)
[2020-03-16T13:32:59.423+0800][135.320s] GC(4) Using 4 workers of 4 for evacuation
[2020-03-16T13:32:59.434+0800][135.331s] GC(4)   Pre Evacuate Collection Set: 0.1ms
[2020-03-16T13:32:59.434+0800][135.331s] GC(4)   Evacuate Collection Set: 9.8ms
[2020-03-16T13:32:59.434+0800][135.331s] GC(4)   Post Evacuate Collection Set: 0.5ms
[2020-03-16T13:32:59.434+0800][135.331s] GC(4)   Other: 0.3ms
[2020-03-16T13:32:59.434+0800][135.331s] GC(4) Eden regions: 110->0(117)
[2020-03-16T13:32:59.434+0800][135.331s] GC(4) Survivor regions: 4->7(18)
[2020-03-16T13:32:59.434+0800][135.331s] GC(4) Old regions: 19->19
[2020-03-16T13:32:59.434+0800][135.331s] GC(4) Archive regions: 0->0
[2020-03-16T13:32:59.434+0800][135.331s] GC(4) Humongous regions: 4->4
[2020-03-16T13:32:59.434+0800][135.331s] GC(4) Metaspace: 34975K->34975K(1081344K)
[2020-03-16T13:32:59.434+0800][135.331s] GC(4) Pause Young (Concurrent Start) (Metadata GC Threshold) 136M->29M(512M) 10.960ms
[2020-03-16T13:32:59.434+0800][135.331s] GC(4) User=0.05s Sys=0.00s Real=0.01s
[2020-03-16T13:32:59.434+0800][135.331s] GC(5) Concurrent Cycle
[2020-03-16T13:32:59.434+0800][135.331s] GC(5) Concurrent Clear Claimed Marks
[2020-03-16T13:32:59.434+0800][135.331s] GC(5) Concurrent Clear Claimed Marks 0.056ms
[2020-03-16T13:32:59.434+0800][135.331s] GC(5) Concurrent Scan Root Regions
[2020-03-16T13:32:59.441+0800][135.338s] GC(5) Concurrent Scan Root Regions 6.731ms
[2020-03-16T13:32:59.441+0800][135.338s] GC(5) Concurrent Mark (135.338s)
[2020-03-16T13:32:59.441+0800][135.338s] GC(5) Concurrent Mark From Roots
[2020-03-16T13:32:59.441+0800][135.338s] GC(5) Using 1 workers of 1 for marking
[2020-03-16T13:32:59.489+0800][135.386s] GC(5) Concurrent Mark From Roots 48.237ms
[2020-03-16T13:32:59.489+0800][135.386s] GC(5) Concurrent Preclean
[2020-03-16T13:32:59.490+0800][135.386s] GC(5) Concurrent Preclean 0.159ms
[2020-03-16T13:32:59.490+0800][135.386s] GC(5) Concurrent Mark (135.338s, 135.386s) 48.498ms
[2020-03-16T13:32:59.490+0800][135.387s] GC(5) Pause Remark
[2020-03-16T13:32:59.492+0800][135.389s] GC(5) Cleaned string table, strings: 20496 processed, 25 removed
[2020-03-16T13:32:59.493+0800][135.390s] GC(5) Pause Remark 32M->32M(512M) 2.994ms
[2020-03-16T13:32:59.493+0800][135.390s] GC(5) User=0.05s Sys=0.00s Real=0.00s
[2020-03-16T13:32:59.493+0800][135.390s] GC(5) Concurrent Rebuild Remembered Sets
[2020-03-16T13:32:59.513+0800][135.410s] GC(5) Concurrent Rebuild Remembered Sets 20.642ms
[2020-03-16T13:32:59.514+0800][135.411s] GC(5) Pause Cleanup
[2020-03-16T13:32:59.514+0800][135.411s] GC(5) Pause Cleanup 33M->33M(512M) 0.096ms
[2020-03-16T13:32:59.514+0800][135.411s] GC(5) User=0.00s Sys=0.00s Real=0.00s
[2020-03-16T13:32:59.514+0800][135.411s] GC(5) Concurrent Cleanup for Next Mark
[2020-03-16T13:32:59.515+0800][135.412s] GC(5) Concurrent Cleanup for Next Mark 1.243ms
[2020-03-16T13:32:59.515+0800][135.412s] GC(5) Concurrent Cycle 81.061ms
[2020-03-16T13:33:00.256+0800][136.152s] GC(6) Pause Young (Normal) (G1 Evacuation Pause)
[2020-03-16T13:33:00.256+0800][136.152s] GC(6) Using 4 workers of 4 for evacuation
[2020-03-16T13:33:00.263+0800][136.160s] GC(6)   Pre Evacuate Collection Set: 0.0ms
[2020-03-16T13:33:00.264+0800][136.160s] GC(6)   Evacuate Collection Set: 7.1ms
[2020-03-16T13:33:00.264+0800][136.160s] GC(6)   Post Evacuate Collection Set: 0.4ms
[2020-03-16T13:33:00.264+0800][136.160s] GC(6)   Other: 0.2ms
[2020-03-16T13:33:00.264+0800][136.160s] GC(6) Eden regions: 118->0(295)
[2020-03-16T13:33:00.264+0800][136.160s] GC(6) Survivor regions: 7->9(16)
[2020-03-16T13:33:00.264+0800][136.160s] GC(6) Old regions: 19->19
[2020-03-16T13:33:00.264+0800][136.160s] GC(6) Archive regions: 0->0
[2020-03-16T13:33:00.264+0800][136.160s] GC(6) Humongous regions: 5->4
[2020-03-16T13:33:00.264+0800][136.160s] GC(6) Metaspace: 36701K->36701K(1083392K)
[2020-03-16T13:33:00.264+0800][136.160s] GC(6) Pause Young (Normal) (G1 Evacuation Pause) 148M->31M(512M) 8.027ms
[2020-03-16T13:33:00.264+0800][136.160s] GC(6) User=0.06s Sys=0.00s Real=0.01s
[2020-03-16T14:00:20.382+0800][1776.279s] GC(7) Pause Young (Normal) (G1 Evacuation Pause)
[2020-03-16T14:00:20.382+0800][1776.279s] GC(7) Using 4 workers of 4 for evacuation
[2020-03-16T14:00:20.408+0800][1776.305s] GC(7)   Pre Evacuate Collection Set: 0.1ms
[2020-03-16T14:00:20.408+0800][1776.305s] GC(7)   Evacuate Collection Set: 24.2ms
[2020-03-16T14:00:20.408+0800][1776.305s] GC(7)   Post Evacuate Collection Set: 1.3ms
[2020-03-16T14:00:20.408+0800][1776.305s] GC(7)   Other: 0.3ms
[2020-03-16T14:00:20.408+0800][1776.305s] GC(7) Eden regions: 295->0(289)
[2020-03-16T14:00:20.408+0800][1776.305s] GC(7) Survivor regions: 9->18(38)
[2020-03-16T14:00:20.408+0800][1776.305s] GC(7) Old regions: 19->19
[2020-03-16T14:00:20.408+0800][1776.305s] GC(7) Archive regions: 0->0
[2020-03-16T14:00:20.408+0800][1776.305s] GC(7) Humongous regions: 18->8
[2020-03-16T14:00:20.408+0800][1776.305s] GC(7) Metaspace: 49034K->49034K(1093632K)
[2020-03-16T14:00:20.408+0800][1776.305s] GC(7) Pause Young (Normal) (G1 Evacuation Pause) 340M->44M(512M) 26.237ms
[2020-03-16T14:00:20.409+0800][1776.305s] GC(7) User=0.09s Sys=0.03s Real=0.03s
