[2020-04-26T00:29:08.024+0800][0.042s] Heap region size: 1M
[2020-04-26T00:29:08.250+0800][0.268s] Using G1
[2020-04-26T00:29:08.250+0800][0.268s] Heap address: 0x00000000e0000000, size: 512 MB, Compressed Oops mode: 32-bit
[2020-04-26T00:29:08.274+0800][0.291s] Periodic GC disabled
[2020-04-26T00:29:10.384+0800][2.402s] GC(0) Pause Young (Normal) (G1 Evacuation Pause)
[2020-04-26T00:29:10.384+0800][2.402s] GC(0) Using 4 workers of 4 for evacuation
[2020-04-26T00:29:10.431+0800][2.449s] GC(0)   Pre Evacuate Collection Set: 0.0ms
[2020-04-26T00:29:10.431+0800][2.449s] GC(0)   Evacuate Collection Set: 46.3ms
[2020-04-26T00:29:10.431+0800][2.449s] GC(0)   Post Evacuate Collection Set: 0.4ms
[2020-04-26T00:29:10.431+0800][2.449s] GC(0)   Other: 0.6ms
[2020-04-26T00:29:10.432+0800][2.449s] GC(0) Eden regions: 25->0(304)
[2020-04-26T00:29:10.432+0800][2.449s] GC(0) Survivor regions: 0->3(4)
[2020-04-26T00:29:10.432+0800][2.450s] GC(0) Old regions: 0->0
[2020-04-26T00:29:10.432+0800][2.450s] GC(0) Archive regions: 0->0
[2020-04-26T00:29:10.432+0800][2.450s] GC(0) Humongous regions: 0->0
[2020-04-26T00:29:10.432+0800][2.450s] GC(0) Metaspace: 5383K->5383K(1056768K)
[2020-04-26T00:29:10.432+0800][2.450s] GC(0) Pause Young (Normal) (G1 Evacuation Pause) 25M->2M(512M) 48.049ms
[2020-04-26T00:29:10.432+0800][2.450s] GC(0) User=0.02s Sys=0.00s Real=0.05s
[2020-04-26T00:29:14.790+0800][6.808s] GC(1) Pause Young (Concurrent Start) (Metadata GC Threshold)
[2020-04-26T00:29:14.790+0800][6.808s] GC(1) Using 4 workers of 4 for evacuation
[2020-04-26T00:29:14.812+0800][6.830s] GC(1)   Pre Evacuate Collection Set: 0.0ms
[2020-04-26T00:29:14.812+0800][6.830s] GC(1)   Evacuate Collection Set: 20.7ms
[2020-04-26T00:29:14.812+0800][6.830s] GC(1)   Post Evacuate Collection Set: 1.2ms
[2020-04-26T00:29:14.812+0800][6.830s] GC(1)   Other: 0.2ms
[2020-04-26T00:29:14.812+0800][6.830s] GC(1) Eden regions: 112->0(69)
[2020-04-26T00:29:14.812+0800][6.830s] GC(1) Survivor regions: 3->19(39)
[2020-04-26T00:29:14.812+0800][6.830s] GC(1) Old regions: 0->0
[2020-04-26T00:29:14.813+0800][6.830s] GC(1) Archive regions: 0->0
[2020-04-26T00:29:14.813+0800][6.830s] GC(1) Humongous regions: 4->4
[2020-04-26T00:29:14.813+0800][6.830s] GC(1) Metaspace: 20671K->20671K(1069056K)
[2020-04-26T00:29:14.813+0800][6.830s] GC(1) Pause Young (Concurrent Start) (Metadata GC Threshold) 118M->23M(512M) 22.546ms
[2020-04-26T00:29:14.813+0800][6.830s] GC(1) User=0.13s Sys=0.00s Real=0.02s
[2020-04-26T00:29:14.813+0800][6.830s] GC(2) Concurrent Cycle
[2020-04-26T00:29:14.813+0800][6.830s] GC(2) Concurrent Clear Claimed Marks
[2020-04-26T00:29:14.813+0800][6.830s] GC(2) Concurrent Clear Claimed Marks 0.036ms
[2020-04-26T00:29:14.813+0800][6.830s] GC(2) Concurrent Scan Root Regions
[2020-04-26T00:29:14.824+0800][6.842s] GC(2) Concurrent Scan Root Regions 11.433ms
[2020-04-26T00:29:14.824+0800][6.842s] GC(2) Concurrent Mark (6.842s)
[2020-04-26T00:29:14.824+0800][6.842s] GC(2) Concurrent Mark From Roots
[2020-04-26T00:29:14.824+0800][6.842s] GC(2) Using 1 workers of 1 for marking
[2020-04-26T00:29:14.827+0800][6.845s] GC(2) Concurrent Mark From Roots 2.770ms
[2020-04-26T00:29:14.827+0800][6.845s] GC(2) Concurrent Preclean
[2020-04-26T00:29:14.827+0800][6.845s] GC(2) Concurrent Preclean 0.062ms
[2020-04-26T00:29:14.827+0800][6.845s] GC(2) Concurrent Mark (6.842s, 6.845s) 2.908ms
[2020-04-26T00:29:14.827+0800][6.845s] GC(2) Pause Remark
[2020-04-26T00:29:14.829+0800][6.846s] GC(2) Cleaned string table, strings: 13189 processed, 0 removed
[2020-04-26T00:29:14.829+0800][6.846s] GC(2) Pause Remark 24M->24M(512M) 1.398ms
[2020-04-26T00:29:14.829+0800][6.846s] GC(2) User=0.00s Sys=0.00s Real=0.00s
[2020-04-26T00:29:14.829+0800][6.846s] GC(2) Concurrent Rebuild Remembered Sets
[2020-04-26T00:29:14.830+0800][6.848s] GC(2) Concurrent Rebuild Remembered Sets 1.399ms
[2020-04-26T00:29:14.830+0800][6.848s] GC(2) Pause Cleanup
[2020-04-26T00:29:14.831+0800][6.848s] GC(2) Pause Cleanup 24M->24M(512M) 0.115ms
[2020-04-26T00:29:14.831+0800][6.848s] GC(2) User=0.00s Sys=0.00s Real=0.00s
[2020-04-26T00:29:14.831+0800][6.848s] GC(2) Concurrent Cleanup for Next Mark
[2020-04-26T00:29:14.832+0800][6.849s] GC(2) Concurrent Cleanup for Next Mark 0.790ms
[2020-04-26T00:29:14.832+0800][6.849s] GC(2) Concurrent Cycle 18.957ms
[2020-04-26T00:29:16.214+0800][8.232s] GC(3) Pause Young (Normal) (G1 Evacuation Pause)
[2020-04-26T00:29:16.214+0800][8.232s] GC(3) Using 4 workers of 4 for evacuation
[2020-04-26T00:29:16.240+0800][8.258s] GC(3)   Pre Evacuate Collection Set: 0.0ms
[2020-04-26T00:29:16.240+0800][8.258s] GC(3)   Evacuate Collection Set: 25.2ms
[2020-04-26T00:29:16.240+0800][8.258s] GC(3)   Post Evacuate Collection Set: 0.6ms
[2020-04-26T00:29:16.240+0800][8.258s] GC(3)   Other: 0.2ms
[2020-04-26T00:29:16.240+0800][8.258s] GC(3) Eden regions: 63->0(93)
[2020-04-26T00:29:16.240+0800][8.258s] GC(3) Survivor regions: 19->5(11)
[2020-04-26T00:29:16.240+0800][8.258s] GC(3) Old regions: 0->19
[2020-04-26T00:29:16.240+0800][8.258s] GC(3) Archive regions: 0->0
[2020-04-26T00:29:16.240+0800][8.258s] GC(3) Humongous regions: 4->4
[2020-04-26T00:29:16.240+0800][8.258s] GC(3) Metaspace: 29158K->29158K(1075200K)
[2020-04-26T00:29:16.240+0800][8.258s] GC(3) Pause Young (Normal) (G1 Evacuation Pause) 86M->27M(512M) 26.412ms
[2020-04-26T00:29:16.240+0800][8.258s] GC(3) User=0.13s Sys=0.00s Real=0.03s
[2020-04-26T00:29:16.946+0800][8.965s] GC(4) Pause Young (Normal) (G1 Evacuation Pause)
[2020-04-26T00:29:16.947+0800][8.965s] GC(4) Using 4 workers of 4 for evacuation
[2020-04-26T00:29:16.954+0800][8.972s] GC(4)   Pre Evacuate Collection Set: 0.0ms
[2020-04-26T00:29:16.954+0800][8.972s] GC(4)   Evacuate Collection Set: 6.8ms
[2020-04-26T00:29:16.954+0800][8.972s] GC(4)   Post Evacuate Collection Set: 0.3ms
[2020-04-26T00:29:16.954+0800][8.972s] GC(4)   Other: 0.2ms
[2020-04-26T00:29:16.954+0800][8.972s] GC(4) Eden regions: 93->0(116)
[2020-04-26T00:29:16.954+0800][8.972s] GC(4) Survivor regions: 5->6(13)
[2020-04-26T00:29:16.954+0800][8.972s] GC(4) Old regions: 19->19
[2020-04-26T00:29:16.954+0800][8.972s] GC(4) Archive regions: 0->0
[2020-04-26T00:29:16.954+0800][8.972s] GC(4) Humongous regions: 4->4
[2020-04-26T00:29:16.954+0800][8.972s] GC(4) Metaspace: 31067K->31067K(1077248K)
[2020-04-26T00:29:16.954+0800][8.972s] GC(4) Pause Young (Normal) (G1 Evacuation Pause) 120M->28M(512M) 7.602ms
[2020-04-26T00:29:16.954+0800][8.972s] GC(4) User=0.06s Sys=0.00s Real=0.01s
[2020-04-26T00:29:17.686+0800][9.703s] GC(5) Pause Young (Normal) (G1 Evacuation Pause)
[2020-04-26T00:29:17.686+0800][9.703s] GC(5) Using 4 workers of 4 for evacuation
[2020-04-26T00:29:17.696+0800][9.713s] GC(5)   Pre Evacuate Collection Set: 0.0ms
[2020-04-26T00:29:17.696+0800][9.713s] GC(5)   Evacuate Collection Set: 9.4ms
[2020-04-26T00:29:17.696+0800][9.713s] GC(5)   Post Evacuate Collection Set: 0.3ms
[2020-04-26T00:29:17.696+0800][9.713s] GC(5)   Other: 0.2ms
[2020-04-26T00:29:17.696+0800][9.713s] GC(5) Eden regions: 116->0(212)
[2020-04-26T00:29:17.696+0800][9.713s] GC(5) Survivor regions: 6->8(16)
[2020-04-26T00:29:17.696+0800][9.713s] GC(5) Old regions: 19->19
[2020-04-26T00:29:17.696+0800][9.713s] GC(5) Archive regions: 0->0
[2020-04-26T00:29:17.696+0800][9.713s] GC(5) Humongous regions: 4->4
[2020-04-26T00:29:17.696+0800][9.713s] GC(5) Metaspace: 33519K->33519K(1079296K)
[2020-04-26T00:29:17.696+0800][9.714s] GC(5) Pause Young (Normal) (G1 Evacuation Pause) 144M->30M(512M) 10.369ms
[2020-04-26T00:29:17.696+0800][9.714s] GC(5) User=0.00s Sys=0.00s Real=0.01s
[2020-04-26T00:29:17.975+0800][9.993s] GC(6) Pause Young (Normal) (G1 Evacuation Pause)
[2020-04-26T00:29:17.976+0800][9.993s] GC(6) Using 4 workers of 4 for evacuation
[2020-04-26T00:29:17.983+0800][10.001s] GC(6)   Pre Evacuate Collection Set: 0.0ms
[2020-04-26T00:29:17.983+0800][10.001s] GC(6)   Evacuate Collection Set: 7.0ms
[2020-04-26T00:29:17.983+0800][10.001s] GC(6)   Post Evacuate Collection Set: 0.4ms
[2020-04-26T00:29:17.983+0800][10.001s] GC(6)   Other: 0.3ms
[2020-04-26T00:29:17.983+0800][10.001s] GC(6) Eden regions: 212->0(298)
[2020-04-26T00:29:17.983+0800][10.001s] GC(6) Survivor regions: 8->9(28)
[2020-04-26T00:29:17.983+0800][10.001s] GC(6) Old regions: 19->19
[2020-04-26T00:29:17.984+0800][10.001s] GC(6) Archive regions: 0->0
[2020-04-26T00:29:17.984+0800][10.001s] GC(6) Humongous regions: 5->4
[2020-04-26T00:29:17.984+0800][10.001s] GC(6) Metaspace: 33823K->33823K(1079296K)
[2020-04-26T00:29:17.984+0800][10.002s] GC(6) Pause Young (Normal) (G1 Evacuation Pause) 243M->31M(512M) 8.157ms
[2020-04-26T00:29:17.984+0800][10.002s] GC(6) User=0.06s Sys=0.00s Real=0.01s
[2020-04-26T00:29:18.272+0800][10.290s] GC(7) Pause Young (Concurrent Start) (Metadata GC Threshold)
[2020-04-26T00:29:18.272+0800][10.290s] GC(7) Using 4 workers of 4 for evacuation
[2020-04-26T00:29:18.283+0800][10.301s] GC(7)   Pre Evacuate Collection Set: 0.0ms
[2020-04-26T00:29:18.284+0800][10.301s] GC(7)   Evacuate Collection Set: 10.8ms
[2020-04-26T00:29:18.284+0800][10.301s] GC(7)   Post Evacuate Collection Set: 0.4ms
[2020-04-26T00:29:18.284+0800][10.301s] GC(7)   Other: 0.2ms
[2020-04-26T00:29:18.284+0800][10.301s] GC(7) Eden regions: 148->0(252)
[2020-04-26T00:29:18.284+0800][10.301s] GC(7) Survivor regions: 9->10(39)
[2020-04-26T00:29:18.284+0800][10.301s] GC(7) Old regions: 19->19
[2020-04-26T00:29:18.284+0800][10.301s] GC(7) Archive regions: 0->0
[2020-04-26T00:29:18.284+0800][10.301s] GC(7) Humongous regions: 4->4
[2020-04-26T00:29:18.284+0800][10.302s] GC(7) Metaspace: 35014K->35014K(1081344K)
[2020-04-26T00:29:18.284+0800][10.302s] GC(7) Pause Young (Concurrent Start) (Metadata GC Threshold) 178M->32M(512M) 11.767ms
[2020-04-26T00:29:18.284+0800][10.302s] GC(7) User=0.05s Sys=0.00s Real=0.01s
[2020-04-26T00:29:18.284+0800][10.302s] GC(8) Concurrent Cycle
[2020-04-26T00:29:18.284+0800][10.302s] GC(8) Concurrent Clear Claimed Marks
[2020-04-26T00:29:18.284+0800][10.302s] GC(8) Concurrent Clear Claimed Marks 0.074ms
[2020-04-26T00:29:18.284+0800][10.302s] GC(8) Concurrent Scan Root Regions
[2020-04-26T00:29:18.293+0800][10.311s] GC(8) Concurrent Scan Root Regions 9.204ms
[2020-04-26T00:29:18.293+0800][10.311s] GC(8) Concurrent Mark (10.311s)
[2020-04-26T00:29:18.293+0800][10.311s] GC(8) Concurrent Mark From Roots
[2020-04-26T00:29:18.293+0800][10.311s] GC(8) Using 1 workers of 1 for marking
[2020-04-26T00:29:18.345+0800][10.362s] GC(8) Concurrent Mark From Roots 51.059ms
[2020-04-26T00:29:18.345+0800][10.362s] GC(8) Concurrent Preclean
[2020-04-26T00:29:18.345+0800][10.362s] GC(8) Concurrent Preclean 0.183ms
[2020-04-26T00:29:18.345+0800][10.362s] GC(8) Concurrent Mark (10.311s, 10.362s) 51.359ms
[2020-04-26T00:29:18.345+0800][10.363s] GC(8) Pause Remark
[2020-04-26T00:29:18.348+0800][10.365s] GC(8) Cleaned string table, strings: 19979 processed, 25 removed
[2020-04-26T00:29:18.348+0800][10.366s] GC(8) Pause Remark 36M->36M(512M) 3.060ms
[2020-04-26T00:29:18.348+0800][10.366s] GC(8) User=0.00s Sys=0.00s Real=0.00s
[2020-04-26T00:29:18.348+0800][10.366s] GC(8) Concurrent Rebuild Remembered Sets
[2020-04-26T00:29:18.372+0800][10.389s] GC(8) Concurrent Rebuild Remembered Sets 23.724ms
[2020-04-26T00:29:18.373+0800][10.391s] GC(8) Pause Cleanup
[2020-04-26T00:29:18.374+0800][10.391s] GC(8) Pause Cleanup 36M->36M(512M) 0.163ms
[2020-04-26T00:29:18.374+0800][10.391s] GC(8) User=0.00s Sys=0.00s Real=0.00s
[2020-04-26T00:29:18.374+0800][10.391s] GC(8) Concurrent Cleanup for Next Mark
[2020-04-26T00:29:18.375+0800][10.392s] GC(8) Concurrent Cleanup for Next Mark 0.916ms
[2020-04-26T00:29:18.375+0800][10.392s] GC(8) Concurrent Cycle 90.659ms
[2020-04-26T00:29:20.508+0800][12.526s] GC(9) Pause Young (Concurrent Start) (G1 Evacuation Pause)
[2020-04-26T00:29:20.508+0800][12.526s] GC(9) Using 4 workers of 4 for evacuation
[2020-04-26T00:29:20.537+0800][12.555s] GC(9)   Pre Evacuate Collection Set: 0.1ms
[2020-04-26T00:29:20.537+0800][12.555s] GC(9)   Evacuate Collection Set: 27.8ms
[2020-04-26T00:29:20.537+0800][12.555s] GC(9)   Post Evacuate Collection Set: 0.5ms
[2020-04-26T00:29:20.537+0800][12.555s] GC(9)   Other: 0.3ms
[2020-04-26T00:29:20.537+0800][12.555s] GC(9) Eden regions: 253->0(286)
[2020-04-26T00:29:20.537+0800][12.555s] GC(9) Survivor regions: 10->21(33)
[2020-04-26T00:29:20.537+0800][12.555s] GC(9) Old regions: 19->19
[2020-04-26T00:29:20.537+0800][12.555s] GC(9) Archive regions: 0->0
[2020-04-26T00:29:20.537+0800][12.555s] GC(9) Humongous regions: 4->4
[2020-04-26T00:29:20.537+0800][12.555s] GC(9) Metaspace: 44044K->44044K(1089536K)
[2020-04-26T00:29:20.537+0800][12.555s] GC(9) Pause Young (Concurrent Start) (G1 Evacuation Pause) 285M->43M(512M) 28.964ms
[2020-04-26T00:29:20.537+0800][12.555s] GC(9) User=0.11s Sys=0.00s Real=0.03s
[2020-04-26T00:29:20.537+0800][12.555s] GC(10) Concurrent Cycle
[2020-04-26T00:29:20.537+0800][12.555s] GC(10) Concurrent Clear Claimed Marks
[2020-04-26T00:29:20.537+0800][12.555s] GC(10) Concurrent Clear Claimed Marks 0.067ms
[2020-04-26T00:29:20.537+0800][12.555s] GC(10) Concurrent Scan Root Regions
[2020-04-26T00:29:20.559+0800][12.577s] GC(10) Concurrent Scan Root Regions 21.504ms
[2020-04-26T00:29:20.559+0800][12.577s] GC(10) Concurrent Mark (12.577s)
[2020-04-26T00:29:20.559+0800][12.577s] GC(10) Concurrent Mark From Roots
[2020-04-26T00:29:20.559+0800][12.577s] GC(10) Using 1 workers of 1 for marking
[2020-04-26T00:29:20.612+0800][12.630s] GC(10) Concurrent Mark From Roots 52.926ms
[2020-04-26T00:29:20.612+0800][12.630s] GC(10) Concurrent Preclean
[2020-04-26T00:29:20.612+0800][12.630s] GC(10) Concurrent Preclean 0.182ms
[2020-04-26T00:29:20.612+0800][12.630s] GC(10) Concurrent Mark (12.577s, 12.630s) 53.237ms
[2020-04-26T00:29:20.612+0800][12.630s] GC(10) Pause Remark
[2020-04-26T00:29:20.616+0800][12.634s] GC(10) Cleaned string table, strings: 26458 processed, 0 removed
[2020-04-26T00:29:20.616+0800][12.634s] GC(10) Pause Remark 66M->66M(512M) 3.912ms
[2020-04-26T00:29:20.616+0800][12.634s] GC(10) User=0.00s Sys=0.00s Real=0.00s
[2020-04-26T00:29:20.616+0800][12.634s] GC(10) Concurrent Rebuild Remembered Sets
[2020-04-26T00:29:20.638+0800][12.656s] GC(10) Concurrent Rebuild Remembered Sets 21.477ms
[2020-04-26T00:29:20.639+0800][12.657s] GC(10) Pause Cleanup
[2020-04-26T00:29:20.639+0800][12.657s] GC(10) Pause Cleanup 67M->67M(512M) 0.179ms
[2020-04-26T00:29:20.639+0800][12.657s] GC(10) User=0.00s Sys=0.00s Real=0.00s
[2020-04-26T00:29:20.639+0800][12.657s] GC(10) Concurrent Cleanup for Next Mark
[2020-04-26T00:29:20.640+0800][12.658s] GC(10) Concurrent Cleanup for Next Mark 1.038ms
[2020-04-26T00:29:20.640+0800][12.658s] GC(10) Concurrent Cycle 103.178ms
[2020-04-26T00:29:21.679+0800][13.697s] GC(11) Pause Young (Normal) (G1 Evacuation Pause)
[2020-04-26T00:29:21.679+0800][13.697s] GC(11) Using 4 workers of 4 for evacuation
[2020-04-26T00:29:21.708+0800][13.726s] GC(11)   Pre Evacuate Collection Set: 0.1ms
[2020-04-26T00:29:21.708+0800][13.726s] GC(11)   Evacuate Collection Set: 28.1ms
[2020-04-26T00:29:21.708+0800][13.726s] GC(11)   Post Evacuate Collection Set: 0.6ms
[2020-04-26T00:29:21.709+0800][13.726s] GC(11)   Other: 0.3ms
[2020-04-26T00:29:21.709+0800][13.726s] GC(11) Eden regions: 286->0(283)
[2020-04-26T00:29:21.709+0800][13.726s] GC(11) Survivor regions: 21->24(39)
[2020-04-26T00:29:21.709+0800][13.726s] GC(11) Old regions: 19->22
[2020-04-26T00:29:21.709+0800][13.727s] GC(11) Archive regions: 0->0
[2020-04-26T00:29:21.709+0800][13.727s] GC(11) Humongous regions: 4->4
[2020-04-26T00:29:21.709+0800][13.727s] GC(11) Metaspace: 46585K->46585K(1091584K)
[2020-04-26T00:29:21.709+0800][13.727s] GC(11) Pause Young (Normal) (G1 Evacuation Pause) 329M->49M(512M) 29.432ms
[2020-04-26T00:29:21.709+0800][13.727s] GC(11) User=0.13s Sys=0.00s Real=0.03s
[2020-04-26T00:29:23.133+0800][15.151s] GC(12) Pause Young (Normal) (G1 Evacuation Pause)
[2020-04-26T00:29:23.133+0800][15.151s] GC(12) Using 4 workers of 4 for evacuation
[2020-04-26T00:29:23.155+0800][15.172s] GC(12)   Pre Evacuate Collection Set: 0.0ms
[2020-04-26T00:29:23.155+0800][15.172s] GC(12)   Evacuate Collection Set: 21.0ms
[2020-04-26T00:29:23.155+0800][15.172s] GC(12)   Post Evacuate Collection Set: 0.6ms
[2020-04-26T00:29:23.155+0800][15.173s] GC(12)   Other: 0.2ms
[2020-04-26T00:29:23.155+0800][15.173s] GC(12) Eden regions: 283->0(287)
[2020-04-26T00:29:23.155+0800][15.173s] GC(12) Survivor regions: 24->20(39)
[2020-04-26T00:29:23.155+0800][15.173s] GC(12) Old regions: 22->26
[2020-04-26T00:29:23.155+0800][15.173s] GC(12) Archive regions: 0->0
[2020-04-26T00:29:23.155+0800][15.173s] GC(12) Humongous regions: 5->4
[2020-04-26T00:29:23.155+0800][15.173s] GC(12) Metaspace: 47330K->47330K(1091584K)
[2020-04-26T00:29:23.155+0800][15.173s] GC(12) Pause Young (Normal) (G1 Evacuation Pause) 333M->49M(512M) 22.230ms
[2020-04-26T00:29:23.155+0800][15.173s] GC(12) User=0.11s Sys=0.00s Real=0.02s
[2020-04-26T00:29:23.781+0800][15.799s] GC(13) Pause Young (Normal) (G1 Evacuation Pause)
[2020-04-26T00:29:23.781+0800][15.799s] GC(13) Using 4 workers of 4 for evacuation
[2020-04-26T00:29:23.803+0800][15.821s] GC(13)   Pre Evacuate Collection Set: 0.0ms
[2020-04-26T00:29:23.803+0800][15.821s] GC(13)   Evacuate Collection Set: 21.3ms
[2020-04-26T00:29:23.803+0800][15.821s] GC(13)   Post Evacuate Collection Set: 0.8ms
[2020-04-26T00:29:23.804+0800][15.821s] GC(13)   Other: 0.3ms
[2020-04-26T00:29:23.804+0800][15.821s] GC(13) Eden regions: 287->0(285)
[2020-04-26T00:29:23.804+0800][15.821s] GC(13) Survivor regions: 20->22(39)
[2020-04-26T00:29:23.804+0800][15.821s] GC(13) Old regions: 26->26
[2020-04-26T00:29:23.804+0800][15.821s] GC(13) Archive regions: 0->0
[2020-04-26T00:29:23.804+0800][15.821s] GC(13) Humongous regions: 4->4
[2020-04-26T00:29:23.804+0800][15.822s] GC(13) Metaspace: 47337K->47337K(1091584K)
[2020-04-26T00:29:23.804+0800][15.822s] GC(13) Pause Young (Normal) (G1 Evacuation Pause) 336M->50M(512M) 22.870ms
[2020-04-26T00:29:23.804+0800][15.822s] GC(13) User=0.06s Sys=0.00s Real=0.02s
[2020-04-26T00:29:24.138+0800][16.155s] GC(14) Pause Young (Normal) (G1 Evacuation Pause)
[2020-04-26T00:29:24.138+0800][16.156s] GC(14) Using 4 workers of 4 for evacuation
[2020-04-26T00:29:24.162+0800][16.180s] GC(14)   Pre Evacuate Collection Set: 0.0ms
[2020-04-26T00:29:24.162+0800][16.180s] GC(14)   Evacuate Collection Set: 23.2ms
[2020-04-26T00:29:24.162+0800][16.180s] GC(14)   Post Evacuate Collection Set: 0.6ms
[2020-04-26T00:29:24.162+0800][16.180s] GC(14)   Other: 0.3ms
[2020-04-26T00:29:24.162+0800][16.180s] GC(14) Eden regions: 285->0(286)
[2020-04-26T00:29:24.162+0800][16.180s] GC(14) Survivor regions: 22->21(39)
[2020-04-26T00:29:24.162+0800][16.180s] GC(14) Old regions: 26->26
[2020-04-26T00:29:24.162+0800][16.180s] GC(14) Archive regions: 0->0
[2020-04-26T00:29:24.162+0800][16.180s] GC(14) Humongous regions: 4->4
[2020-04-26T00:29:24.162+0800][16.180s] GC(14) Metaspace: 47352K->47352K(1091584K)
[2020-04-26T00:29:24.162+0800][16.180s] GC(14) Pause Young (Normal) (G1 Evacuation Pause) 335M->50M(512M) 24.389ms
[2020-04-26T00:29:24.162+0800][16.180s] GC(14) User=0.13s Sys=0.00s Real=0.02s
[2020-04-26T00:29:24.539+0800][16.557s] GC(15) Pause Young (Normal) (G1 Evacuation Pause)
[2020-04-26T00:29:24.540+0800][16.557s] GC(15) Using 4 workers of 4 for evacuation
[2020-04-26T00:29:24.558+0800][16.576s] GC(15)   Pre Evacuate Collection Set: 0.0ms
[2020-04-26T00:29:24.559+0800][16.576s] GC(15)   Evacuate Collection Set: 18.3ms
[2020-04-26T00:29:24.559+0800][16.576s] GC(15)   Post Evacuate Collection Set: 0.4ms
[2020-04-26T00:29:24.559+0800][16.576s] GC(15)   Other: 0.2ms
[2020-04-26T00:29:24.559+0800][16.576s] GC(15) Eden regions: 286->0(299)
[2020-04-26T00:29:24.559+0800][16.576s] GC(15) Survivor regions: 21->8(39)
[2020-04-26T00:29:24.559+0800][16.576s] GC(15) Old regions: 26->40
[2020-04-26T00:29:24.559+0800][16.576s] GC(15) Archive regions: 0->0
[2020-04-26T00:29:24.559+0800][16.576s] GC(15) Humongous regions: 4->4
[2020-04-26T00:29:24.559+0800][16.576s] GC(15) Metaspace: 47353K->47353K(1091584K)
[2020-04-26T00:29:24.559+0800][16.577s] GC(15) Pause Young (Normal) (G1 Evacuation Pause) 336M->51M(512M) 19.291ms
[2020-04-26T00:29:24.559+0800][16.577s] GC(15) User=0.06s Sys=0.00s Real=0.02s
[2020-04-26T00:29:24.919+0800][16.937s] GC(16) Pause Young (Normal) (G1 Evacuation Pause)
[2020-04-26T00:29:24.919+0800][16.937s] GC(16) Using 4 workers of 4 for evacuation
[2020-04-26T00:29:24.927+0800][16.945s] GC(16)   Pre Evacuate Collection Set: 0.0ms
[2020-04-26T00:29:24.927+0800][16.945s] GC(16)   Evacuate Collection Set: 7.4ms
[2020-04-26T00:29:24.928+0800][16.945s] GC(16)   Post Evacuate Collection Set: 0.4ms
[2020-04-26T00:29:24.928+0800][16.945s] GC(16)   Other: 0.2ms
[2020-04-26T00:29:24.928+0800][16.946s] GC(16) Eden regions: 299->0(298)
[2020-04-26T00:29:24.928+0800][16.946s] GC(16) Survivor regions: 8->9(39)
[2020-04-26T00:29:24.928+0800][16.946s] GC(16) Old regions: 40->40
[2020-04-26T00:29:24.928+0800][16.946s] GC(16) Archive regions: 0->0
[2020-04-26T00:29:24.928+0800][16.946s] GC(16) Humongous regions: 4->4
[2020-04-26T00:29:24.928+0800][16.946s] GC(16) Metaspace: 47359K->47359K(1091584K)
[2020-04-26T00:29:24.928+0800][16.946s] GC(16) Pause Young (Normal) (G1 Evacuation Pause) 350M->52M(512M) 8.401ms
[2020-04-26T00:29:24.928+0800][16.946s] GC(16) User=0.05s Sys=0.00s Real=0.01s
[2020-04-26T00:29:25.194+0800][17.212s] GC(17) Pause Young (Normal) (G1 Evacuation Pause)
[2020-04-26T00:29:25.195+0800][17.212s] GC(17) Using 4 workers of 4 for evacuation
[2020-04-26T00:29:25.202+0800][17.220s] GC(17)   Pre Evacuate Collection Set: 0.0ms
[2020-04-26T00:29:25.202+0800][17.220s] GC(17)   Evacuate Collection Set: 6.5ms
[2020-04-26T00:29:25.202+0800][17.220s] GC(17)   Post Evacuate Collection Set: 0.5ms
[2020-04-26T00:29:25.202+0800][17.220s] GC(17)   Other: 0.2ms
[2020-04-26T00:29:25.202+0800][17.220s] GC(17) Eden regions: 298->0(297)
[2020-04-26T00:29:25.202+0800][17.220s] GC(17) Survivor regions: 9->10(39)
[2020-04-26T00:29:25.202+0800][17.220s] GC(17) Old regions: 40->40
[2020-04-26T00:29:25.202+0800][17.220s] GC(17) Archive regions: 0->0
[2020-04-26T00:29:25.202+0800][17.220s] GC(17) Humongous regions: 4->4
[2020-04-26T00:29:25.202+0800][17.220s] GC(17) Metaspace: 47359K->47359K(1091584K)
[2020-04-26T00:29:25.202+0800][17.220s] GC(17) Pause Young (Normal) (G1 Evacuation Pause) 350M->53M(512M) 7.681ms
[2020-04-26T00:29:25.202+0800][17.220s] GC(17) User=0.06s Sys=0.00s Real=0.01s
[2020-04-26T00:29:25.386+0800][17.404s] GC(18) Pause Young (Normal) (G1 Evacuation Pause)
[2020-04-26T00:29:25.386+0800][17.404s] GC(18) Using 4 workers of 4 for evacuation
[2020-04-26T00:29:25.393+0800][17.411s] GC(18)   Pre Evacuate Collection Set: 0.0ms
[2020-04-26T00:29:25.393+0800][17.411s] GC(18)   Evacuate Collection Set: 6.9ms
[2020-04-26T00:29:25.393+0800][17.411s] GC(18)   Post Evacuate Collection Set: 0.5ms
[2020-04-26T00:29:25.394+0800][17.411s] GC(18)   Other: 0.2ms
[2020-04-26T00:29:25.394+0800][17.411s] GC(18) Eden regions: 297->0(297)
[2020-04-26T00:29:25.394+0800][17.411s] GC(18) Survivor regions: 10->10(39)
[2020-04-26T00:29:25.394+0800][17.411s] GC(18) Old regions: 40->40
[2020-04-26T00:29:25.394+0800][17.411s] GC(18) Archive regions: 0->0
[2020-04-26T00:29:25.394+0800][17.412s] GC(18) Humongous regions: 4->4
[2020-04-26T00:29:25.394+0800][17.412s] GC(18) Metaspace: 47360K->47360K(1091584K)
[2020-04-26T00:29:25.394+0800][17.412s] GC(18) Pause Young (Normal) (G1 Evacuation Pause) 350M->52M(512M) 7.952ms
[2020-04-26T00:29:25.394+0800][17.412s] GC(18) User=0.06s Sys=0.00s Real=0.01s
[2020-04-26T00:29:25.562+0800][17.580s] GC(19) Pause Young (Normal) (G1 Evacuation Pause)
[2020-04-26T00:29:25.562+0800][17.580s] GC(19) Using 4 workers of 4 for evacuation
[2020-04-26T00:29:25.569+0800][17.587s] GC(19)   Pre Evacuate Collection Set: 0.0ms
[2020-04-26T00:29:25.569+0800][17.587s] GC(19)   Evacuate Collection Set: 6.4ms
[2020-04-26T00:29:25.569+0800][17.587s] GC(19)   Post Evacuate Collection Set: 0.5ms
[2020-04-26T00:29:25.569+0800][17.587s] GC(19)   Other: 0.2ms
[2020-04-26T00:29:25.569+0800][17.587s] GC(19) Eden regions: 297->0(296)
[2020-04-26T00:29:25.569+0800][17.587s] GC(19) Survivor regions: 10->11(39)
[2020-04-26T00:29:25.569+0800][17.587s] GC(19) Old regions: 40->40
[2020-04-26T00:29:25.569+0800][17.587s] GC(19) Archive regions: 0->0
[2020-04-26T00:29:25.569+0800][17.587s] GC(19) Humongous regions: 4->4
[2020-04-26T00:29:25.569+0800][17.587s] GC(19) Metaspace: 47362K->47362K(1091584K)
[2020-04-26T00:29:25.569+0800][17.587s] GC(19) Pause Young (Normal) (G1 Evacuation Pause) 349M->54M(512M) 7.517ms
[2020-04-26T00:29:25.569+0800][17.587s] GC(19) User=0.00s Sys=0.00s Real=0.01s
[2020-04-26T00:29:25.789+0800][17.807s] GC(20) Pause Young (Normal) (G1 Evacuation Pause)
[2020-04-26T00:29:25.789+0800][17.807s] GC(20) Using 4 workers of 4 for evacuation
[2020-04-26T00:29:25.796+0800][17.814s] GC(20)   Pre Evacuate Collection Set: 0.0ms
[2020-04-26T00:29:25.796+0800][17.814s] GC(20)   Evacuate Collection Set: 6.2ms
[2020-04-26T00:29:25.796+0800][17.814s] GC(20)   Post Evacuate Collection Set: 0.6ms
[2020-04-26T00:29:25.796+0800][17.814s] GC(20)   Other: 0.2ms
[2020-04-26T00:29:25.796+0800][17.814s] GC(20) Eden regions: 296->0(296)
[2020-04-26T00:29:25.796+0800][17.814s] GC(20) Survivor regions: 11->11(39)
[2020-04-26T00:29:25.796+0800][17.814s] GC(20) Old regions: 40->40
[2020-04-26T00:29:25.796+0800][17.814s] GC(20) Archive regions: 0->0
[2020-04-26T00:29:25.796+0800][17.814s] GC(20) Humongous regions: 5->5
[2020-04-26T00:29:25.796+0800][17.814s] GC(20) Metaspace: 47362K->47362K(1091584K)
[2020-04-26T00:29:25.796+0800][17.814s] GC(20) Pause Young (Normal) (G1 Evacuation Pause) 351M->55M(512M) 7.405ms
[2020-04-26T00:29:25.796+0800][17.814s] GC(20) User=0.06s Sys=0.00s Real=0.01s
[2020-04-26T00:29:25.976+0800][17.994s] GC(21) Pause Young (Normal) (G1 Evacuation Pause)
[2020-04-26T00:29:25.976+0800][17.994s] GC(21) Using 4 workers of 4 for evacuation
[2020-04-26T00:29:25.983+0800][18.001s] GC(21)   Pre Evacuate Collection Set: 0.0ms
[2020-04-26T00:29:25.983+0800][18.001s] GC(21)   Evacuate Collection Set: 6.2ms
[2020-04-26T00:29:25.983+0800][18.001s] GC(21)   Post Evacuate Collection Set: 0.5ms
[2020-04-26T00:29:25.983+0800][18.001s] GC(21)   Other: 0.2ms
[2020-04-26T00:29:25.983+0800][18.001s] GC(21) Eden regions: 296->0(296)
[2020-04-26T00:29:25.983+0800][18.001s] GC(21) Survivor regions: 11->11(39)
[2020-04-26T00:29:25.983+0800][18.001s] GC(21) Old regions: 40->40
[2020-04-26T00:29:25.983+0800][18.001s] GC(21) Archive regions: 0->0
[2020-04-26T00:29:25.983+0800][18.001s] GC(21) Humongous regions: 6->6
[2020-04-26T00:29:25.983+0800][18.001s] GC(21) Metaspace: 47362K->47362K(1091584K)
[2020-04-26T00:29:25.983+0800][18.001s] GC(21) Pause Young (Normal) (G1 Evacuation Pause) 352M->56M(512M) 7.307ms
[2020-04-26T00:29:25.983+0800][18.001s] GC(21) User=0.06s Sys=0.00s Real=0.01s
[2020-04-26T00:29:29.528+0800][21.546s] GC(22) Pause Young (Normal) (G1 Evacuation Pause)
[2020-04-26T00:29:29.529+0800][21.546s] GC(22) Using 4 workers of 4 for evacuation
[2020-04-26T00:29:29.538+0800][21.556s] GC(22)   Pre Evacuate Collection Set: 0.0ms
[2020-04-26T00:29:29.538+0800][21.556s] GC(22)   Evacuate Collection Set: 9.0ms
[2020-04-26T00:29:29.539+0800][21.556s] GC(22)   Post Evacuate Collection Set: 0.7ms
[2020-04-26T00:29:29.539+0800][21.556s] GC(22)   Other: 0.3ms
[2020-04-26T00:29:29.539+0800][21.556s] GC(22) Eden regions: 296->0(295)
[2020-04-26T00:29:29.539+0800][21.556s] GC(22) Survivor regions: 11->12(39)
[2020-04-26T00:29:29.539+0800][21.556s] GC(22) Old regions: 40->40
[2020-04-26T00:29:29.539+0800][21.556s] GC(22) Archive regions: 0->0
[2020-04-26T00:29:29.539+0800][21.556s] GC(22) Humongous regions: 7->6
[2020-04-26T00:29:29.539+0800][21.556s] GC(22) Metaspace: 47606K->47606K(1091584K)
[2020-04-26T00:29:29.539+0800][21.556s] GC(22) Pause Young (Normal) (G1 Evacuation Pause) 353M->56M(512M) 10.344ms
[2020-04-26T00:29:29.539+0800][21.556s] GC(22) User=0.06s Sys=0.00s Real=0.01s
[2020-04-26T00:34:16.330+0800][308.347s] GC(23) Pause Young (Normal) (G1 Evacuation Pause)
[2020-04-26T00:34:16.330+0800][308.347s] GC(23) Using 4 workers of 4 for evacuation
[2020-04-26T00:34:16.340+0800][308.357s] GC(23)   Pre Evacuate Collection Set: 0.0ms
[2020-04-26T00:34:16.340+0800][308.357s] GC(23)   Evacuate Collection Set: 8.9ms
[2020-04-26T00:34:16.340+0800][308.357s] GC(23)   Post Evacuate Collection Set: 0.7ms
[2020-04-26T00:34:16.340+0800][308.357s] GC(23)   Other: 0.3ms
[2020-04-26T00:34:16.340+0800][308.357s] GC(23) Eden regions: 295->0(300)
[2020-04-26T00:34:16.340+0800][308.358s] GC(23) Survivor regions: 12->7(39)
[2020-04-26T00:34:16.340+0800][308.358s] GC(23) Old regions: 40->40
[2020-04-26T00:34:16.340+0800][308.358s] GC(23) Archive regions: 0->0
[2020-04-26T00:34:16.340+0800][308.358s] GC(23) Humongous regions: 9->7
[2020-04-26T00:34:16.340+0800][308.358s] GC(23) Metaspace: 49064K->49064K(1093632K)
[2020-04-26T00:34:16.340+0800][308.358s] GC(23) Pause Young (Normal) (G1 Evacuation Pause) 354M->53M(512M) 10.352ms
[2020-04-26T00:34:16.340+0800][308.358s] GC(23) User=0.00s Sys=0.00s Real=0.01s
[2020-04-26T02:31:06.449+0800][7318.467s] GC(24) Pause Young (Normal) (G1 Evacuation Pause)
[2020-04-26T02:31:06.449+0800][7318.467s] GC(24) Using 4 workers of 4 for evacuation
[2020-04-26T02:31:06.569+0800][7318.587s] GC(24)   Pre Evacuate Collection Set: 1.4ms
[2020-04-26T02:31:06.569+0800][7318.587s] GC(24)   Evacuate Collection Set: 116.3ms
[2020-04-26T02:31:06.569+0800][7318.587s] GC(24)   Post Evacuate Collection Set: 1.2ms
[2020-04-26T02:31:06.569+0800][7318.587s] GC(24)   Other: 1.3ms
[2020-04-26T02:31:06.569+0800][7318.587s] GC(24) Eden regions: 300->0(298)
[2020-04-26T02:31:06.569+0800][7318.587s] GC(24) Survivor regions: 7->9(39)
[2020-04-26T02:31:06.569+0800][7318.587s] GC(24) Old regions: 40->40
[2020-04-26T02:31:06.569+0800][7318.587s] GC(24) Archive regions: 0->0
[2020-04-26T02:31:06.569+0800][7318.587s] GC(24) Humongous regions: 7->7
[2020-04-26T02:31:06.569+0800][7318.587s] GC(24) Metaspace: 50770K->50770K(1095680K)
[2020-04-26T02:31:06.569+0800][7318.587s] GC(24) Pause Young (Normal) (G1 Evacuation Pause) 353M->54M(512M) 120.341ms
[2020-04-26T02:31:06.569+0800][7318.587s] GC(24) User=0.09s Sys=0.08s Real=0.12s
[2020-04-26T04:48:15.690+0800][15547.708s] Heap
[2020-04-26T04:48:15.691+0800][15547.708s]  garbage-first heap   total 524288K, used 344988K [0x00000000e0000000, 0x0000000100000000)
[2020-04-26T04:48:15.691+0800][15547.708s]   region size 1024K, 293 young (300032K), 9 survivors (9216K)
[2020-04-26T04:48:15.691+0800][15547.709s]  Metaspace       used 51683K, capacity 52782K, committed 52940K, reserved 1095680K
[2020-04-26T04:48:15.691+0800][15547.709s]   class space    used 5877K, capacity 6327K, committed 6400K, reserved 1048576K
