[2020-04-25T13:23:37.254+0800][0.106s] Heap region size: 1M
[2020-04-25T13:23:37.460+0800][0.311s] Using G1
[2020-04-25T13:23:37.460+0800][0.311s] Heap address: 0x00000000e0000000, size: 512 MB, Compressed Oops mode: 32-bit
[2020-04-25T13:23:37.502+0800][0.353s] Periodic GC disabled
[2020-04-25T13:23:52.242+0800][15.094s] GC(0) Pause Young (Normal) (G1 Evacuation Pause)
[2020-04-25T13:23:52.243+0800][15.095s] GC(0) Using 4 workers of 4 for evacuation
[2020-04-25T13:23:52.258+0800][15.110s] GC(0)   Pre Evacuate Collection Set: 0.1ms
[2020-04-25T13:23:52.259+0800][15.111s] GC(0)   Evacuate Collection Set: 13.9ms
[2020-04-25T13:23:52.259+0800][15.111s] GC(0)   Post Evacuate Collection Set: 1.0ms
[2020-04-25T13:23:52.259+0800][15.111s] GC(0)   Other: 1.6ms
[2020-04-25T13:23:52.260+0800][15.112s] GC(0) Eden regions: 25->0(304)
[2020-04-25T13:23:52.260+0800][15.112s] GC(0) Survivor regions: 0->3(4)
[2020-04-25T13:23:52.260+0800][15.112s] GC(0) Old regions: 0->0
[2020-04-25T13:23:52.260+0800][15.112s] GC(0) Archive regions: 0->0
[2020-04-25T13:23:52.260+0800][15.112s] GC(0) Humongous regions: 0->0
[2020-04-25T13:23:52.260+0800][15.112s] GC(0) Metaspace: 5583K->5583K(1056768K)
[2020-04-25T13:23:52.261+0800][15.113s] GC(0) Pause Young (Normal) (G1 Evacuation Pause) 25M->2M(512M) 18.720ms
[2020-04-25T13:23:52.261+0800][15.113s] GC(0) User=0.05s Sys=0.00s Real=0.02s
[2020-04-25T13:24:11.122+0800][33.974s] GC(1) Pause Young (Concurrent Start) (Metadata GC Threshold)
[2020-04-25T13:24:11.122+0800][33.974s] GC(1) Using 4 workers of 4 for evacuation
[2020-04-25T13:24:11.160+0800][34.012s] GC(1)   Pre Evacuate Collection Set: 0.1ms
[2020-04-25T13:24:11.160+0800][34.012s] GC(1)   Evacuate Collection Set: 35.5ms
[2020-04-25T13:24:11.160+0800][34.012s] GC(1)   Post Evacuate Collection Set: 2.1ms
[2020-04-25T13:24:11.160+0800][34.012s] GC(1)   Other: 0.5ms
[2020-04-25T13:24:11.160+0800][34.012s] GC(1) Eden regions: 112->0(68)
[2020-04-25T13:24:11.161+0800][34.012s] GC(1) Survivor regions: 3->19(35)
[2020-04-25T13:24:11.161+0800][34.012s] GC(1) Old regions: 0->0
[2020-04-25T13:24:11.161+0800][34.012s] GC(1) Archive regions: 0->0
[2020-04-25T13:24:11.161+0800][34.012s] GC(1) Humongous regions: 4->4
[2020-04-25T13:24:11.161+0800][34.012s] GC(1) Metaspace: 20600K->20600K(1069056K)
[2020-04-25T13:24:11.161+0800][34.013s] GC(1) Pause Young (Concurrent Start) (Metadata GC Threshold) 118M->23M(512M) 38.565ms
[2020-04-25T13:24:11.161+0800][34.013s] GC(1) User=0.11s Sys=0.00s Real=0.04s
[2020-04-25T13:24:11.161+0800][34.013s] GC(2) Concurrent Cycle
[2020-04-25T13:24:11.161+0800][34.013s] GC(2) Concurrent Clear Claimed Marks
[2020-04-25T13:24:11.161+0800][34.013s] GC(2) Concurrent Clear Claimed Marks 0.046ms
[2020-04-25T13:24:11.161+0800][34.013s] GC(2) Concurrent Scan Root Regions
[2020-04-25T13:24:11.176+0800][34.028s] GC(2) Concurrent Scan Root Regions 15.424ms
[2020-04-25T13:24:11.177+0800][34.028s] GC(2) Concurrent Mark (34.028s)
[2020-04-25T13:24:11.177+0800][34.028s] GC(2) Concurrent Mark From Roots
[2020-04-25T13:24:11.177+0800][34.028s] GC(2) Using 1 workers of 1 for marking
[2020-04-25T13:24:11.185+0800][34.036s] GC(2) Concurrent Mark From Roots 8.038ms
[2020-04-25T13:24:11.185+0800][34.037s] GC(2) Concurrent Preclean
[2020-04-25T13:24:11.185+0800][34.037s] GC(2) Concurrent Preclean 0.092ms
[2020-04-25T13:24:11.185+0800][34.037s] GC(2) Concurrent Mark (34.028s, 34.037s) 8.259ms
[2020-04-25T13:24:11.185+0800][34.037s] GC(2) Pause Remark
[2020-04-25T13:24:11.186+0800][34.038s] GC(2) Cleaned string table, strings: 13153 processed, 0 removed
[2020-04-25T13:24:11.186+0800][34.038s] GC(2) Pause Remark 23M->23M(512M) 1.449ms
[2020-04-25T13:24:11.186+0800][34.038s] GC(2) User=0.06s Sys=0.00s Real=0.00s
[2020-04-25T13:24:11.187+0800][34.038s] GC(2) Concurrent Rebuild Remembered Sets
[2020-04-25T13:24:11.190+0800][34.042s] GC(2) Concurrent Rebuild Remembered Sets 3.159ms
[2020-04-25T13:24:11.191+0800][34.043s] GC(2) Pause Cleanup
[2020-04-25T13:24:11.191+0800][34.043s] GC(2) Pause Cleanup 23M->23M(512M) 0.379ms
[2020-04-25T13:24:11.191+0800][34.043s] GC(2) User=0.00s Sys=0.00s Real=0.00s
[2020-04-25T13:24:11.191+0800][34.043s] GC(2) Concurrent Cleanup for Next Mark
[2020-04-25T13:24:11.193+0800][34.045s] GC(2) Concurrent Cleanup for Next Mark 1.329ms
[2020-04-25T13:24:11.193+0800][34.045s] GC(2) Concurrent Cycle 32.047ms
[2020-04-25T13:24:17.231+0800][40.083s] GC(3) Pause Young (Normal) (G1 Evacuation Pause)
[2020-04-25T13:24:17.231+0800][40.083s] GC(3) Using 4 workers of 4 for evacuation
[2020-04-25T13:24:17.263+0800][40.115s] GC(3)   Pre Evacuate Collection Set: 0.0ms
[2020-04-25T13:24:17.263+0800][40.115s] GC(3)   Evacuate Collection Set: 30.9ms
[2020-04-25T13:24:17.263+0800][40.115s] GC(3)   Post Evacuate Collection Set: 0.8ms
[2020-04-25T13:24:17.263+0800][40.115s] GC(3)   Other: 0.3ms
[2020-04-25T13:24:17.263+0800][40.115s] GC(3) Eden regions: 63->0(94)
[2020-04-25T13:24:17.263+0800][40.115s] GC(3) Survivor regions: 19->4(11)
[2020-04-25T13:24:17.263+0800][40.115s] GC(3) Old regions: 0->19
[2020-04-25T13:24:17.263+0800][40.115s] GC(3) Archive regions: 0->0
[2020-04-25T13:24:17.263+0800][40.115s] GC(3) Humongous regions: 4->4
[2020-04-25T13:24:17.263+0800][40.115s] GC(3) Metaspace: 29185K->29185K(1075200K)
[2020-04-25T13:24:17.263+0800][40.115s] GC(3) Pause Young (Normal) (G1 Evacuation Pause) 86M->26M(512M) 32.542ms
[2020-04-25T13:24:17.263+0800][40.115s] GC(3) User=0.13s Sys=0.00s Real=0.03s
[2020-04-25T13:24:20.774+0800][43.627s] GC(4) Pause Young (Normal) (G1 Evacuation Pause)
[2020-04-25T13:24:20.774+0800][43.627s] GC(4) Using 4 workers of 4 for evacuation
[2020-04-25T13:24:20.782+0800][43.635s] GC(4)   Pre Evacuate Collection Set: 0.0ms
[2020-04-25T13:24:20.782+0800][43.635s] GC(4)   Evacuate Collection Set: 7.2ms
[2020-04-25T13:24:20.782+0800][43.635s] GC(4)   Post Evacuate Collection Set: 0.4ms
[2020-04-25T13:24:20.782+0800][43.635s] GC(4)   Other: 0.2ms
[2020-04-25T13:24:20.782+0800][43.635s] GC(4) Eden regions: 94->0(111)
[2020-04-25T13:24:20.782+0800][43.635s] GC(4) Survivor regions: 4->6(13)
[2020-04-25T13:24:20.782+0800][43.635s] GC(4) Old regions: 19->19
[2020-04-25T13:24:20.782+0800][43.635s] GC(4) Archive regions: 0->0
[2020-04-25T13:24:20.782+0800][43.635s] GC(4) Humongous regions: 4->4
[2020-04-25T13:24:20.782+0800][43.635s] GC(4) Metaspace: 31487K->31487K(1077248K)
[2020-04-25T13:24:20.782+0800][43.635s] GC(4) Pause Young (Normal) (G1 Evacuation Pause) 120M->28M(512M) 8.161ms
[2020-04-25T13:24:20.783+0800][43.635s] GC(4) User=0.05s Sys=0.00s Real=0.01s
[2020-04-25T13:24:22.935+0800][45.788s] GC(5) Pause Young (Normal) (G1 Evacuation Pause)
[2020-04-25T13:24:22.935+0800][45.788s] GC(5) Using 4 workers of 4 for evacuation
[2020-04-25T13:24:22.945+0800][45.797s] GC(5)   Pre Evacuate Collection Set: 0.0ms
[2020-04-25T13:24:22.945+0800][45.797s] GC(5)   Evacuate Collection Set: 8.7ms
[2020-04-25T13:24:22.945+0800][45.797s] GC(5)   Post Evacuate Collection Set: 0.3ms
[2020-04-25T13:24:22.945+0800][45.797s] GC(5)   Other: 0.2ms
[2020-04-25T13:24:22.945+0800][45.797s] GC(5) Eden regions: 111->0(134)
[2020-04-25T13:24:22.945+0800][45.797s] GC(5) Survivor regions: 6->8(15)
[2020-04-25T13:24:22.945+0800][45.797s] GC(5) Old regions: 19->19
[2020-04-25T13:24:22.945+0800][45.797s] GC(5) Archive regions: 0->0
[2020-04-25T13:24:22.945+0800][45.797s] GC(5) Humongous regions: 4->4
[2020-04-25T13:24:22.945+0800][45.797s] GC(5) Metaspace: 34740K->34740K(1081344K)
[2020-04-25T13:24:22.945+0800][45.797s] GC(5) Pause Young (Normal) (G1 Evacuation Pause) 139M->30M(512M) 9.409ms
[2020-04-25T13:24:22.945+0800][45.797s] GC(5) User=0.02s Sys=0.00s Real=0.01s
[2020-04-25T13:24:23.349+0800][46.201s] GC(6) Pause Young (Concurrent Start) (Metadata GC Threshold)
[2020-04-25T13:24:23.349+0800][46.201s] GC(6) Using 4 workers of 4 for evacuation
[2020-04-25T13:24:23.361+0800][46.213s] GC(6)   Pre Evacuate Collection Set: 0.1ms
[2020-04-25T13:24:23.361+0800][46.213s] GC(6)   Evacuate Collection Set: 11.1ms
[2020-04-25T13:24:23.361+0800][46.213s] GC(6)   Post Evacuate Collection Set: 0.4ms
[2020-04-25T13:24:23.372+0800][46.223s] GC(6)   Other: 0.3ms
[2020-04-25T13:24:23.372+0800][46.223s] GC(6) Eden regions: 3->0(126)
[2020-04-25T13:24:23.372+0800][46.223s] GC(6) Survivor regions: 8->9(18)
[2020-04-25T13:24:23.372+0800][46.223s] GC(6) Old regions: 19->19
[2020-04-25T13:24:23.372+0800][46.223s] GC(6) Archive regions: 0->0
[2020-04-25T13:24:23.372+0800][46.224s] GC(6) Humongous regions: 4->4
[2020-04-25T13:24:23.372+0800][46.224s] GC(6) Metaspace: 34982K->34982K(1081344K)
[2020-04-25T13:24:23.372+0800][46.224s] GC(6) Pause Young (Concurrent Start) (Metadata GC Threshold) 33M->31M(512M) 22.385ms
[2020-04-25T13:24:23.372+0800][46.224s] GC(6) User=0.06s Sys=0.00s Real=0.02s
[2020-04-25T13:24:23.372+0800][46.224s] GC(7) Concurrent Cycle
[2020-04-25T13:24:23.372+0800][46.224s] GC(7) Concurrent Clear Claimed Marks
[2020-04-25T13:24:23.372+0800][46.224s] GC(7) Concurrent Clear Claimed Marks 0.070ms
[2020-04-25T13:24:23.372+0800][46.224s] GC(7) Concurrent Scan Root Regions
[2020-04-25T13:24:23.381+0800][46.233s] GC(7) Concurrent Scan Root Regions 9.312ms
[2020-04-25T13:24:23.382+0800][46.233s] GC(7) Concurrent Mark (46.233s)
[2020-04-25T13:24:23.382+0800][46.233s] GC(7) Concurrent Mark From Roots
[2020-04-25T13:24:23.382+0800][46.233s] GC(7) Using 1 workers of 1 for marking
[2020-04-25T13:24:23.419+0800][46.271s] GC(7) Concurrent Mark From Roots 37.640ms
[2020-04-25T13:24:23.419+0800][46.271s] GC(7) Concurrent Preclean
[2020-04-25T13:24:23.419+0800][46.271s] GC(7) Concurrent Preclean 0.183ms
[2020-04-25T13:24:23.419+0800][46.271s] GC(7) Concurrent Mark (46.233s, 46.271s) 37.958ms
[2020-04-25T13:24:23.467+0800][46.319s] GC(7) Pause Remark
[2020-04-25T13:24:23.469+0800][46.321s] GC(7) Cleaned string table, strings: 19959 processed, 25 removed
[2020-04-25T13:24:23.469+0800][46.321s] GC(7) Pause Remark 31M->31M(512M) 2.291ms
[2020-04-25T13:24:23.469+0800][46.322s] GC(7) User=0.00s Sys=0.00s Real=0.00s
[2020-04-25T13:24:23.469+0800][46.322s] GC(7) Concurrent Rebuild Remembered Sets
[2020-04-25T13:24:23.483+0800][46.335s] GC(7) Concurrent Rebuild Remembered Sets 13.852ms
[2020-04-25T13:24:23.564+0800][46.416s] GC(7) Pause Cleanup
[2020-04-25T13:24:23.564+0800][46.416s] GC(7) Pause Cleanup 31M->31M(512M) 0.321ms
[2020-04-25T13:24:23.565+0800][46.417s] GC(7) User=0.00s Sys=0.00s Real=0.00s
[2020-04-25T13:24:23.565+0800][46.417s] GC(7) Concurrent Cleanup for Next Mark
[2020-04-25T13:24:23.568+0800][46.420s] GC(7) Concurrent Cleanup for Next Mark 3.697ms
[2020-04-25T13:24:23.569+0800][46.421s] GC(7) Concurrent Cycle 196.833ms
[2020-04-25T13:24:24.158+0800][47.010s] GC(8) Pause Young (Normal) (G1 Evacuation Pause)
[2020-04-25T13:24:24.158+0800][47.010s] GC(8) Using 4 workers of 4 for evacuation
[2020-04-25T13:24:24.168+0800][47.020s] GC(8)   Pre Evacuate Collection Set: 0.0ms
[2020-04-25T13:24:24.168+0800][47.020s] GC(8)   Evacuate Collection Set: 9.3ms
[2020-04-25T13:24:24.168+0800][47.020s] GC(8)   Post Evacuate Collection Set: 0.4ms
[2020-04-25T13:24:24.168+0800][47.020s] GC(8)   Other: 0.2ms
[2020-04-25T13:24:24.168+0800][47.020s] GC(8) Eden regions: 129->0(297)
[2020-04-25T13:24:24.168+0800][47.020s] GC(8) Survivor regions: 9->10(18)
[2020-04-25T13:24:24.168+0800][47.020s] GC(8) Old regions: 19->19
[2020-04-25T13:24:24.168+0800][47.020s] GC(8) Archive regions: 0->0
[2020-04-25T13:24:24.168+0800][47.020s] GC(8) Humongous regions: 4->4
[2020-04-25T13:24:24.168+0800][47.020s] GC(8) Metaspace: 35595K->35595K(1081344K)
[2020-04-25T13:24:24.168+0800][47.020s] GC(8) Pause Young (Normal) (G1 Evacuation Pause) 160M->32M(512M) 10.231ms
[2020-04-25T13:24:24.168+0800][47.020s] GC(8) User=0.00s Sys=0.00s Real=0.01s
[2020-04-25T13:24:28.097+0800][50.949s] GC(9) Pause Young (Normal) (G1 Evacuation Pause)
[2020-04-25T13:24:28.097+0800][50.949s] GC(9) Using 4 workers of 4 for evacuation
[2020-04-25T13:24:28.111+0800][50.963s] GC(9)   Pre Evacuate Collection Set: 0.0ms
[2020-04-25T13:24:28.111+0800][50.963s] GC(9)   Evacuate Collection Set: 12.5ms
[2020-04-25T13:24:28.111+0800][50.963s] GC(9)   Post Evacuate Collection Set: 0.8ms
[2020-04-25T13:24:28.111+0800][50.963s] GC(9)   Other: 0.4ms
[2020-04-25T13:24:28.111+0800][50.963s] GC(9) Eden regions: 297->0(297)
[2020-04-25T13:24:28.111+0800][50.963s] GC(9) Survivor regions: 10->10(39)
[2020-04-25T13:24:28.111+0800][50.963s] GC(9) Old regions: 19->19
[2020-04-25T13:24:28.111+0800][50.963s] GC(9) Archive regions: 0->0
[2020-04-25T13:24:28.111+0800][50.963s] GC(9) Humongous regions: 5->4
[2020-04-25T13:24:28.111+0800][50.963s] GC(9) Metaspace: 38263K->38263K(1083392K)
[2020-04-25T13:24:28.111+0800][50.963s] GC(9) Pause Young (Normal) (G1 Evacuation Pause) 330M->32M(512M) 14.028ms
[2020-04-25T13:24:28.111+0800][50.963s] GC(9) User=0.06s Sys=0.00s Real=0.01s
[2020-04-25T13:24:39.531+0800][62.383s] GC(10) Pause Young (Normal) (G1 Evacuation Pause)
[2020-04-25T13:24:39.531+0800][62.383s] GC(10) Using 4 workers of 4 for evacuation
[2020-04-25T13:24:39.581+0800][62.433s] GC(10)   Pre Evacuate Collection Set: 0.0ms
[2020-04-25T13:24:39.581+0800][62.433s] GC(10)   Evacuate Collection Set: 48.8ms
[2020-04-25T13:24:39.581+0800][62.433s] GC(10)   Post Evacuate Collection Set: 0.8ms
[2020-04-25T13:24:39.581+0800][62.433s] GC(10)   Other: 0.7ms
[2020-04-25T13:24:39.581+0800][62.433s] GC(10) Eden regions: 297->0(284)
[2020-04-25T13:24:39.581+0800][62.433s] GC(10) Survivor regions: 10->23(39)
[2020-04-25T13:24:39.581+0800][62.433s] GC(10) Old regions: 19->19
[2020-04-25T13:24:39.581+0800][62.433s] GC(10) Archive regions: 0->0
[2020-04-25T13:24:39.581+0800][62.433s] GC(10) Humongous regions: 4->4
[2020-04-25T13:24:39.581+0800][62.433s] GC(10) Metaspace: 45647K->45647K(1089536K)
[2020-04-25T13:24:39.581+0800][62.434s] GC(10) Pause Young (Normal) (G1 Evacuation Pause) 329M->45M(512M) 50.804ms
[2020-04-25T13:24:39.581+0800][62.434s] GC(10) User=0.17s Sys=0.00s Real=0.05s
[2020-04-25T15:06:24.131+0800][6166.982s] GC(11) Pause Young (Normal) (G1 Evacuation Pause)
[2020-04-25T15:06:24.131+0800][6166.982s] GC(11) Using 4 workers of 4 for evacuation
[2020-04-25T15:06:24.271+0800][6167.123s] GC(11)   Pre Evacuate Collection Set: 0.5ms
[2020-04-25T15:06:24.271+0800][6167.123s] GC(11)   Evacuate Collection Set: 137.3ms
[2020-04-25T15:06:24.271+0800][6167.123s] GC(11)   Post Evacuate Collection Set: 2.1ms
[2020-04-25T15:06:24.271+0800][6167.123s] GC(11)   Other: 1.0ms
[2020-04-25T15:06:24.271+0800][6167.123s] GC(11) Eden regions: 284->0(281)
[2020-04-25T15:06:24.271+0800][6167.123s] GC(11) Survivor regions: 23->26(39)
[2020-04-25T15:06:24.271+0800][6167.123s] GC(11) Old regions: 19->22
[2020-04-25T15:06:24.271+0800][6167.123s] GC(11) Archive regions: 0->0
[2020-04-25T15:06:24.271+0800][6167.123s] GC(11) Humongous regions: 7->7
[2020-04-25T15:06:24.271+0800][6167.123s] GC(11) Metaspace: 49829K->49829K(1093632K)
[2020-04-25T15:06:24.271+0800][6167.123s] GC(11) Pause Young (Normal) (G1 Evacuation Pause) 332M->54M(512M) 141.066ms
[2020-04-25T15:06:24.271+0800][6167.123s] GC(11) User=0.03s Sys=0.16s Real=0.14s
[2020-04-25T15:09:41.321+0800][6364.176s] Heap
[2020-04-25T15:09:41.321+0800][6364.176s]  garbage-first heap   total 524288K, used 74920K [0x00000000e0000000, 0x0000000100000000)
[2020-04-25T15:09:41.321+0800][6364.176s]   region size 1024K, 46 young (47104K), 26 survivors (26624K)
[2020-04-25T15:09:41.321+0800][6364.176s]  Metaspace       used 50187K, capacity 51350K, committed 51584K, reserved 1095680K
[2020-04-25T15:09:41.321+0800][6364.176s]   class space    used 5769K, capacity 6223K, committed 6272K, reserved 1048576K
