[2020-04-25T17:18:15.016+0800][0.165s] Heap region size: 1M
[2020-04-25T17:18:15.291+0800][0.440s] Using G1
[2020-04-25T17:18:15.291+0800][0.440s] Heap address: 0x00000000e0000000, size: 512 MB, Compressed Oops mode: 32-bit
[2020-04-25T17:18:15.358+0800][0.507s] Periodic GC disabled
[2020-04-25T17:18:17.418+0800][2.567s] GC(0) Pause Young (Normal) (G1 Evacuation Pause)
[2020-04-25T17:18:17.418+0800][2.567s] GC(0) Using 4 workers of 4 for evacuation
[2020-04-25T17:18:17.428+0800][2.577s] GC(0)   Pre Evacuate Collection Set: 0.0ms
[2020-04-25T17:18:17.429+0800][2.577s] GC(0)   Evacuate Collection Set: 9.7ms
[2020-04-25T17:18:17.429+0800][2.577s] GC(0)   Post Evacuate Collection Set: 0.4ms
[2020-04-25T17:18:17.429+0800][2.577s] GC(0)   Other: 0.5ms
[2020-04-25T17:18:17.429+0800][2.578s] GC(0) Eden regions: 25->0(304)
[2020-04-25T17:18:17.429+0800][2.578s] GC(0) Survivor regions: 0->3(4)
[2020-04-25T17:18:17.429+0800][2.578s] GC(0) Old regions: 0->0
[2020-04-25T17:18:17.429+0800][2.578s] GC(0) Archive regions: 0->0
[2020-04-25T17:18:17.429+0800][2.578s] GC(0) Humongous regions: 0->0
[2020-04-25T17:18:17.429+0800][2.578s] GC(0) Metaspace: 5405K->5405K(1056768K)
[2020-04-25T17:18:17.429+0800][2.578s] GC(0) Pause Young (Normal) (G1 Evacuation Pause) 25M->2M(512M) 11.514ms
[2020-04-25T17:18:17.429+0800][2.578s] GC(0) User=0.03s Sys=0.00s Real=0.01s
[2020-04-25T17:18:20.505+0800][5.654s] GC(1) Pause Young (Concurrent Start) (Metadata GC Threshold)
[2020-04-25T17:18:20.505+0800][5.654s] GC(1) Using 4 workers of 4 for evacuation
[2020-04-25T17:18:20.527+0800][5.675s] GC(1)   Pre Evacuate Collection Set: 0.0ms
[2020-04-25T17:18:20.527+0800][5.675s] GC(1)   Evacuate Collection Set: 19.9ms
[2020-04-25T17:18:20.527+0800][5.675s] GC(1)   Post Evacuate Collection Set: 1.2ms
[2020-04-25T17:18:20.527+0800][5.675s] GC(1)   Other: 0.3ms
[2020-04-25T17:18:20.527+0800][5.675s] GC(1) Eden regions: 110->0(71)
[2020-04-25T17:18:20.527+0800][5.675s] GC(1) Survivor regions: 3->20(39)
[2020-04-25T17:18:20.527+0800][5.675s] GC(1) Old regions: 0->0
[2020-04-25T17:18:20.527+0800][5.675s] GC(1) Archive regions: 0->0
[2020-04-25T17:18:20.527+0800][5.675s] GC(1) Humongous regions: 4->4
[2020-04-25T17:18:20.527+0800][5.675s] GC(1) Metaspace: 20650K->20650K(1069056K)
[2020-04-25T17:18:20.527+0800][5.675s] GC(1) Pause Young (Concurrent Start) (Metadata GC Threshold) 116M->23M(512M) 21.627ms
[2020-04-25T17:18:20.527+0800][5.675s] GC(1) User=0.02s Sys=0.00s Real=0.02s
[2020-04-25T17:18:20.527+0800][5.675s] GC(2) Concurrent Cycle
[2020-04-25T17:18:20.527+0800][5.675s] GC(2) Concurrent Clear Claimed Marks
[2020-04-25T17:18:20.527+0800][5.675s] GC(2) Concurrent Clear Claimed Marks 0.034ms
[2020-04-25T17:18:20.527+0800][5.675s] GC(2) Concurrent Scan Root Regions
[2020-04-25T17:18:20.538+0800][5.687s] GC(2) Concurrent Scan Root Regions 11.744ms
[2020-04-25T17:18:20.538+0800][5.687s] GC(2) Concurrent Mark (5.687s)
[2020-04-25T17:18:20.538+0800][5.687s] GC(2) Concurrent Mark From Roots
[2020-04-25T17:18:20.538+0800][5.687s] GC(2) Using 1 workers of 1 for marking
[2020-04-25T17:18:20.541+0800][5.690s] GC(2) Concurrent Mark From Roots 2.526ms
[2020-04-25T17:18:20.541+0800][5.690s] GC(2) Concurrent Preclean
[2020-04-25T17:18:20.541+0800][5.690s] GC(2) Concurrent Preclean 0.095ms
[2020-04-25T17:18:20.541+0800][5.690s] GC(2) Concurrent Mark (5.687s, 5.690s) 2.735ms
[2020-04-25T17:18:20.541+0800][5.690s] GC(2) Pause Remark
[2020-04-25T17:18:20.542+0800][5.691s] GC(2) Cleaned string table, strings: 13191 processed, 0 removed
[2020-04-25T17:18:20.543+0800][5.691s] GC(2) Pause Remark 23M->23M(512M) 1.327ms
[2020-04-25T17:18:20.543+0800][5.691s] GC(2) User=0.00s Sys=0.00s Real=0.00s
[2020-04-25T17:18:20.543+0800][5.691s] GC(2) Concurrent Rebuild Remembered Sets
[2020-04-25T17:18:20.544+0800][5.693s] GC(2) Concurrent Rebuild Remembered Sets 1.433ms
[2020-04-25T17:18:20.544+0800][5.693s] GC(2) Pause Cleanup
[2020-04-25T17:18:20.544+0800][5.693s] GC(2) Pause Cleanup 24M->24M(512M) 0.086ms
[2020-04-25T17:18:20.544+0800][5.693s] GC(2) User=0.00s Sys=0.00s Real=0.00s
[2020-04-25T17:18:20.545+0800][5.693s] GC(2) Concurrent Cleanup for Next Mark
[2020-04-25T17:18:20.546+0800][5.694s] GC(2) Concurrent Cleanup for Next Mark 1.062ms
[2020-04-25T17:18:20.546+0800][5.694s] GC(2) Concurrent Cycle 19.115ms
[2020-04-25T17:18:21.663+0800][6.812s] GC(3) Pause Young (Normal) (G1 Evacuation Pause)
[2020-04-25T17:18:21.663+0800][6.812s] GC(3) Using 4 workers of 4 for evacuation
[2020-04-25T17:18:21.687+0800][6.835s] GC(3)   Pre Evacuate Collection Set: 0.0ms
[2020-04-25T17:18:21.687+0800][6.835s] GC(3)   Evacuate Collection Set: 22.4ms
[2020-04-25T17:18:21.687+0800][6.835s] GC(3)   Post Evacuate Collection Set: 0.8ms
[2020-04-25T17:18:21.687+0800][6.835s] GC(3)   Other: 0.2ms
[2020-04-25T17:18:21.687+0800][6.835s] GC(3) Eden regions: 63->0(108)
[2020-04-25T17:18:21.687+0800][6.835s] GC(3) Survivor regions: 20->5(11)
[2020-04-25T17:18:21.687+0800][6.835s] GC(3) Old regions: 0->19
[2020-04-25T17:18:21.687+0800][6.835s] GC(3) Archive regions: 0->0
[2020-04-25T17:18:21.687+0800][6.835s] GC(3) Humongous regions: 4->4
[2020-04-25T17:18:21.687+0800][6.835s] GC(3) Metaspace: 29334K->29334K(1075200K)
[2020-04-25T17:18:21.687+0800][6.835s] GC(3) Pause Young (Normal) (G1 Evacuation Pause) 86M->27M(512M) 23.642ms
[2020-04-25T17:18:21.687+0800][6.835s] GC(3) User=0.09s Sys=0.00s Real=0.02s
[2020-04-25T17:18:22.413+0800][7.561s] GC(4) Pause Young (Normal) (G1 Evacuation Pause)
[2020-04-25T17:18:22.413+0800][7.561s] GC(4) Using 4 workers of 4 for evacuation
[2020-04-25T17:18:22.419+0800][7.567s] GC(4)   Pre Evacuate Collection Set: 0.0ms
[2020-04-25T17:18:22.419+0800][7.567s] GC(4)   Evacuate Collection Set: 5.3ms
[2020-04-25T17:18:22.419+0800][7.567s] GC(4)   Post Evacuate Collection Set: 0.4ms
[2020-04-25T17:18:22.419+0800][7.567s] GC(4)   Other: 0.3ms
[2020-04-25T17:18:22.419+0800][7.567s] GC(4) Eden regions: 108->0(132)
[2020-04-25T17:18:22.419+0800][7.567s] GC(4) Survivor regions: 5->6(15)
[2020-04-25T17:18:22.419+0800][7.567s] GC(4) Old regions: 19->19
[2020-04-25T17:18:22.419+0800][7.567s] GC(4) Archive regions: 0->0
[2020-04-25T17:18:22.419+0800][7.567s] GC(4) Humongous regions: 4->4
[2020-04-25T17:18:22.419+0800][7.567s] GC(4) Metaspace: 31392K->31392K(1077248K)
[2020-04-25T17:18:22.419+0800][7.567s] GC(4) Pause Young (Normal) (G1 Evacuation Pause) 135M->27M(512M) 6.242ms
[2020-04-25T17:18:22.419+0800][7.567s] GC(4) User=0.00s Sys=0.00s Real=0.01s
[2020-04-25T17:18:23.092+0800][8.241s] GC(5) Pause Young (Normal) (G1 Evacuation Pause)
[2020-04-25T17:18:23.092+0800][8.241s] GC(5) Using 4 workers of 4 for evacuation
[2020-04-25T17:18:23.100+0800][8.249s] GC(5)   Pre Evacuate Collection Set: 0.0ms
[2020-04-25T17:18:23.101+0800][8.249s] GC(5)   Evacuate Collection Set: 8.0ms
[2020-04-25T17:18:23.101+0800][8.249s] GC(5)   Post Evacuate Collection Set: 0.6ms
[2020-04-25T17:18:23.101+0800][8.250s] GC(5)   Other: 0.3ms
[2020-04-25T17:18:23.101+0800][8.250s] GC(5) Eden regions: 132->0(299)
[2020-04-25T17:18:23.101+0800][8.250s] GC(5) Survivor regions: 6->8(18)
[2020-04-25T17:18:23.101+0800][8.250s] GC(5) Old regions: 19->19
[2020-04-25T17:18:23.101+0800][8.250s] GC(5) Archive regions: 0->0
[2020-04-25T17:18:23.101+0800][8.250s] GC(5) Humongous regions: 4->4
[2020-04-25T17:18:23.101+0800][8.250s] GC(5) Metaspace: 33745K->33745K(1079296K)
[2020-04-25T17:18:23.101+0800][8.250s] GC(5) Pause Young (Normal) (G1 Evacuation Pause) 159M->30M(512M) 9.310ms
[2020-04-25T17:18:23.101+0800][8.250s] GC(5) User=0.00s Sys=0.00s Real=0.01s
[2020-04-25T17:18:23.477+0800][8.625s] GC(6) Pause Young (Normal) (G1 Evacuation Pause)
[2020-04-25T17:18:23.477+0800][8.626s] GC(6) Using 4 workers of 4 for evacuation
[2020-04-25T17:18:23.487+0800][8.636s] GC(6)   Pre Evacuate Collection Set: 0.0ms
[2020-04-25T17:18:23.487+0800][8.636s] GC(6)   Evacuate Collection Set: 9.8ms
[2020-04-25T17:18:23.487+0800][8.636s] GC(6)   Post Evacuate Collection Set: 0.4ms
[2020-04-25T17:18:23.488+0800][8.636s] GC(6)   Other: 0.3ms
[2020-04-25T17:18:23.488+0800][8.636s] GC(6) Eden regions: 299->0(298)
[2020-04-25T17:18:23.488+0800][8.636s] GC(6) Survivor regions: 8->9(39)
[2020-04-25T17:18:23.488+0800][8.636s] GC(6) Old regions: 19->19
[2020-04-25T17:18:23.488+0800][8.636s] GC(6) Archive regions: 0->0
[2020-04-25T17:18:23.488+0800][8.636s] GC(6) Humongous regions: 5->4
[2020-04-25T17:18:23.488+0800][8.636s] GC(6) Metaspace: 34190K->34190K(1081344K)
[2020-04-25T17:18:23.488+0800][8.636s] GC(6) Pause Young (Normal) (G1 Evacuation Pause) 330M->31M(512M) 10.994ms
[2020-04-25T17:18:23.488+0800][8.637s] GC(6) User=0.06s Sys=0.00s Real=0.01s
[2020-04-25T17:18:23.641+0800][8.790s] GC(7) Pause Young (Concurrent Start) (Metadata GC Threshold)
[2020-04-25T17:18:23.641+0800][8.790s] GC(7) Using 4 workers of 4 for evacuation
[2020-04-25T17:18:23.652+0800][8.801s] GC(7)   Pre Evacuate Collection Set: 0.1ms
[2020-04-25T17:18:23.652+0800][8.801s] GC(7)   Evacuate Collection Set: 10.3ms
[2020-04-25T17:18:23.652+0800][8.801s] GC(7)   Post Evacuate Collection Set: 0.3ms
[2020-04-25T17:18:23.652+0800][8.801s] GC(7)   Other: 0.2ms
[2020-04-25T17:18:23.652+0800][8.801s] GC(7) Eden regions: 27->0(232)
[2020-04-25T17:18:23.652+0800][8.801s] GC(7) Survivor regions: 9->10(39)
[2020-04-25T17:18:23.652+0800][8.801s] GC(7) Old regions: 19->19
[2020-04-25T17:18:23.652+0800][8.801s] GC(7) Archive regions: 0->0
[2020-04-25T17:18:23.652+0800][8.801s] GC(7) Humongous regions: 4->4
[2020-04-25T17:18:23.652+0800][8.801s] GC(7) Metaspace: 35033K->35033K(1081344K)
[2020-04-25T17:18:23.652+0800][8.801s] GC(7) Pause Young (Concurrent Start) (Metadata GC Threshold) 58M->32M(512M) 11.077ms
[2020-04-25T17:18:23.652+0800][8.801s] GC(7) User=0.00s Sys=0.00s Real=0.01s
[2020-04-25T17:18:23.652+0800][8.801s] GC(8) Concurrent Cycle
[2020-04-25T17:18:23.652+0800][8.801s] GC(8) Concurrent Clear Claimed Marks
[2020-04-25T17:18:23.653+0800][8.801s] GC(8) Concurrent Clear Claimed Marks 0.053ms
[2020-04-25T17:18:23.653+0800][8.801s] GC(8) Concurrent Scan Root Regions
[2020-04-25T17:18:23.661+0800][8.810s] GC(8) Concurrent Scan Root Regions 8.791ms
[2020-04-25T17:18:23.661+0800][8.810s] GC(8) Concurrent Mark (8.810s)
[2020-04-25T17:18:23.661+0800][8.810s] GC(8) Concurrent Mark From Roots
[2020-04-25T17:18:23.661+0800][8.810s] GC(8) Using 1 workers of 1 for marking
[2020-04-25T17:18:23.713+0800][8.862s] GC(8) Concurrent Mark From Roots 51.963ms
[2020-04-25T17:18:23.713+0800][8.862s] GC(8) Concurrent Preclean
[2020-04-25T17:18:23.714+0800][8.862s] GC(8) Concurrent Preclean 0.194ms
[2020-04-25T17:18:23.714+0800][8.862s] GC(8) Concurrent Mark (8.810s, 8.862s) 52.286ms
[2020-04-25T17:18:23.714+0800][8.862s] GC(8) Pause Remark
[2020-04-25T17:18:23.716+0800][8.865s] GC(8) Cleaned string table, strings: 20227 processed, 24 removed
[2020-04-25T17:18:23.717+0800][8.865s] GC(8) Pause Remark 39M->39M(512M) 2.571ms
[2020-04-25T17:18:23.717+0800][8.865s] GC(8) User=0.02s Sys=0.02s Real=0.00s
[2020-04-25T17:18:23.717+0800][8.865s] GC(8) Concurrent Rebuild Remembered Sets
[2020-04-25T17:18:23.739+0800][8.887s] GC(8) Concurrent Rebuild Remembered Sets 22.117ms
[2020-04-25T17:18:23.739+0800][8.888s] GC(8) Pause Cleanup
[2020-04-25T17:18:23.739+0800][8.888s] GC(8) Pause Cleanup 40M->40M(512M) 0.108ms
[2020-04-25T17:18:23.739+0800][8.888s] GC(8) User=0.00s Sys=0.00s Real=0.00s
[2020-04-25T17:18:23.739+0800][8.888s] GC(8) Concurrent Cleanup for Next Mark
[2020-04-25T17:18:23.741+0800][8.889s] GC(8) Concurrent Cleanup for Next Mark 1.310ms
[2020-04-25T17:18:23.741+0800][8.889s] GC(8) Concurrent Cycle 88.236ms
[2020-04-25T17:18:26.442+0800][11.590s] GC(9) Pause Young (Concurrent Start) (G1 Evacuation Pause)
[2020-04-25T17:18:26.442+0800][11.591s] GC(9) Using 4 workers of 4 for evacuation
[2020-04-25T17:18:26.469+0800][11.618s] GC(9)   Pre Evacuate Collection Set: 0.1ms
[2020-04-25T17:18:26.469+0800][11.618s] GC(9)   Evacuate Collection Set: 26.3ms
[2020-04-25T17:18:26.469+0800][11.618s] GC(9)   Post Evacuate Collection Set: 0.5ms
[2020-04-25T17:18:26.469+0800][11.618s] GC(9)   Other: 0.3ms
[2020-04-25T17:18:26.469+0800][11.618s] GC(9) Eden regions: 232->0(286)
[2020-04-25T17:18:26.470+0800][11.618s] GC(9) Survivor regions: 10->21(31)
[2020-04-25T17:18:26.470+0800][11.618s] GC(9) Old regions: 19->19
[2020-04-25T17:18:26.470+0800][11.618s] GC(9) Archive regions: 0->0
[2020-04-25T17:18:26.470+0800][11.618s] GC(9) Humongous regions: 4->4
[2020-04-25T17:18:26.470+0800][11.618s] GC(9) Metaspace: 44142K->44142K(1089536K)
[2020-04-25T17:18:26.470+0800][11.618s] GC(9) Pause Young (Concurrent Start) (G1 Evacuation Pause) 264M->42M(512M) 27.421ms
[2020-04-25T17:18:26.470+0800][11.618s] GC(9) User=0.13s Sys=0.00s Real=0.03s
[2020-04-25T17:18:26.470+0800][11.618s] GC(10) Concurrent Cycle
[2020-04-25T17:18:26.470+0800][11.618s] GC(10) Concurrent Clear Claimed Marks
[2020-04-25T17:18:26.470+0800][11.618s] GC(10) Concurrent Clear Claimed Marks 0.072ms
[2020-04-25T17:18:26.470+0800][11.618s] GC(10) Concurrent Scan Root Regions
[2020-04-25T17:18:26.490+0800][11.638s] GC(10) Concurrent Scan Root Regions 20.088ms
[2020-04-25T17:18:26.490+0800][11.638s] GC(10) Concurrent Mark (11.638s)
[2020-04-25T17:18:26.490+0800][11.638s] GC(10) Concurrent Mark From Roots
[2020-04-25T17:18:26.490+0800][11.638s] GC(10) Using 1 workers of 1 for marking
[2020-04-25T17:18:26.544+0800][11.692s] GC(10) Concurrent Mark From Roots 53.775ms
[2020-04-25T17:18:26.544+0800][11.692s] GC(10) Concurrent Preclean
[2020-04-25T17:18:26.544+0800][11.692s] GC(10) Concurrent Preclean 0.204ms
[2020-04-25T17:18:26.544+0800][11.692s] GC(10) Concurrent Mark (11.638s, 11.692s) 54.126ms
[2020-04-25T17:18:26.547+0800][11.695s] GC(10) Pause Remark
[2020-04-25T17:18:26.550+0800][11.698s] GC(10) Cleaned string table, strings: 26560 processed, 1 removed
[2020-04-25T17:18:26.550+0800][11.698s] GC(10) Pause Remark 50M->50M(512M) 2.990ms
[2020-04-25T17:18:26.550+0800][11.698s] GC(10) User=0.00s Sys=0.00s Real=0.00s
[2020-04-25T17:18:26.550+0800][11.698s] GC(10) Concurrent Rebuild Remembered Sets
[2020-04-25T17:18:26.571+0800][11.719s] GC(10) Concurrent Rebuild Remembered Sets 21.169ms
[2020-04-25T17:18:26.577+0800][11.725s] GC(10) Pause Cleanup
[2020-04-25T17:18:26.577+0800][11.726s] GC(10) Pause Cleanup 61M->61M(512M) 0.162ms
[2020-04-25T17:18:26.578+0800][11.726s] GC(10) User=0.00s Sys=0.00s Real=0.00s
[2020-04-25T17:18:26.578+0800][11.726s] GC(10) Concurrent Cleanup for Next Mark
[2020-04-25T17:18:26.579+0800][11.727s] GC(10) Concurrent Cleanup for Next Mark 1.098ms
[2020-04-25T17:18:26.579+0800][11.727s] GC(10) Concurrent Cycle 108.940ms
[2020-04-25T17:18:27.772+0800][12.920s] GC(11) Pause Young (Normal) (G1 Evacuation Pause)
[2020-04-25T17:18:27.772+0800][12.920s] GC(11) Using 4 workers of 4 for evacuation
[2020-04-25T17:18:27.796+0800][12.945s] GC(11)   Pre Evacuate Collection Set: 0.1ms
[2020-04-25T17:18:27.796+0800][12.945s] GC(11)   Evacuate Collection Set: 23.4ms
[2020-04-25T17:18:27.796+0800][12.945s] GC(11)   Post Evacuate Collection Set: 0.7ms
[2020-04-25T17:18:27.796+0800][12.945s] GC(11)   Other: 0.4ms
[2020-04-25T17:18:27.796+0800][12.945s] GC(11) Eden regions: 286->0(284)
[2020-04-25T17:18:27.797+0800][12.945s] GC(11) Survivor regions: 21->23(39)
[2020-04-25T17:18:27.797+0800][12.945s] GC(11) Old regions: 19->22
[2020-04-25T17:18:27.797+0800][12.945s] GC(11) Archive regions: 0->0
[2020-04-25T17:18:27.797+0800][12.945s] GC(11) Humongous regions: 4->4
[2020-04-25T17:18:27.797+0800][12.945s] GC(11) Metaspace: 45624K->45624K(1091584K)
[2020-04-25T17:18:27.797+0800][12.945s] GC(11) Pause Young (Normal) (G1 Evacuation Pause) 328M->48M(512M) 25.084ms
[2020-04-25T17:18:27.797+0800][12.945s] GC(11) User=0.13s Sys=0.00s Real=0.02s
[2020-04-25T17:18:29.817+0800][14.965s] GC(12) Pause Young (Normal) (G1 Evacuation Pause)
[2020-04-25T17:18:29.817+0800][14.965s] GC(12) Using 4 workers of 4 for evacuation
[2020-04-25T17:18:29.848+0800][14.996s] GC(12)   Pre Evacuate Collection Set: 0.0ms
[2020-04-25T17:18:29.848+0800][14.997s] GC(12)   Evacuate Collection Set: 30.7ms
[2020-04-25T17:18:29.848+0800][14.997s] GC(12)   Post Evacuate Collection Set: 0.5ms
[2020-04-25T17:18:29.848+0800][14.997s] GC(12)   Other: 0.3ms
[2020-04-25T17:18:29.848+0800][14.997s] GC(12) Eden regions: 284->0(287)
[2020-04-25T17:18:29.848+0800][14.997s] GC(12) Survivor regions: 23->20(39)
[2020-04-25T17:18:29.848+0800][14.997s] GC(12) Old regions: 22->26
[2020-04-25T17:18:29.848+0800][14.997s] GC(12) Archive regions: 0->0
[2020-04-25T17:18:29.848+0800][14.997s] GC(12) Humongous regions: 5->4
[2020-04-25T17:18:29.848+0800][14.997s] GC(12) Metaspace: 47459K->47459K(1091584K)
[2020-04-25T17:18:29.849+0800][14.997s] GC(12) Pause Young (Normal) (G1 Evacuation Pause) 333M->49M(512M) 31.992ms
[2020-04-25T17:18:29.849+0800][14.997s] GC(12) User=0.11s Sys=0.00s Real=0.03s
[2020-04-25T17:18:30.646+0800][15.795s] GC(13) Pause Young (Normal) (G1 Evacuation Pause)
[2020-04-25T17:18:30.646+0800][15.795s] GC(13) Using 4 workers of 4 for evacuation
[2020-04-25T17:18:30.668+0800][15.817s] GC(13)   Pre Evacuate Collection Set: 0.0ms
[2020-04-25T17:18:30.668+0800][15.817s] GC(13)   Evacuate Collection Set: 17.5ms
[2020-04-25T17:18:30.668+0800][15.817s] GC(13)   Post Evacuate Collection Set: 4.0ms
[2020-04-25T17:18:30.668+0800][15.817s] GC(13)   Other: 0.3ms
[2020-04-25T17:18:30.668+0800][15.817s] GC(13) Eden regions: 287->0(286)
[2020-04-25T17:18:30.668+0800][15.817s] GC(13) Survivor regions: 20->21(39)
[2020-04-25T17:18:30.668+0800][15.817s] GC(13) Old regions: 26->26
[2020-04-25T17:18:30.668+0800][15.817s] GC(13) Archive regions: 0->0
[2020-04-25T17:18:30.668+0800][15.817s] GC(13) Humongous regions: 4->4
[2020-04-25T17:18:30.668+0800][15.817s] GC(13) Metaspace: 47466K->47466K(1091584K)
[2020-04-25T17:18:30.669+0800][15.817s] GC(13) Pause Young (Normal) (G1 Evacuation Pause) 336M->49M(512M) 22.432ms
[2020-04-25T17:18:30.669+0800][15.818s] GC(13) User=0.06s Sys=0.00s Real=0.02s
[2020-04-25T17:18:31.124+0800][16.273s] GC(14) Pause Young (Normal) (G1 Evacuation Pause)
[2020-04-25T17:18:31.124+0800][16.273s] GC(14) Using 4 workers of 4 for evacuation
[2020-04-25T17:18:31.143+0800][16.291s] GC(14)   Pre Evacuate Collection Set: 0.0ms
[2020-04-25T17:18:31.143+0800][16.291s] GC(14)   Evacuate Collection Set: 17.5ms
[2020-04-25T17:18:31.143+0800][16.291s] GC(14)   Post Evacuate Collection Set: 0.6ms
[2020-04-25T17:18:31.143+0800][16.291s] GC(14)   Other: 0.2ms
[2020-04-25T17:18:31.143+0800][16.292s] GC(14) Eden regions: 286->0(286)
[2020-04-25T17:18:31.143+0800][16.292s] GC(14) Survivor regions: 21->21(39)
[2020-04-25T17:18:31.143+0800][16.292s] GC(14) Old regions: 26->26
[2020-04-25T17:18:31.143+0800][16.292s] GC(14) Archive regions: 0->0
[2020-04-25T17:18:31.143+0800][16.292s] GC(14) Humongous regions: 4->4
[2020-04-25T17:18:31.143+0800][16.292s] GC(14) Metaspace: 47483K->47483K(1091584K)
[2020-04-25T17:18:31.143+0800][16.292s] GC(14) Pause Young (Normal) (G1 Evacuation Pause) 335M->50M(512M) 18.683ms
[2020-04-25T17:18:31.143+0800][16.292s] GC(14) User=0.06s Sys=0.00s Real=0.02s
[2020-04-25T17:18:31.600+0800][16.749s] GC(15) Pause Young (Normal) (G1 Evacuation Pause)
[2020-04-25T17:18:31.600+0800][16.749s] GC(15) Using 4 workers of 4 for evacuation
[2020-04-25T17:18:31.626+0800][16.774s] GC(15)   Pre Evacuate Collection Set: 0.0ms
[2020-04-25T17:18:31.626+0800][16.774s] GC(15)   Evacuate Collection Set: 24.8ms
[2020-04-25T17:18:31.626+0800][16.774s] GC(15)   Post Evacuate Collection Set: 0.4ms
[2020-04-25T17:18:31.626+0800][16.774s] GC(15)   Other: 0.2ms
[2020-04-25T17:18:31.626+0800][16.774s] GC(15) Eden regions: 286->0(298)
[2020-04-25T17:18:31.626+0800][16.774s] GC(15) Survivor regions: 21->9(39)
[2020-04-25T17:18:31.626+0800][16.774s] GC(15) Old regions: 26->39
[2020-04-25T17:18:31.626+0800][16.774s] GC(15) Archive regions: 0->0
[2020-04-25T17:18:31.626+0800][16.774s] GC(15) Humongous regions: 4->4
[2020-04-25T17:18:31.626+0800][16.774s] GC(15) Metaspace: 47724K->47724K(1091584K)
[2020-04-25T17:18:31.626+0800][16.774s] GC(15) Pause Young (Normal) (G1 Evacuation Pause) 336M->50M(512M) 25.757ms
[2020-04-25T17:18:31.626+0800][16.774s] GC(15) User=0.13s Sys=0.00s Real=0.03s
[2020-04-25T17:18:31.994+0800][17.142s] GC(16) Pause Young (Normal) (G1 Evacuation Pause)
[2020-04-25T17:18:31.994+0800][17.142s] GC(16) Using 4 workers of 4 for evacuation
[2020-04-25T17:18:32.002+0800][17.150s] GC(16)   Pre Evacuate Collection Set: 0.0ms
[2020-04-25T17:18:32.002+0800][17.150s] GC(16)   Evacuate Collection Set: 6.7ms
[2020-04-25T17:18:32.002+0800][17.150s] GC(16)   Post Evacuate Collection Set: 0.5ms
[2020-04-25T17:18:32.002+0800][17.150s] GC(16)   Other: 0.2ms
[2020-04-25T17:18:32.002+0800][17.150s] GC(16) Eden regions: 298->0(297)
[2020-04-25T17:18:32.002+0800][17.150s] GC(16) Survivor regions: 9->10(39)
[2020-04-25T17:18:32.002+0800][17.150s] GC(16) Old regions: 39->39
[2020-04-25T17:18:32.002+0800][17.150s] GC(16) Archive regions: 0->0
[2020-04-25T17:18:32.002+0800][17.150s] GC(16) Humongous regions: 4->4
[2020-04-25T17:18:32.002+0800][17.150s] GC(16) Metaspace: 47824K->47824K(1091584K)
[2020-04-25T17:18:32.002+0800][17.150s] GC(16) Pause Young (Normal) (G1 Evacuation Pause) 348M->51M(512M) 7.945ms
[2020-04-25T17:18:32.002+0800][17.150s] GC(16) User=0.06s Sys=0.00s Real=0.01s
[2020-04-25T17:18:32.217+0800][17.366s] GC(17) Pause Young (Normal) (G1 Evacuation Pause)
[2020-04-25T17:18:32.217+0800][17.367s] GC(17) Using 4 workers of 4 for evacuation
[2020-04-25T17:18:32.229+0800][17.378s] GC(17)   Pre Evacuate Collection Set: 0.0ms
[2020-04-25T17:18:32.229+0800][17.378s] GC(17)   Evacuate Collection Set: 10.4ms
[2020-04-25T17:18:32.229+0800][17.378s] GC(17)   Post Evacuate Collection Set: 0.7ms
[2020-04-25T17:18:32.229+0800][17.378s] GC(17)   Other: 0.3ms
[2020-04-25T17:18:32.229+0800][17.378s] GC(17) Eden regions: 297->0(297)
[2020-04-25T17:18:32.229+0800][17.378s] GC(17) Survivor regions: 10->10(39)
[2020-04-25T17:18:32.229+0800][17.378s] GC(17) Old regions: 39->39
[2020-04-25T17:18:32.229+0800][17.378s] GC(17) Archive regions: 0->0
[2020-04-25T17:18:32.229+0800][17.378s] GC(17) Humongous regions: 4->4
[2020-04-25T17:18:32.229+0800][17.378s] GC(17) Metaspace: 47825K->47825K(1091584K)
[2020-04-25T17:18:32.229+0800][17.378s] GC(17) Pause Young (Normal) (G1 Evacuation Pause) 348M->51M(512M) 11.792ms
[2020-04-25T17:18:32.229+0800][17.378s] GC(17) User=0.00s Sys=0.00s Real=0.01s
[2020-04-25T17:18:32.631+0800][17.780s] GC(18) Pause Young (Normal) (G1 Evacuation Pause)
[2020-04-25T17:18:32.632+0800][17.780s] GC(18) Using 4 workers of 4 for evacuation
[2020-04-25T17:18:32.639+0800][17.788s] GC(18)   Pre Evacuate Collection Set: 0.0ms
[2020-04-25T17:18:32.639+0800][17.788s] GC(18)   Evacuate Collection Set: 6.8ms
[2020-04-25T17:18:32.639+0800][17.788s] GC(18)   Post Evacuate Collection Set: 0.6ms
[2020-04-25T17:18:32.639+0800][17.788s] GC(18)   Other: 0.3ms
[2020-04-25T17:18:32.639+0800][17.788s] GC(18) Eden regions: 297->0(296)
[2020-04-25T17:18:32.639+0800][17.788s] GC(18) Survivor regions: 10->11(39)
[2020-04-25T17:18:32.639+0800][17.788s] GC(18) Old regions: 39->39
[2020-04-25T17:18:32.639+0800][17.788s] GC(18) Archive regions: 0->0
[2020-04-25T17:18:32.639+0800][17.788s] GC(18) Humongous regions: 4->4
[2020-04-25T17:18:32.640+0800][17.788s] GC(18) Metaspace: 47826K->47826K(1091584K)
[2020-04-25T17:18:32.640+0800][17.788s] GC(18) Pause Young (Normal) (G1 Evacuation Pause) 348M->52M(512M) 8.093ms
[2020-04-25T17:18:32.640+0800][17.788s] GC(18) User=0.05s Sys=0.00s Real=0.01s
[2020-04-25T17:18:32.795+0800][17.944s] GC(19) Pause Young (Normal) (G1 Evacuation Pause)
[2020-04-25T17:18:32.795+0800][17.944s] GC(19) Using 4 workers of 4 for evacuation
[2020-04-25T17:18:32.802+0800][17.951s] GC(19)   Pre Evacuate Collection Set: 0.0ms
[2020-04-25T17:18:32.802+0800][17.951s] GC(19)   Evacuate Collection Set: 6.3ms
[2020-04-25T17:18:32.802+0800][17.951s] GC(19)   Post Evacuate Collection Set: 0.5ms
[2020-04-25T17:18:32.802+0800][17.951s] GC(19)   Other: 0.2ms
[2020-04-25T17:18:32.802+0800][17.951s] GC(19) Eden regions: 296->0(296)
[2020-04-25T17:18:32.802+0800][17.951s] GC(19) Survivor regions: 11->11(39)
[2020-04-25T17:18:32.802+0800][17.951s] GC(19) Old regions: 39->39
[2020-04-25T17:18:32.803+0800][17.951s] GC(19) Archive regions: 0->0
[2020-04-25T17:18:32.803+0800][17.951s] GC(19) Humongous regions: 4->4
[2020-04-25T17:18:32.803+0800][17.951s] GC(19) Metaspace: 47828K->47828K(1091584K)
[2020-04-25T17:18:32.803+0800][17.951s] GC(19) Pause Young (Normal) (G1 Evacuation Pause) 348M->53M(512M) 7.378ms
[2020-04-25T17:18:32.803+0800][17.951s] GC(19) User=0.00s Sys=0.00s Real=0.01s
[2020-04-25T17:18:32.963+0800][18.111s] GC(20) Pause Young (Normal) (G1 Evacuation Pause)
[2020-04-25T17:18:32.963+0800][18.111s] GC(20) Using 4 workers of 4 for evacuation
[2020-04-25T17:18:32.970+0800][18.119s] GC(20)   Pre Evacuate Collection Set: 0.0ms
[2020-04-25T17:18:32.970+0800][18.119s] GC(20)   Evacuate Collection Set: 6.5ms
[2020-04-25T17:18:32.970+0800][18.119s] GC(20)   Post Evacuate Collection Set: 0.6ms
[2020-04-25T17:18:32.970+0800][18.119s] GC(20)   Other: 0.2ms
[2020-04-25T17:18:32.970+0800][18.119s] GC(20) Eden regions: 296->0(295)
[2020-04-25T17:18:32.970+0800][18.119s] GC(20) Survivor regions: 11->12(39)
[2020-04-25T17:18:32.970+0800][18.119s] GC(20) Old regions: 39->39
[2020-04-25T17:18:32.970+0800][18.119s] GC(20) Archive regions: 0->0
[2020-04-25T17:18:32.970+0800][18.119s] GC(20) Humongous regions: 4->4
[2020-04-25T17:18:32.970+0800][18.119s] GC(20) Metaspace: 47828K->47828K(1091584K)
[2020-04-25T17:18:32.970+0800][18.119s] GC(20) Pause Young (Normal) (G1 Evacuation Pause) 349M->53M(512M) 7.671ms
[2020-04-25T17:18:32.970+0800][18.119s] GC(20) User=0.06s Sys=0.00s Real=0.01s
[2020-04-25T17:18:33.118+0800][18.267s] GC(21) Pause Young (Normal) (G1 Evacuation Pause)
[2020-04-25T17:18:33.118+0800][18.267s] GC(21) Using 4 workers of 4 for evacuation
[2020-04-25T17:18:33.126+0800][18.275s] GC(21)   Pre Evacuate Collection Set: 0.0ms
[2020-04-25T17:18:33.126+0800][18.275s] GC(21)   Evacuate Collection Set: 6.9ms
[2020-04-25T17:18:33.126+0800][18.275s] GC(21)   Post Evacuate Collection Set: 0.6ms
[2020-04-25T17:18:33.126+0800][18.275s] GC(21)   Other: 0.3ms
[2020-04-25T17:18:33.126+0800][18.275s] GC(21) Eden regions: 295->0(295)
[2020-04-25T17:18:33.126+0800][18.275s] GC(21) Survivor regions: 12->12(39)
[2020-04-25T17:18:33.126+0800][18.275s] GC(21) Old regions: 39->39
[2020-04-25T17:18:33.126+0800][18.275s] GC(21) Archive regions: 0->0
[2020-04-25T17:18:33.126+0800][18.275s] GC(21) Humongous regions: 6->6
[2020-04-25T17:18:33.126+0800][18.275s] GC(21) Metaspace: 47828K->47828K(1091584K)
[2020-04-25T17:18:33.126+0800][18.275s] GC(21) Pause Young (Normal) (G1 Evacuation Pause) 350M->55M(512M) 8.070ms
[2020-04-25T17:18:33.126+0800][18.275s] GC(21) User=0.06s Sys=0.00s Real=0.01s
[2020-04-25T17:18:34.637+0800][19.786s] GC(22) Pause Young (Normal) (G1 Evacuation Pause)
[2020-04-25T17:18:34.637+0800][19.786s] GC(22) Using 4 workers of 4 for evacuation
[2020-04-25T17:18:34.644+0800][19.793s] GC(22)   Pre Evacuate Collection Set: 0.0ms
[2020-04-25T17:18:34.644+0800][19.793s] GC(22)   Evacuate Collection Set: 6.6ms
[2020-04-25T17:18:34.644+0800][19.793s] GC(22)   Post Evacuate Collection Set: 0.5ms
[2020-04-25T17:18:34.644+0800][19.793s] GC(22)   Other: 0.2ms
[2020-04-25T17:18:34.644+0800][19.793s] GC(22) Eden regions: 295->0(295)
[2020-04-25T17:18:34.645+0800][19.793s] GC(22) Survivor regions: 12->12(39)
[2020-04-25T17:18:34.645+0800][19.793s] GC(22) Old regions: 39->39
[2020-04-25T17:18:34.645+0800][19.793s] GC(22) Archive regions: 0->0
[2020-04-25T17:18:34.645+0800][19.793s] GC(22) Humongous regions: 7->6
[2020-04-25T17:18:34.645+0800][19.793s] GC(22) Metaspace: 47880K->47880K(1091584K)
[2020-04-25T17:18:34.645+0800][19.793s] GC(22) Pause Young (Normal) (G1 Evacuation Pause) 351M->56M(512M) 7.670ms
[2020-04-25T17:18:34.645+0800][19.793s] GC(22) User=0.06s Sys=0.00s Real=0.01s
[2020-04-25T17:19:05.346+0800][50.495s] GC(23) Pause Young (Normal) (G1 Evacuation Pause)
[2020-04-25T17:19:05.346+0800][50.495s] GC(23) Using 4 workers of 4 for evacuation
[2020-04-25T17:19:05.356+0800][50.505s] GC(23)   Pre Evacuate Collection Set: 0.1ms
[2020-04-25T17:19:05.356+0800][50.505s] GC(23)   Evacuate Collection Set: 8.6ms
[2020-04-25T17:19:05.356+0800][50.505s] GC(23)   Post Evacuate Collection Set: 0.5ms
[2020-04-25T17:19:05.356+0800][50.505s] GC(23)   Other: 0.4ms
[2020-04-25T17:19:05.356+0800][50.505s] GC(23) Eden regions: 295->0(301)
[2020-04-25T17:19:05.356+0800][50.505s] GC(23) Survivor regions: 12->6(39)
[2020-04-25T17:19:05.356+0800][50.505s] GC(23) Old regions: 39->39
[2020-04-25T17:19:05.356+0800][50.505s] GC(23) Archive regions: 0->0
[2020-04-25T17:19:05.356+0800][50.505s] GC(23) Humongous regions: 6->4
[2020-04-25T17:19:05.356+0800][50.505s] GC(23) Metaspace: 48507K->48507K(1093632K)
[2020-04-25T17:19:05.356+0800][50.505s] GC(23) Pause Young (Normal) (G1 Evacuation Pause) 351M->48M(512M) 10.011ms
[2020-04-25T17:19:05.356+0800][50.505s] GC(23) User=0.00s Sys=0.00s Real=0.01s
[2020-04-25T22:34:46.008+0800][18991.156s] GC(24) Pause Young (Normal) (G1 Evacuation Pause)
[2020-04-25T22:34:46.008+0800][18991.156s] GC(24) Using 4 workers of 4 for evacuation
[2020-04-25T22:34:48.433+0800][18993.582s] GC(24) MMU target violated: 251.0ms (250.0ms/251.0ms)
[2020-04-25T22:34:48.433+0800][18993.582s] GC(24)   Pre Evacuate Collection Set: 44.1ms
[2020-04-25T22:34:48.433+0800][18993.582s] GC(24)   Evacuate Collection Set: 2338.6ms
[2020-04-25T22:34:48.433+0800][18993.582s] GC(24)   Post Evacuate Collection Set: 2.1ms
[2020-04-25T22:34:48.433+0800][18993.582s] GC(24)   Other: 80.8ms
[2020-04-25T22:34:48.433+0800][18993.582s] GC(24) Eden regions: 301->0(18)
[2020-04-25T22:34:48.433+0800][18993.582s] GC(24) Survivor regions: 6->7(39)
[2020-04-25T22:34:48.433+0800][18993.582s] GC(24) Old regions: 39->39
[2020-04-25T22:34:48.433+0800][18993.582s] GC(24) Archive regions: 0->0
[2020-04-25T22:34:48.433+0800][18993.582s] GC(24) Humongous regions: 7->7
[2020-04-25T22:34:48.434+0800][18993.582s] GC(24) Metaspace: 50662K->50662K(1095680K)
[2020-04-25T22:34:48.434+0800][18993.582s] GC(24) Pause Young (Normal) (G1 Evacuation Pause) 352M->52M(512M) 2426.159ms
[2020-04-25T22:34:48.434+0800][18993.582s] GC(24) User=0.23s Sys=0.09s Real=2.43s
[2020-04-25T22:56:48.444+0800][20313.592s] GC(25) Pause Young (Normal) (G1 Evacuation Pause)
[2020-04-25T22:56:48.444+0800][20313.592s] GC(25) Using 4 workers of 4 for evacuation
[2020-04-25T22:56:48.640+0800][20313.789s] GC(25)   Pre Evacuate Collection Set: 0.0ms
[2020-04-25T22:56:48.640+0800][20313.789s] GC(25)   Evacuate Collection Set: 195.4ms
[2020-04-25T22:56:48.640+0800][20313.789s] GC(25)   Post Evacuate Collection Set: 0.7ms
[2020-04-25T22:56:48.640+0800][20313.789s] GC(25)   Other: 0.2ms
[2020-04-25T22:56:48.640+0800][20313.789s] GC(25) Eden regions: 18->0(22)
[2020-04-25T22:56:48.640+0800][20313.789s] GC(25) Survivor regions: 7->3(4)
[2020-04-25T22:56:48.640+0800][20313.789s] GC(25) Old regions: 39->44
[2020-04-25T22:56:48.640+0800][20313.789s] GC(25) Archive regions: 0->0
[2020-04-25T22:56:48.640+0800][20313.789s] GC(25) Humongous regions: 7->7
[2020-04-25T22:56:48.640+0800][20313.789s] GC(25) Metaspace: 50666K->50666K(1095680K)
[2020-04-25T22:56:48.661+0800][20313.809s] GC(25) Pause Young (Normal) (G1 Evacuation Pause) 70M->52M(512M) 216.838ms
[2020-04-25T22:56:48.661+0800][20313.809s] GC(25) User=0.05s Sys=0.03s Real=0.22s
